Component: ARM Compiler 6.16 Tool: armlink [5dfeaa00]

==============================================================================

Section Cross References

    gd32e23x_it.o(.ARM.exidx.text.NMI_Handler) refers to gd32e23x_it.o(.text.NMI_Handler) for [Anonymous Symbol]
    gd32e23x_it.o(.ARM.exidx.text.HardFault_Handler) refers to gd32e23x_it.o(.text.HardFault_Handler) for [Anonymous Symbol]
    gd32e23x_it.o(.ARM.exidx.text.SVC_Handler) refers to gd32e23x_it.o(.text.SVC_Handler) for [Anonymous Symbol]
    gd32e23x_it.o(.ARM.exidx.text.PendSV_Handler) refers to gd32e23x_it.o(.text.PendSV_Handler) for [Anonymous Symbol]
    gd32e23x_it.o(.ARM.exidx.text.EXTI0_1_IRQHandler) refers to gd32e23x_it.o(.text.EXTI0_1_IRQHandler) for [Anonymous Symbol]
    gd32e23x_it.o(.ARM.exidx.text.EXTI2_3_IRQHandler) refers to gd32e23x_it.o(.text.EXTI2_3_IRQHandler) for [Anonymous Symbol]
    gd32e23x_it.o(.text.EXTI4_15_IRQHandler) refers to gd32e23x_exti.o(.text.exti_interrupt_flag_get) for exti_interrupt_flag_get
    gd32e23x_it.o(.text.EXTI4_15_IRQHandler) refers to hf_gpio.o(.text.gpio_bit_output) for gpio_bit_output
    gd32e23x_it.o(.text.EXTI4_15_IRQHandler) refers to gd32e23x_timer.o(.text.timer_counter_value_config) for timer_counter_value_config
    gd32e23x_it.o(.text.EXTI4_15_IRQHandler) refers to gd32e23x_timer.o(.text.timer_enable) for timer_enable
    gd32e23x_it.o(.text.EXTI4_15_IRQHandler) refers to gd32e23x_timer.o(.text.timer_disable) for timer_disable
    gd32e23x_it.o(.text.EXTI4_15_IRQHandler) refers to gd32e23x_timer.o(.text.timer_counter_read) for timer_counter_read
    gd32e23x_it.o(.text.EXTI4_15_IRQHandler) refers to gd32e23x_exti.o(.text.exti_interrupt_flag_clear) for exti_interrupt_flag_clear
    gd32e23x_it.o(.text.EXTI4_15_IRQHandler) refers to gd32e23x_it.o(.bss.EXTI4_15_IRQHandler.status) for [Anonymous Symbol]
    gd32e23x_it.o(.text.EXTI4_15_IRQHandler) refers to hf_hc-sr04.o(.bss.g_overflow_times) for g_overflow_times
    gd32e23x_it.o(.text.EXTI4_15_IRQHandler) refers to hf_hc-sr04.o(.bss.g_current_time_value) for g_current_time_value
    gd32e23x_it.o(.text.EXTI4_15_IRQHandler) refers to hf_hc-sr04.o(.bss.g_flag_unhandler) for g_flag_unhandler
    gd32e23x_it.o(.ARM.exidx.text.EXTI4_15_IRQHandler) refers to gd32e23x_it.o(.text.EXTI4_15_IRQHandler) for [Anonymous Symbol]
    gd32e23x_it.o(.ARM.exidx.text.TIMER0_Channel_IRQHandler) refers to gd32e23x_it.o(.text.TIMER0_Channel_IRQHandler) for [Anonymous Symbol]
    gd32e23x_it.o(.ARM.exidx.text.TIMER2_IRQHandler) refers to gd32e23x_it.o(.text.TIMER2_IRQHandler) for [Anonymous Symbol]
    gd32e23x_it.o(.text.TIMER5_IRQHandler) refers to gd32e23x_timer.o(.text.timer_interrupt_flag_clear) for timer_interrupt_flag_clear
    gd32e23x_it.o(.text.TIMER5_IRQHandler) refers to hf_hc-sr04.o(.bss.g_overflow_times) for g_overflow_times
    gd32e23x_it.o(.ARM.exidx.text.TIMER5_IRQHandler) refers to gd32e23x_it.o(.text.TIMER5_IRQHandler) for [Anonymous Symbol]
    gd32e23x_it.o(.ARM.exidx.text.TIMER13_IRQHandler) refers to gd32e23x_it.o(.text.TIMER13_IRQHandler) for [Anonymous Symbol]
    gd32e23x_it.o(.ARM.exidx.text.TIMER14_IRQHandler) refers to gd32e23x_it.o(.text.TIMER14_IRQHandler) for [Anonymous Symbol]
    gd32e23x_it.o(.ARM.exidx.text.TIMER15_IRQHandler) refers to gd32e23x_it.o(.text.TIMER15_IRQHandler) for [Anonymous Symbol]
    gd32e23x_it.o(.ARM.exidx.text.TIMER16_IRQHandler) refers to gd32e23x_it.o(.text.TIMER16_IRQHandler) for [Anonymous Symbol]
    gd32e23x_it.o(.ARM.exidx.text.I2C0_EV_IRQHandler) refers to gd32e23x_it.o(.text.I2C0_EV_IRQHandler) for [Anonymous Symbol]
    gd32e23x_it.o(.ARM.exidx.text.I2C1_EV_IRQHandler) refers to gd32e23x_it.o(.text.I2C1_EV_IRQHandler) for [Anonymous Symbol]
    gd32e23x_it.o(.ARM.exidx.text.SPI0_IRQHandler) refers to gd32e23x_it.o(.text.SPI0_IRQHandler) for [Anonymous Symbol]
    gd32e23x_it.o(.ARM.exidx.text.SPI1_IRQHandler) refers to gd32e23x_it.o(.text.SPI1_IRQHandler) for [Anonymous Symbol]
    gd32e23x_it.o(.ARM.exidx.text.USART0_IRQHandler) refers to gd32e23x_it.o(.text.USART0_IRQHandler) for [Anonymous Symbol]
    gd32e23x_it.o(.ARM.exidx.text.USART1_IRQHandler) refers to gd32e23x_it.o(.text.USART1_IRQHandler) for [Anonymous Symbol]
    main.o(.ARM.exidx.text.abs) refers to main.o(.text.abs) for [Anonymous Symbol]
    main.o(.text.pwm_jt) refers to hf_l9110s_2.o(.text.l9110s_backward) for l9110s_backward
    main.o(.text.pwm_jt) refers to hf_l9110s_2.o(.text.l9110s_forward) for l9110s_forward
    main.o(.ARM.exidx.text.pwm_jt) refers to main.o(.text.pwm_jt) for [Anonymous Symbol]
    main.o(.text.pwm_jt1) refers to hf_l9110s_2.o(.text.l9110s_backward) for l9110s_backward
    main.o(.text.pwm_jt1) refers to hf_l9110s_2.o(.text.l9110s_forward) for l9110s_forward
    main.o(.ARM.exidx.text.pwm_jt1) refers to main.o(.text.pwm_jt1) for [Anonymous Symbol]
    main.o(.text.ren1) refers to car_motion.o(.text.car_stop) for car_stop
[...]
    car_reed.c                               0x00000000   Number         0  car_reed.o ABSOLUTE
    car_uart.c                               0x00000000   Number         0  car_uart.o ABSOLUTE
    car_value_process.c                      0x00000000   Number         0  car_value_process.o ABSOLUTE
    dc.s                                     0x00000000   Number         0  dc.o ABSOLUTE
    gd32e23x_adc.c                           0x00000000   Number         0  gd32e23x_adc.o ABSOLUTE
    gd32e23x_cmp.c                           0x00000000   Number         0  gd32e23x_cmp.o ABSOLUTE
    gd32e23x_crc.c                           0x00000000   Number         0  gd32e23x_crc.o ABSOLUTE
    gd32e23x_dbg.c                           0x00000000   Number         0  gd32e23x_dbg.o ABSOLUTE
    gd32e23x_dma.c                           0x00000000   Number         0  gd32e23x_dma.o ABSOLUTE
    gd32e23x_exti.c                          0x00000000   Number         0  gd32e23x_exti.o ABSOLUTE
    gd32e23x_fmc.c                           0x00000000   Number         0  gd32e23x_fmc.o ABSOLUTE
    gd32e23x_fwdgt.c                         0x00000000   Number         0  gd32e23x_fwdgt.o ABSOLUTE
    gd32e23x_gpio.c                          0x00000000   Number         0  gd32e23x_gpio.o ABSOLUTE
    gd32e23x_i2c.c                           0x00000000   Number         0  gd32e23x_i2c.o ABSOLUTE
    gd32e23x_it.c                            0x00000000   Number         0  gd32e23x_it.o ABSOLUTE
    gd32e23x_misc.c                          0x00000000   Number         0  gd32e23x_misc.o ABSOLUTE
    gd32e23x_pmu.c                           0x00000000   Number         0  gd32e23x_pmu.o ABSOLUTE
    gd32e23x_rcu.c                           0x00000000   Number         0  gd32e23x_rcu.o ABSOLUTE
    gd32e23x_rtc.c                           0x00000000   Number         0  gd32e23x_rtc.o ABSOLUTE
    gd32e23x_spi.c                           0x00000000   Number         0  gd32e23x_spi.o ABSOLUTE
    gd32e23x_syscfg.c                        0x00000000   Number         0  gd32e23x_syscfg.o ABSOLUTE
    gd32e23x_timer.c                         0x00000000   Number         0  gd32e23x_timer.o ABSOLUTE
    gd32e23x_usart.c                         0x00000000   Number         0  gd32e23x_usart.o ABSOLUTE
    gd32e23x_wwdgt.c                         0x00000000   Number         0  gd32e23x_wwdgt.o ABSOLUTE
    handlers.s                               0x00000000   Number         0  handlers.o ABSOLUTE
    hf_adc.c                                 0x00000000   Number         0  hf_adc.o ABSOLUTE
    hf_exti.c                                0x00000000   Number         0  hf_exti.o ABSOLUTE
    hf_flash.c                               0x00000000   Number         0  hf_flash.o ABSOLUTE
    hf_gpio.c                                0x00000000   Number         0  hf_gpio.o ABSOLUTE
    hf_i2c_hardware.c                        0x00000000   Number         0  hf_i2c_hardware.o ABSOLUTE
    hf_i2c_software.c                        0x00000000   Number         0  hf_i2c_software.o ABSOLUTE
    hf_pit.c                                 0x00000000   Number         0  hf_pit.o ABSOLUTE
    hf_pwm.c                                 0x00000000   Number         0  hf_pwm.o ABSOLUTE
    hf_qtimer.c                              0x00000000   Number         0  hf_qtimer.o ABSOLUTE
    hf_spi.c                                 0x00000000   Number         0  hf_spi.o ABSOLUTE
    hf_systick.c                             0x00000000   Number         0  hf_systick.o ABSOLUTE
    hf_uart.c                                0x00000000   Number         0  hf_uart.o ABSOLUTE
    init.s                                   0x00000000   Number         0  init.o ABSOLUTE
    main.c                                   0x00000000   Number         0  main.o ABSOLUTE
    system_gd32e23x.c                        0x00000000   Number         0  system_gd32e23x.o ABSOLUTE
    RESET                                    0x08000000   Section      204  startup_gd32e23x.o(RESET)
    .ARM.Collect$$$$00000000                 0x080000cc   Section        0  entry.o(.ARM.Collect$$$$00000000)
    .ARM.Collect$$$$00000001                 0x080000cc   Section        4  entry2.o(.ARM.Collect$$$$00000001)
    .ARM.Collect$$$$00000004                 0x080000d0   Section        4  entry5.o(.ARM.Collect$$$$00000004)
    .ARM.Collect$$$$00000008                 0x080000d4   Section        0  entry7b.o(.ARM.Collect$$$$00000008)
    .ARM.Collect$$$$0000000A                 0x080000d4   Section        0  entry8b.o(.ARM.Collect$$$$0000000A)
    .ARM.Collect$$$$0000000B                 0x080000d4   Section        8  entry9a.o(.ARM.Collect$$$$0000000B)
    __lit__00000000                          0x080000dc   Data           4  entry2.o(.ARM.Collect$$$$00002712)
    .ARM.Collect$$$$0000000D                 0x080000dc   Section        0  entry10a.o(.ARM.Collect$$$$0000000D)
    .ARM.Collect$$$$0000000F                 0x080000dc   Section        0  entry11a.o(.ARM.Collect$$$$0000000F)
    .ARM.Collect$$$$00002712                 0x080000dc   Section        4  entry2.o(.ARM.Collect$$$$00002712)
    .text                                    0x080000e0   Section       28  startup_gd32e23x.o(.text)
    .text                                    0x080000fc   Section        0  fadd.o(.text)
    .text                                    0x080001ae   Section        0  fmul.o(.text)
    .text                                    0x08000228   Section        0  fdiv.o(.text)
    .text                                    0x080002a4   Section        0  dadd.o(.text)
    .text                                    0x08000408   Section        0  dmul.o(.text)
    .text                                    0x080004d8   Section        0  ddiv.o(.text)
    .text                                    0x080005c8   Section        0  fflti.o(.text)
    .text                                    0x080005de   Section        0  ffltui.o(.text)
    .text                                    0x080005ec   Section        0  dflti.o(.text)
    .text                                    0x08000614   Section        0  ffixi.o(.text)
    .text                                    0x08000646   Section        0  ffixui.o(.text)
    .text                                    0x08000670   Section        0  dfixi.o(.text)
    .text                                    0x080006b8   Section        0  dfixui.o(.text)
    .text                                    0x080006f4   Section        0  f2d.o(.text)
    .text                                    0x0800071c   Section        0  d2f.o(.text)
    .text                                    0x08000754   Section        0  llshl.o(.text)
    .text                                    0x08000774   Section        0  llushr.o(.text)
    .text                                    0x08000796   Section        0  llsshr.o(.text)
    .text                                    0x080007bc   Section        0  iusefp.o(.text)
    .text                                    0x080007bc   Section        0  fepilogue.o(.text)
    .text                                    0x0800083e   Section        0  depilogue.o(.text)
    .text                                    0x080008fc   Section       36  init.o(.text)
    [Anonymous Symbol]                       0x08000920   Section        0  gd32e23x_it.o(.text.EXTI0_1_IRQHandler)
    [Anonymous Symbol]                       0x08000922   Section        0  gd32e23x_it.o(.text.EXTI2_3_IRQHandler)
    [Anonymous Symbol]                       0x08000924   Section        0  gd32e23x_it.o(.text.EXTI4_15_IRQHandler)
    __arm_cp.6_0                             0x080009ac   Number         4  gd32e23x_it.o(.text.EXTI4_15_IRQHandler)
    __arm_cp.6_1                             0x080009b0   Number         4  gd32e23x_it.o(.text.EXTI4_15_IRQHandler)
    __arm_cp.6_4                             0x080009b4   Number         4  gd32e23x_it.o(.text.EXTI4_15_IRQHandler)
    __arm_cp.6_5                             0x080009b8   Number         4  gd32e23x_it.o(.text.EXTI4_15_IRQHandler)
    [Anonymous Symbol]                       0x080009bc   Section        0  gd32e23x_it.o(.text.HardFault_Handler)
    [Anonymous Symbol]                       0x080009c0   Section        0  gd32e23x_it.o(.text.I2C0_EV_IRQHandler)
    [Anonymous Symbol]                       0x080009c2   Section        0  gd32e23x_it.o(.text.I2C1_EV_IRQHandler)
    [Anonymous Symbol]                       0x080009c4   Section        0  gd32e23x_it.o(.text.NMI_Handler)
    [Anonymous Symbol]                       0x080009c6   Section        0  gd32e23x_it.o(.text.PendSV_Handler)
    [Anonymous Symbol]                       0x080009c8   Section        0  gd32e23x_it.o(.text.SPI0_IRQHandler)
    [Anonymous Symbol]                       0x080009ca   Section        0  gd32e23x_it.o(.text.SPI1_IRQHandler)
    [Anonymous Symbol]                       0x080009cc   Section        0  gd32e23x_it.o(.text.SVC_Handler)
    [Anonymous Symbol]                       0x080009d0   Section        0  system_gd32e23x.o(.text.SystemInit)
    __arm_cp.0_0                             0x08000a58   Number         4  system_gd32e23x.o(.text.SystemInit)
    __arm_cp.0_1                             0x08000a5c   Number         4  system_gd32e23x.o(.text.SystemInit)
    __arm_cp.0_2                             0x08000a60   Number         4  system_gd32e23x.o(.text.SystemInit)
    __arm_cp.0_3                             0x08000a64   Number         4  system_gd32e23x.o(.text.SystemInit)
    __arm_cp.0_4                             0x08000a68   Number         4  system_gd32e23x.o(.text.SystemInit)
    __arm_cp.0_5                             0x08000a6c   Number         4  system_gd32e23x.o(.text.SystemInit)
    __arm_cp.0_6                             0x08000a70   Number         4  system_gd32e23x.o(.text.SystemInit)
    __arm_cp.0_7                             0x08000a74   Number         4  system_gd32e23x.o(.text.SystemInit)
    __arm_cp.0_8                             0x08000a78   Number         4  system_gd32e23x.o(.text.SystemInit)
    [Anonymous Symbol]                       0x08000a7c   Section        0  gd32e23x_it.o(.text.TIMER0_Channel_IRQHandler)
    [Anonymous Symbol]                       0x08000a7e   Section        0  gd32e23x_it.o(.text.TIMER13_IRQHandler)
    [Anonymous Symbol]                       0x08000a80   Section        0  gd32e23x_it.o(.text.TIMER14_IRQHandler)
    [Anonymous Symbol]                       0x08000a82   Section        0  gd32e23x_it.o(.text.TIMER15_IRQHandler)
    [Anonymous Symbol]                       0x08000a84   Section        0  gd32e23x_it.o(.text.TIMER16_IRQHandler)
    [Anonymous Symbol]                       0x08000a86   Section        0  gd32e23x_it.o(.text.TIMER2_IRQHandler)
    [Anonymous Symbol]                       0x08000a88   Section        0  gd32e23x_it.o(.text.TIMER5_IRQHandler)
    __arm_cp.9_0                             0x08000a9c   Number         4  gd32e23x_it.o(.text.TIMER5_IRQHandler)
    __arm_cp.9_1                             0x08000aa0   Number         4  gd32e23x_it.o(.text.TIMER5_IRQHandler)
    [Anonymous Symbol]                       0x08000aa4   Section        0  gd32e23x_it.o(.text.USART0_IRQHandler)
    [Anonymous Symbol]                       0x08000aa6   Section        0  gd32e23x_it.o(.text.USART1_IRQHandler)
    __NVIC_EnableIRQ                         0x08000aa9   Thumb Code    48  gd32e23x_misc.o(.text.__NVIC_EnableIRQ)
    [Anonymous Symbol]                       0x08000aa8   Section        0  gd32e23x_misc.o(.text.__NVIC_EnableIRQ)
    __arm_cp.2_0                             0x08000ad8   Number         4  gd32e23x_misc.o(.text.__NVIC_EnableIRQ)
    __NVIC_SetPriority                       0x08000add   Thumb Code   128  gd32e23x_misc.o(.text.__NVIC_SetPriority)
    [Anonymous Symbol]                       0x08000adc   Section        0  gd32e23x_misc.o(.text.__NVIC_SetPriority)
    __arm_cp.1_0                             0x08000b5c   Number         4  gd32e23x_misc.o(.text.__NVIC_SetPriority)
    __arm_cp.1_1                             0x08000b60   Number         4  gd32e23x_misc.o(.text.__NVIC_SetPriority)
    [Anonymous Symbol]                       0x08000b64   Section        0  main.o(.text.abs)
    [Anonymous Symbol]                       0x08000b84   Section        0  gd32e23x_adc.o(.text.adc_calibration_enable)
    [Anonymous Symbol]                       0x08000bbc   Section        0  car_adc.o(.text.adc_channel_init)
    [Anonymous Symbol]                       0x08000bcc   Section        0  hf_adc.o(.text.adc_convert)
    [Anonymous Symbol]                       0x08000c00   Section        0  gd32e23x_adc.o(.text.adc_data_alignment_config)
    [Anonymous Symbol]                       0x08000c2c   Section        0  gd32e23x_adc.o(.text.adc_deinit)
    __arm_cp.0_0                             0x08000c44   Number         4  gd32e23x_adc.o(.text.adc_deinit)
    [Anonymous Symbol]                       0x08000c48   Section        0  gd32e23x_adc.o(.text.adc_enable)
    [Anonymous Symbol]                       0x08000c60   Section        0  gd32e23x_adc.o(.text.adc_external_trigger_config)
    [Anonymous Symbol]                       0x08000cdc   Section        0  gd32e23x_adc.o(.text.adc_external_trigger_source_config)
    __arm_cp.16_0                            0x08000d2c   Number         4  gd32e23x_adc.o(.text.adc_external_trigger_source_config)
    [Anonymous Symbol]                       0x08000d30   Section        0  gd32e23x_adc.o(.text.adc_flag_clear)
    [Anonymous Symbol]                       0x08000d44   Section        0  gd32e23x_adc.o(.text.adc_flag_get)
    __arm_cp.20_0                            0x08000d6c   Number         4  gd32e23x_adc.o(.text.adc_flag_get)
    [Anonymous Symbol]                       0x08000d70   Section        0  hf_adc.o(.text.adc_init)
    __arm_cp.0_0                             0x08000ee0   Number         4  hf_adc.o(.text.adc_init)
    __arm_cp.0_1                             0x08000ee4   Number         4  hf_adc.o(.text.adc_init)
    __arm_cp.0_2                             0x08000ee8   Number         4  hf_adc.o(.text.adc_init)
    __arm_cp.0_3                             0x08000eec   Number         4  hf_adc.o(.text.adc_init)
    [Anonymous Symbol]                       0x08000ef0   Section        0  hf_adc.o(.text.adc_mean_filter)
    [Anonymous Symbol]                       0x08000fac   Section        0  gd32e23x_adc.o(.text.adc_regular_channel_config)
    __arm_cp.12_0                            0x080010f4   Number         4  gd32e23x_adc.o(.text.adc_regular_channel_config)
    __arm_cp.12_1                            0x080010f8   Number         4  gd32e23x_adc.o(.text.adc_regular_channel_config)
    __arm_cp.12_2                            0x080010fc   Number         4  gd32e23x_adc.o(.text.adc_regular_channel_config)
    __arm_cp.12_3                            0x08001100   Number         4  gd32e23x_adc.o(.text.adc_regular_channel_config)
    __arm_cp.12_4                            0x08001104   Number         4  gd32e23x_adc.o(.text.adc_regular_channel_config)
    [Anonymous Symbol]                       0x08001108   Section        0  gd32e23x_adc.o(.text.adc_regular_data_read)
    __arm_cp.18_0                            0x08001110   Number         4  gd32e23x_adc.o(.text.adc_regular_data_read)
    [Anonymous Symbol]                       0x08001114   Section        0  gd32e23x_adc.o(.text.adc_software_trigger_enable)
    [Anonymous Symbol]                       0x08001150   Section        0  gd32e23x_adc.o(.text.adc_special_function_config)
    __arm_cp.9_0                             0x080011fc   Number         4  gd32e23x_adc.o(.text.adc_special_function_config)
    __arm_cp.9_1                             0x08001200   Number         4  gd32e23x_adc.o(.text.adc_special_function_config)
    [Anonymous Symbol]                       0x08001204   Section        0  car_buzzer.o(.text.buzzer_init)
    __arm_cp.0_0                             0x08001228   Number         4  car_buzzer.o(.text.buzzer_init)
    __arm_cp.0_1                             0x0800122c   Number         4  car_buzzer.o(.text.buzzer_init)
    [Anonymous Symbol]                       0x08001230   Section        0  car_light.o(.text.car_both_rgb_flash)
    [Anonymous Symbol]                       0x080014b0   Section        0  car_light.o(.text.car_both_rgb_off)
    __arm_cp.2_0                             0x080014cc   Number         4  car_light.o(.text.car_both_rgb_off)
    [Anonymous Symbol]                       0x080014d0   Section        0  car_light.o(.text.car_both_rgb_on)
    __arm_cp.0_0                             0x080015e0   Number         4  car_light.o(.text.car_both_rgb_on)
    __arm_cp.0_1                             0x080015e4   Number         4  car_light.o(.text.car_both_rgb_on)
    __arm_cp.0_2                             0x080015e8   Number         4  car_light.o(.text.car_both_rgb_on)
    __arm_cp.0_3                             0x080015ec   Number         4  car_light.o(.text.car_both_rgb_on)
    __arm_cp.0_4                             0x080015f0   Number         4  car_light.o(.text.car_both_rgb_on)
    __arm_cp.0_5                             0x080015f4   Number         4  car_light.o(.text.car_both_rgb_on)
    __arm_cp.0_6                             0x080015f8   Number         4  car_light.o(.text.car_both_rgb_on)
    __arm_cp.0_7                             0x080015fc   Number         4  car_light.o(.text.car_both_rgb_on)
    [Anonymous Symbol]                       0x08001600   Section        0  car_init.o(.text.car_init)
    __arm_cp.0_0                             0x08001678   Number         4  car_init.o(.text.car_init)
    [Anonymous Symbol]                       0x0800167c   Section        0  car_light.o(.text.car_left_rgb_flash)
    __arm_cp.1_0                             0x080018ec   Number         4  car_light.o(.text.car_left_rgb_flash)
    __arm_cp.1_1                             0x080018f0   Number         4  car_light.o(.text.car_left_rgb_flash)
    __arm_cp.1_2                             0x080018f4   Number         4  car_light.o(.text.car_left_rgb_flash)
    __arm_cp.1_3                             0x080018f8   Number         4  car_light.o(.text.car_left_rgb_flash)
    __arm_cp.1_4                             0x080018fc   Number         4  car_light.o(.text.car_left_rgb_flash)
    __arm_cp.1_5                             0x08001900   Number         4  car_light.o(.text.car_left_rgb_flash)
    __arm_cp.1_6                             0x08001904   Number         4  car_light.o(.text.car_left_rgb_flash)
    __arm_cp.1_7                             0x08001908   Number         4  car_light.o(.text.car_left_rgb_flash)
    __arm_cp.1_8                             0x0800190c   Number         4  car_light.o(.text.car_left_rgb_flash)
    [Anonymous Symbol]                       0x08001910   Section        0  car_light.o(.text.car_right_rgb_flash)
    __arm_cp.3_0                             0x08001b80   Number         4  car_light.o(.text.car_right_rgb_flash)
    __arm_cp.3_1                             0x08001b84   Number         4  car_light.o(.text.car_right_rgb_flash)
    __arm_cp.3_2                             0x08001b88   Number         4  car_light.o(.text.car_right_rgb_flash)
    __arm_cp.3_3                             0x08001b8c   Number         4  car_light.o(.text.car_right_rgb_flash)
    __arm_cp.3_4                             0x08001b90   Number         4  car_light.o(.text.car_right_rgb_flash)
    __arm_cp.3_5                             0x08001b94   Number         4  car_light.o(.text.car_right_rgb_flash)
    __arm_cp.3_6                             0x08001b98   Number         4  car_light.o(.text.car_right_rgb_flash)
    __arm_cp.3_7                             0x08001b9c   Number         4  car_light.o(.text.car_right_rgb_flash)
    __arm_cp.3_8                             0x08001ba0   Number         4  car_light.o(.text.car_right_rgb_flash)
    [Anonymous Symbol]                       0x08001ba4   Section        0  car_motion.o(.text.car_stop)
    [Anonymous Symbol]                       0x08001bc0   Section        0  car_motion.o(.text.car_turnleft1)
    [Anonymous Symbol]                       0x08001bdc   Section        0  car_motion.o(.text.car_turnright1)
    __arm_cp.5_0                             0x08001bf8   Number         4  car_motion.o(.text.car_turnright1)
    [Anonymous Symbol]                       0x08001bfc   Section        0  hf_systick.o(.text.delay_1ms)
    __arm_cp.2_0                             0x08001c6c   Number         4  hf_systick.o(.text.delay_1ms)
    [Anonymous Symbol]                       0x08001c70   Section        0  hf_systick.o(.text.delay_1us)
    __arm_cp.1_0                             0x08001ce0   Number         4  hf_systick.o(.text.delay_1us)
    __arm_cp.1_1                             0x08001ce4   Number         4  hf_systick.o(.text.delay_1us)
    __arm_cp.1_2                             0x08001ce8   Number         4  hf_systick.o(.text.delay_1us)
    __arm_cp.1_3                             0x08001cec   Number         4  hf_systick.o(.text.delay_1us)
    [Anonymous Symbol]                       0x08001cf0   Section        0  gd32e23x_exti.o(.text.exti_init)
    __arm_cp.1_1                             0x08001dc0   Number         4  gd32e23x_exti.o(.text.exti_init)
    __arm_cp.1_2                             0x08001dc4   Number         4  gd32e23x_exti.o(.text.exti_init)
    __arm_cp.1_3                             0x08001dc8   Number         4  gd32e23x_exti.o(.text.exti_init)
    [Anonymous Symbol]                       0x08001dcc   Section        0  gd32e23x_exti.o(.text.exti_interrupt_enable)
    [Anonymous Symbol]                       0x08001de0   Section        0  gd32e23x_exti.o(.text.exti_interrupt_flag_clear)
    [Anonymous Symbol]                       0x08001df0   Section        0  gd32e23x_exti.o(.text.exti_interrupt_flag_get)
    __arm_cp.10_0                            0x08001e2c   Number         4  gd32e23x_exti.o(.text.exti_interrupt_flag_get)
    __arm_cp.10_1                            0x08001e30   Number         4  gd32e23x_exti.o(.text.exti_interrupt_flag_get)
    [Anonymous Symbol]                       0x08001e34   Section        0  gd32e23x_gpio.o(.text.gpio_af_set)
    [Anonymous Symbol]                       0x08001ef4   Section        0  hf_gpio.o(.text.gpio_bit_output)
    [Anonymous Symbol]                       0x08001f1e   Section        0  gd32e23x_gpio.o(.text.gpio_bit_reset)
    [Anonymous Symbol]                       0x08001f2e   Section        0  gd32e23x_gpio.o(.text.gpio_bit_set)
    [Anonymous Symbol]                       0x08001f3e   Section        0  hf_gpio.o(.text.gpio_get_input)
    [Anonymous Symbol]                       0x08001f6c   Section        0  hf_gpio.o(.text.gpio_init)
    __arm_cp.0_7                             0x08002348   Number         4  hf_gpio.o(.text.gpio_init)
    __arm_cp.0_8                             0x0800234c   Number         4  hf_gpio.o(.text.gpio_init)
    __arm_cp.0_9                             0x08002350   Number         4  hf_gpio.o(.text.gpio_init)
    __arm_cp.0_10                            0x08002354   Number         4  hf_gpio.o(.text.gpio_init)
    __arm_cp.0_11                            0x08002358   Number         4  hf_gpio.o(.text.gpio_init)
    __arm_cp.0_12                            0x0800235c   Number         4  hf_gpio.o(.text.gpio_init)
    __arm_cp.0_13                            0x08002360   Number         4  hf_gpio.o(.text.gpio_init)
    [Anonymous Symbol]                       0x080023b6   Section        0  gd32e23x_gpio.o(.text.gpio_input_bit_get)
    [Anonymous Symbol]                       0x080023e0   Section        0  gd32e23x_gpio.o(.text.gpio_mode_set)
    [Anonymous Symbol]                       0x0800246e   Section        0  gd32e23x_gpio.o(.text.gpio_output_options_set)
    [Anonymous Symbol]                       0x080024f8   Section        0  car_init.o(.text.int_init)
    [Anonymous Symbol]                       0x080024fc   Section        0  car_4keys.o(.text.key_init)
    [Anonymous Symbol]                       0x08002568   Section        0  hf_l9110s_2.o(.text.l9110s_backward)
    [Anonymous Symbol]                       0x080025c0   Section        0  hf_l9110s_2.o(.text.l9110s_forward)
    [Anonymous Symbol]                       0x08002618   Section        0  hf_l9110s_2.o(.text.l9110s_init)
    __arm_cp.0_0                             0x080026b4   Number         4  hf_l9110s_2.o(.text.l9110s_init)
    __arm_cp.0_1                             0x080026b8   Number         4  hf_l9110s_2.o(.text.l9110s_init)
    __arm_cp.0_2                             0x080026bc   Number         4  hf_l9110s_2.o(.text.l9110s_init)
    __arm_cp.0_3                             0x080026c0   Number         4  hf_l9110s_2.o(.text.l9110s_init)
    __arm_cp.0_4                             0x080026c4   Number         4  hf_l9110s_2.o(.text.l9110s_init)
    __arm_cp.0_5                             0x080026c8   Number         4  hf_l9110s_2.o(.text.l9110s_init)
    [Anonymous Symbol]                       0x080026cc   Section        0  main.o(.text.main)
    __arm_cp.8_0                             0x08002a04   Number         4  main.o(.text.main)
    __arm_cp.8_1                             0x08002a08   Number         4  main.o(.text.main)
    __arm_cp.8_2                             0x08002a0c   Number         4  main.o(.text.main)
    __arm_cp.8_3                             0x08002a10   Number         4  main.o(.text.main)
    __arm_cp.8_4                             0x08002a14   Number         4  main.o(.text.main)
    __arm_cp.8_5                             0x08002a18   Number         4  main.o(.text.main)
    __arm_cp.8_6                             0x08002a1c   Number         4  main.o(.text.main)
    __arm_cp.8_7                             0x08002a20   Number         4  main.o(.text.main)
    __arm_cp.8_8                             0x08002a24   Number         4  main.o(.text.main)
    __arm_cp.8_9                             0x08002a28   Number         4  main.o(.text.main)
    __arm_cp.8_10                            0x08002a2c   Number         4  main.o(.text.main)
    __arm_cp.8_11                            0x08002a30   Number         4  main.o(.text.main)
    __arm_cp.8_12                            0x08002a34   Number         4  main.o(.text.main)
    __arm_cp.8_13                            0x08002a38   Number         4  main.o(.text.main)
    __arm_cp.8_14                            0x08002a3c   Number         4  main.o(.text.main)
    __arm_cp.8_15                            0x08002a40   Number         4  main.o(.text.main)
    __arm_cp.8_16                            0x08002a44   Number         4  main.o(.text.main)
    __arm_cp.8_19                            0x08002a48   Number         4  main.o(.text.main)
    __arm_cp.8_20                            0x08002a4c   Number         4  main.o(.text.main)
    __arm_cp.8_21                            0x08002a50   Number         4  main.o(.text.main)
    [Anonymous Symbol]                       0x08002a54   Section        0  gd32e23x_misc.o(.text.nvic_irq_enable)
    [Anonymous Symbol]                       0x08002a80   Section        0  gd32e23x_misc.o(.text.nvic_vector_table_set)
    __arm_cp.7_0                             0x08002a98   Number         4  gd32e23x_misc.o(.text.nvic_vector_table_set)
    __arm_cp.7_1                             0x08002a9c   Number         4  gd32e23x_misc.o(.text.nvic_vector_table_set)
    [Anonymous Symbol]                       0x08002aa0   Section        0  hf_pwm.o(.text.pwm_duty)
    __arm_cp.2_7                             0x08002b4c   Number         4  hf_pwm.o(.text.pwm_duty)
    [Anonymous Symbol]                       0x08002b50   Section        0  hf_pwm.o(.text.pwm_init)
    __arm_cp.0_0                             0x08002ca0   Number         4  hf_pwm.o(.text.pwm_init)
    __arm_cp.0_1                             0x08002ca4   Number         4  hf_pwm.o(.text.pwm_init)
    __arm_cp.0_2                             0x08002ca8   Number         4  hf_pwm.o(.text.pwm_init)
    __arm_cp.0_3                             0x08002cac   Number         4  hf_pwm.o(.text.pwm_init)
    __arm_cp.0_4                             0x08002cb0   Number         4  hf_pwm.o(.text.pwm_init)
    __arm_cp.0_5                             0x08002cb4   Number         4  hf_pwm.o(.text.pwm_init)
    __arm_cp.0_6                             0x08002cb8   Number         4  hf_pwm.o(.text.pwm_init)
    __arm_cp.0_7                             0x08002cbc   Number         4  hf_pwm.o(.text.pwm_init)
    __arm_cp.0_8                             0x08002cc0   Number         4  hf_pwm.o(.text.pwm_init)
    __arm_cp.0_9                             0x08002cc4   Number         4  hf_pwm.o(.text.pwm_init)
    __arm_cp.0_10                            0x08002cc8   Number         4  hf_pwm.o(.text.pwm_init)
    __arm_cp.0_11                            0x08002ccc   Number         4  hf_pwm.o(.text.pwm_init)
    [Anonymous Symbol]                       0x08002cd0   Section        0  main.o(.text.pwm_jt)
    [Anonymous Symbol]                       0x08002cec   Section        0  main.o(.text.pwm_jt1)
    __arm_cp.2_0                             0x08002d08   Number         4  main.o(.text.pwm_jt1)
    [Anonymous Symbol]                       0x08002d0c   Section        0  gd32e23x_rcu.o(.text.rcu_adc_clock_config)
    __arm_cp.14_0                            0x08002e8c   Number         4  gd32e23x_rcu.o(.text.rcu_adc_clock_config)
    __arm_cp.14_1                            0x08002e90   Number         4  gd32e23x_rcu.o(.text.rcu_adc_clock_config)
    __arm_cp.14_2                            0x08002e94   Number         4  gd32e23x_rcu.o(.text.rcu_adc_clock_config)
    [Anonymous Symbol]                       0x08002e98   Section        0  gd32e23x_rcu.o(.text.rcu_clock_freq_get)
    __arm_cp.38_0                            0x0800316c   Number         4  gd32e23x_rcu.o(.text.rcu_clock_freq_get)
    __arm_cp.38_1                            0x08003170   Number         4  gd32e23x_rcu.o(.text.rcu_clock_freq_get)
    __arm_cp.38_2                            0x08003174   Number         4  gd32e23x_rcu.o(.text.rcu_clock_freq_get)
    __arm_cp.38_3                            0x08003178   Number         4  gd32e23x_rcu.o(.text.rcu_clock_freq_get)
    __arm_cp.38_4                            0x0800317c   Number         4  gd32e23x_rcu.o(.text.rcu_clock_freq_get)
    __arm_cp.38_5                            0x08003180   Number         4  gd32e23x_rcu.o(.text.rcu_clock_freq_get)
    __arm_cp.38_6                            0x08003184   Number         4  gd32e23x_rcu.o(.text.rcu_clock_freq_get)
    __arm_cp.38_7                            0x08003188   Number         4  gd32e23x_rcu.o(.text.rcu_clock_freq_get)
    __arm_cp.38_8                            0x0800318c   Number         4  gd32e23x_rcu.o(.text.rcu_clock_freq_get)
    [Anonymous Symbol]                       0x08003190   Section        0  gd32e23x_rcu.o(.text.rcu_periph_clock_enable)
    [Anonymous Symbol]                       0x080031b4   Section        0  gd32e23x_rcu.o(.text.rcu_periph_reset_disable)
    [Anonymous Symbol]                       0x080031d8   Section        0  gd32e23x_rcu.o(.text.rcu_periph_reset_enable)
    [Anonymous Symbol]                       0x080031fc   Section        0  car_reed.o(.text.reed_check)
    __arm_cp.1_0                             0x08003220   Number         4  car_reed.o(.text.reed_check)
    [Anonymous Symbol]                       0x08003224   Section        0  car_reed.o(.text.reed_init)
    [Anonymous Symbol]                       0x08003236   Section        0  main.o(.text.ren1)
    [Anonymous Symbol]                       0x08003256   Section        0  main.o(.text.ren3)
    [Anonymous Symbol]                       0x0800327c   Section        0  main.o(.text.ren5)
    [Anonymous Symbol]                       0x080032a4   Section        0  gd32e23x_syscfg.o(.text.syscfg_exti_line_config)
    __arm_cp.5_0                             0x08003348   Number         4  gd32e23x_syscfg.o(.text.syscfg_exti_line_config)
    __arm_cp.5_1                             0x0800334c   Number         4  gd32e23x_syscfg.o(.text.syscfg_exti_line_config)
    __arm_cp.5_2                             0x08003350   Number         4  gd32e23x_syscfg.o(.text.syscfg_exti_line_config)
    __arm_cp.5_3                             0x08003354   Number         4  gd32e23x_syscfg.o(.text.syscfg_exti_line_config)
    system_clock_72m_hxtal                   0x08003359   Thumb Code   208  system_gd32e23x.o(.text.system_clock_72m_hxtal)
    [Anonymous Symbol]                       0x08003358   Section        0  system_gd32e23x.o(.text.system_clock_72m_hxtal)
    __arm_cp.3_0                             0x08003428   Number         4  system_gd32e23x.o(.text.system_clock_72m_hxtal)
    __arm_cp.3_1                             0x0800342c   Number         4  system_gd32e23x.o(.text.system_clock_72m_hxtal)
    __arm_cp.3_2                             0x08003430   Number         4  system_gd32e23x.o(.text.system_clock_72m_hxtal)
    __arm_cp.3_3                             0x08003434   Number         4  system_gd32e23x.o(.text.system_clock_72m_hxtal)
    __arm_cp.3_4                             0x08003438   Number         4  system_gd32e23x.o(.text.system_clock_72m_hxtal)
    system_clock_config                      0x0800343d   Thumb Code     8  system_gd32e23x.o(.text.system_clock_config)
    [Anonymous Symbol]                       0x0800343c   Section        0  system_gd32e23x.o(.text.system_clock_config)
    [Anonymous Symbol]                       0x08003444   Section        0  gd32e23x_misc.o(.text.systick_clksource_set)
    __arm_cp.10_0                            0x0800346c   Number         4  gd32e23x_misc.o(.text.systick_clksource_set)
    [Anonymous Symbol]                       0x08003470   Section        0  hf_systick.o(.text.systick_config)
    __arm_cp.0_0                             0x0800349c   Number         4  hf_systick.o(.text.systick_config)
    __arm_cp.0_1                             0x080034a0   Number         4  hf_systick.o(.text.systick_config)
    __arm_cp.0_2                             0x080034a4   Number         4  hf_systick.o(.text.systick_config)
    __arm_cp.0_3                             0x080034a8   Number         4  hf_systick.o(.text.systick_config)
    __arm_cp.0_4                             0x080034ac   Number         4  hf_systick.o(.text.systick_config)
    [Anonymous Symbol]                       0x080034b0   Section        0  gd32e23x_timer.o(.text.timer_auto_reload_shadow_enable)
    [Anonymous Symbol]                       0x080034c4   Section        0  gd32e23x_timer.o(.text.timer_channel_output_config)
    __arm_cp.42_0                            0x080037a8   Number         4  gd32e23x_timer.o(.text.timer_channel_output_config)
    __arm_cp.42_1                            0x080037ac   Number         4  gd32e23x_timer.o(.text.timer_channel_output_config)
    __arm_cp.42_2                            0x080037b0   Number         4  gd32e23x_timer.o(.text.timer_channel_output_config)
    __arm_cp.42_3                            0x080037b4   Number         4  gd32e23x_timer.o(.text.timer_channel_output_config)
    [Anonymous Symbol]                       0x080037b8   Section        0  gd32e23x_timer.o(.text.timer_channel_output_mode_config)
    [Anonymous Symbol]                       0x08003858   Section        0  gd32e23x_timer.o(.text.timer_channel_output_pulse_value_config)
    [Anonymous Symbol]                       0x080038ac   Section        0  gd32e23x_timer.o(.text.timer_channel_output_shadow_config)
    [Anonymous Symbol]                       0x0800394a   Section        0  gd32e23x_timer.o(.text.timer_counter_read)
    [Anonymous Symbol]                       0x0800395e   Section        0  gd32e23x_timer.o(.text.timer_counter_value_config)
    [Anonymous Symbol]                       0x08003970   Section        0  gd32e23x_timer.o(.text.timer_deinit)
    __arm_cp.0_1                             0x08003a38   Number         4  gd32e23x_timer.o(.text.timer_deinit)
    __arm_cp.0_3                             0x08003a3c   Number         4  gd32e23x_timer.o(.text.timer_deinit)
    __arm_cp.0_4                             0x08003a40   Number         4  gd32e23x_timer.o(.text.timer_deinit)
    __arm_cp.0_7                             0x08003a44   Number         4  gd32e23x_timer.o(.text.timer_deinit)
    __arm_cp.0_8                             0x08003a48   Number         4  gd32e23x_timer.o(.text.timer_deinit)
    __arm_cp.0_9                             0x08003a4c   Number         4  gd32e23x_timer.o(.text.timer_deinit)
    __arm_cp.0_10                            0x08003a50   Number         4  gd32e23x_timer.o(.text.timer_deinit)
    __arm_cp.0_11                            0x08003a54   Number         4  gd32e23x_timer.o(.text.timer_deinit)
    [Anonymous Symbol]                       0x08003a58   Section        0  gd32e23x_timer.o(.text.timer_disable)
    [Anonymous Symbol]                       0x08003a6a   Section        0  gd32e23x_timer.o(.text.timer_enable)
    [Anonymous Symbol]                       0x08003a7c   Section        0  gd32e23x_timer.o(.text.timer_flag_clear)
    [Anonymous Symbol]                       0x08003a8e   Section        0  gd32e23x_timer.o(.text.timer_flag_get)
    [Anonymous Symbol]                       0x08003ab8   Section        0  gd32e23x_timer.o(.text.timer_init)
    __arm_cp.2_0                             0x08003b9c   Number         4  gd32e23x_timer.o(.text.timer_init)
    __arm_cp.2_1                             0x08003ba0   Number         4  gd32e23x_timer.o(.text.timer_init)
    __arm_cp.2_2                             0x08003ba4   Number         4  gd32e23x_timer.o(.text.timer_init)
    __arm_cp.2_3                             0x08003ba8   Number         4  gd32e23x_timer.o(.text.timer_init)
    __arm_cp.2_4                             0x08003bac   Number         4  gd32e23x_timer.o(.text.timer_init)
    __arm_cp.2_5                             0x08003bb0   Number         4  gd32e23x_timer.o(.text.timer_init)
    [Anonymous Symbol]                       0x08003bb4   Section        0  gd32e23x_timer.o(.text.timer_interrupt_enable)
    [Anonymous Symbol]                       0x08003bc8   Section        0  gd32e23x_timer.o(.text.timer_interrupt_flag_clear)
    [Anonymous Symbol]                       0x08003bda   Section        0  gd32e23x_timer.o(.text.timer_primary_output_config)
    [Anonymous Symbol]                       0x08003c0c   Section        0  hf_tm1637.o(.text.tm1637_init)
    [Anonymous Symbol]                       0x08003c2c   Section        0  car_uart.o(.text.uart0_init)
    [Anonymous Symbol]                       0x08003c54   Section        0  hf_uart.o(.text.uart_init)
    __arm_cp.0_1                             0x08003e08   Number         4  hf_uart.o(.text.uart_init)
    __arm_cp.0_2                             0x08003e0c   Number         4  hf_uart.o(.text.uart_init)
    __arm_cp.0_3                             0x08003e10   Number         4  hf_uart.o(.text.uart_init)
    __arm_cp.0_4                             0x08003e14   Number         4  hf_uart.o(.text.uart_init)
    __arm_cp.0_5                             0x08003e18   Number         4  hf_uart.o(.text.uart_init)
    __arm_cp.0_6                             0x08003e1c   Number         4  hf_uart.o(.text.uart_init)
    __arm_cp.0_9                             0x08003e20   Number         4  hf_uart.o(.text.uart_init)
    __arm_cp.0_10                            0x08003e24   Number         4  hf_uart.o(.text.uart_init)
    [Anonymous Symbol]                       0x08003e28   Section        0  hf_hc-sr04.o(.text.ultra_get_distance)
    __arm_cp.1_4                             0x08003ee4   Number         4  hf_hc-sr04.o(.text.ultra_get_distance)
    __arm_cp.1_5                             0x08003ee8   Number         4  hf_hc-sr04.o(.text.ultra_get_distance)
    __arm_cp.1_6                             0x08003eec   Number         4  hf_hc-sr04.o(.text.ultra_get_distance)
    __arm_cp.1_7                             0x08003ef0   Number         4  hf_hc-sr04.o(.text.ultra_get_distance)
    __arm_cp.1_8                             0x08003ef4   Number         4  hf_hc-sr04.o(.text.ultra_get_distance)
    __arm_cp.1_9                             0x08003ef8   Number         4  hf_hc-sr04.o(.text.ultra_get_distance)
    [Anonymous Symbol]                       0x08003efc   Section        0  hf_hc-sr04.o(.text.ultra_init)
    __arm_cp.0_0                             0x08003fb0   Number         4  hf_hc-sr04.o(.text.ultra_init)
    __arm_cp.0_1                             0x08003fb4   Number         4  hf_hc-sr04.o(.text.ultra_init)
    __arm_cp.0_2                             0x08003fb8   Number         4  hf_hc-sr04.o(.text.ultra_init)
    __arm_cp.0_3                             0x08003fbc   Number         4  hf_hc-sr04.o(.text.ultra_init)
    __arm_cp.0_4                             0x08003fc0   Number         4  hf_hc-sr04.o(.text.ultra_init)
    __arm_cp.0_5                             0x08003fc4   Number         4  hf_hc-sr04.o(.text.ultra_init)
    __arm_cp.0_6                             0x08003fc8   Number         4  hf_hc-sr04.o(.text.ultra_init)
    [Anonymous Symbol]                       0x08003fcc   Section        0  gd32e23x_usart.o(.text.usart_baudrate_set)
    __arm_cp.1_2                             0x08004078   Number         4  gd32e23x_usart.o(.text.usart_baudrate_set)
    [Anonymous Symbol]                       0x0800407c   Section        0  gd32e23x_usart.o(.text.usart_deinit)
    __arm_cp.0_0                             0x080040c0   Number         4  gd32e23x_usart.o(.text.usart_deinit)
    __arm_cp.0_1                             0x080040c4   Number         4  gd32e23x_usart.o(.text.usart_deinit)
    __arm_cp.0_2                             0x080040c8   Number         4  gd32e23x_usart.o(.text.usart_deinit)
    __arm_cp.0_3                             0x080040cc   Number         4  gd32e23x_usart.o(.text.usart_deinit)
    [Anonymous Symbol]                       0x080040d0   Section        0  gd32e23x_usart.o(.text.usart_enable)
    [Anonymous Symbol]                       0x080040e2   Section        0  gd32e23x_usart.o(.text.usart_receive_config)
    [Anonymous Symbol]                       0x08004100   Section        0  gd32e23x_usart.o(.text.usart_transmit_config)
    [Anonymous Symbol]                       0x08004120   Section        0  hf_ws2812b.o(.text.ws2812b_init)
    __arm_cp.0_0                             0x08004140   Number         4  hf_ws2812b.o(.text.ws2812b_init)
    [Anonymous Symbol]                       0x08004144   Section        0  hf_ws2812b.o(.text.ws2812b_write)
    __arm_cp.1_0                             0x080041e4   Number         4  hf_ws2812b.o(.text.ws2812b_write)
    __arm_cp.1_1                             0x080041e8   Number         4  hf_ws2812b.o(.text.ws2812b_write)
    i.__ARM_clz                              0x080041ec   Section        0  depilogue.o(i.__ARM_clz)
    i.__scatterload_copy                     0x0800421a   Section       14  handlers.o(i.__scatterload_copy)
    i.__scatterload_null                     0x08004228   Section        2  handlers.o(i.__scatterload_null)
    i.__scatterload_zeroinit                 0x0800422a   Section       14  handlers.o(i.__scatterload_zeroinit)
    rgb_blue                                 0x20000004   Data           3  car_light.o(.data.rgb_blue)
    [Anonymous Symbol]                       0x20000004   Section        0  car_light.o(.data.rgb_blue)
    rgb_cyan                                 0x20000007   Data           3  car_light.o(.data.rgb_cyan)
    [Anonymous Symbol]                       0x20000007   Section        0  car_light.o(.data.rgb_cyan)
    rgb_green                                0x2000000a   Data           3  car_light.o(.data.rgb_green)
    [Anonymous Symbol]                       0x2000000a   Section        0  car_light.o(.data.rgb_green)
    rgb_purple                               0x2000000d   Data           3  car_light.o(.data.rgb_purple)
    [Anonymous Symbol]                       0x2000000d   Section        0  car_light.o(.data.rgb_purple)
    rgb_red                                  0x20000010   Data           3  car_light.o(.data.rgb_red)
    [Anonymous Symbol]                       0x20000010   Section        0  car_light.o(.data.rgb_red)
    rgb_user_define                          0x20000013   Data           3  car_light.o(.data.rgb_user_define)
    [Anonymous Symbol]                       0x20000013   Section        0  car_light.o(.data.rgb_user_define)
    rgb_white                                0x20000016   Data           3  car_light.o(.data.rgb_white)
    [Anonymous Symbol]                       0x20000016   Section        0  car_light.o(.data.rgb_white)
    rgb_yellow                               0x20000019   Data           3  car_light.o(.data.rgb_yellow)
    [Anonymous Symbol]                       0x20000019   Section        0  car_light.o(.data.rgb_yellow)
    EXTI4_15_IRQHandler.status               0x20000020   Data           1  gd32e23x_it.o(.bss.EXTI4_15_IRQHandler.status)
    [Anonymous Symbol]                       0x20000020   Section        0  gd32e23x_it.o(.bss.EXTI4_15_IRQHandler.status)
    count_1ms                                0x20000024   Data           4  hf_systick.o(.bss.count_1ms)
    [Anonymous Symbol]                       0x20000024   Section        0  hf_systick.o(.bss.count_1ms)
    count_1us                                0x20000028   Data           4  hf_systick.o(.bss.count_1us)
    [Anonymous Symbol]                       0x20000028   Section        0  hf_systick.o(.bss.count_1us)
    rgb_off                                  0x20000046   Data           3  car_light.o(.bss.rgb_off)
    [Anonymous Symbol]                       0x20000046   Section        0  car_light.o(.bss.rgb_off)
    STACK                                    0x20000050   Section     1024  startup_gd32e23x.o(STACK)

    Global Symbols

    Symbol Name                              Value     Ov Type        Size  Object(Section)

    BuildAttributes$$THM_ISAv3M$S$8M$PE$A:L22$X:L11$S22$IEEE1$IW$~IW$USESV6$~STKCKD$USESV7$~SHL$OTIME$ROPI$EBA8$MICROLIB$REQ8$PRES8$EABIv2 0x00000000   Number         0  anon$$obj.o ABSOLUTE
    __cpp_initialize__aeabi_                  - Undefined Weak Reference
    __cxa_finalize                            - Undefined Weak Reference
    __decompress                              - Undefined Weak Reference
    _clock_init                               - Undefined Weak Reference
    _microlib_exit                            - Undefined Weak Reference
    __Vectors_Size                           0x000000cc   Number         0  startup_gd32e23x.o ABSOLUTE
    __Vectors                                0x08000000   Data           4  startup_gd32e23x.o(RESET)
    __Vectors_End                            0x080000cc   Data           0  startup_gd32e23x.o(RESET)
    __main                                   0x080000cd   Thumb Code     0  entry.o(.ARM.Collect$$$$00000000)
    _main_stk                                0x080000cd   Thumb Code     0  entry2.o(.ARM.Collect$$$$00000001)
    _main_scatterload                        0x080000d1   Thumb Code     0  entry5.o(.ARM.Collect$$$$00000004)
    __main_after_scatterload                 0x080000d5   Thumb Code     0  entry5.o(.ARM.Collect$$$$00000004)
    _main_clock                              0x080000d5   Thumb Code     0  entry7b.o(.ARM.Collect$$$$00000008)
    _main_cpp_init                           0x080000d5   Thumb Code     0  entry8b.o(.ARM.Collect$$$$0000000A)
    _main_init                               0x080000d5   Thumb Code     0  entry9a.o(.ARM.Collect$$$$0000000B)
    __rt_final_cpp                           0x080000dd   Thumb Code     0  entry10a.o(.ARM.Collect$$$$0000000D)
    __rt_final_exit                          0x080000dd   Thumb Code     0  entry11a.o(.ARM.Collect$$$$0000000F)
    Reset_Handler                            0x080000e1   Thumb Code     8  startup_gd32e23x.o(.text)
    SysTick_Handler                          0x080000f1   Thumb Code     2  startup_gd32e23x.o(.text)
    ADC_CMP_IRQHandler                       0x080000f3   Thumb Code     0  startup_gd32e23x.o(.text)
    DMA_Channel0_IRQHandler                  0x080000f3   Thumb Code     0  startup_gd32e23x.o(.text)
    DMA_Channel1_2_IRQHandler                0x080000f3   Thumb Code     0  startup_gd32e23x.o(.text)
    DMA_Channel3_4_IRQHandler                0x080000f3   Thumb Code     0  startup_gd32e23x.o(.text)
    FMC_IRQHandler                           0x080000f3   Thumb Code     0  startup_gd32e23x.o(.text)
    I2C0_ER_IRQHandler                       0x080000f3   Thumb Code     0  startup_gd32e23x.o(.text)
    I2C1_ER_IRQHandler                       0x080000f3   Thumb Code     0  startup_gd32e23x.o(.text)
    LVD_IRQHandler                           0x080000f3   Thumb Code     0  startup_gd32e23x.o(.text)
    RCU_IRQHandler                           0x080000f3   Thumb Code     0  startup_gd32e23x.o(.text)
    RTC_IRQHandler                           0x080000f3   Thumb Code     0  startup_gd32e23x.o(.text)
    TIMER0_BRK_UP_TRG_COM_IRQHandler         0x080000f3   Thumb Code     0  startup_gd32e23x.o(.text)
    WWDGT_IRQHandler                         0x080000f3   Thumb Code     0  startup_gd32e23x.o(.text)
    __aeabi_fadd                             0x080000fd   Thumb Code   162  fadd.o(.text)
    __aeabi_fsub                             0x0800019f   Thumb Code     8  fadd.o(.text)
    __aeabi_frsub                            0x080001a7   Thumb Code     8  fadd.o(.text)
    __aeabi_fmul                             0x080001af   Thumb Code   122  fmul.o(.text)
    __aeabi_fdiv                             0x08000229   Thumb Code   124  fdiv.o(.text)
    __aeabi_dadd                             0x080002a5   Thumb Code   328  dadd.o(.text)
    __aeabi_dsub                             0x080003ed   Thumb Code    12  dadd.o(.text)
    __aeabi_drsub                            0x080003f9   Thumb Code    12  dadd.o(.text)
    __aeabi_dmul                             0x08000409   Thumb Code   202  dmul.o(.text)
    __aeabi_ddiv                             0x080004d9   Thumb Code   234  ddiv.o(.text)
    __aeabi_i2f                              0x080005c9   Thumb Code    22  fflti.o(.text)
    __aeabi_ui2f                             0x080005df   Thumb Code    14  ffltui.o(.text)
    __aeabi_i2d                              0x080005ed   Thumb Code    34  dflti.o(.text)
    __aeabi_f2iz                             0x08000615   Thumb Code    50  ffixi.o(.text)
    __aeabi_f2uiz                            0x08000647   Thumb Code    40  ffixui.o(.text)
    __aeabi_d2iz                             0x08000671   Thumb Code    62  dfixi.o(.text)
    __aeabi_d2uiz                            0x080006b9   Thumb Code    50  dfixui.o(.text)
    __aeabi_f2d                              0x080006f5   Thumb Code    40  f2d.o(.text)
    __aeabi_d2f                              0x0800071d   Thumb Code    56  d2f.o(.text)
    __aeabi_llsl                             0x08000755   Thumb Code    32  llshl.o(.text)
    _ll_shift_l                              0x08000755   Thumb Code     0  llshl.o(.text)
    __aeabi_llsr                             0x08000775   Thumb Code    34  llushr.o(.text)
    _ll_ushift_r                             0x08000775   Thumb Code     0  llushr.o(.text)
    __aeabi_lasr                             0x08000797   Thumb Code    38  llsshr.o(.text)
    _ll_sshift_r                             0x08000797   Thumb Code     0  llsshr.o(.text)
    __I$use$fp                               0x080007bd   Thumb Code     0  iusefp.o(.text)
    _float_round                             0x080007bd   Thumb Code    16  fepilogue.o(.text)
    _float_epilogue                          0x080007cd   Thumb Code   114  fepilogue.o(.text)
    _double_round                            0x0800083f   Thumb Code    26  depilogue.o(.text)
    _double_epilogue                         0x08000859   Thumb Code   164  depilogue.o(.text)
    __scatterload                            0x080008fd   Thumb Code    28  init.o(.text)
    __scatterload_rt2                        0x080008fd   Thumb Code     0  init.o(.text)
    EXTI0_1_IRQHandler                       0x08000921   Thumb Code     2  gd32e23x_it.o(.text.EXTI0_1_IRQHandler)
    EXTI2_3_IRQHandler                       0x08000923   Thumb Code     2  gd32e23x_it.o(.text.EXTI2_3_IRQHandler)
    EXTI4_15_IRQHandler                      0x08000925   Thumb Code   136  gd32e23x_it.o(.text.EXTI4_15_IRQHandler)
    HardFault_Handler                        0x080009bd   Thumb Code     4  gd32e23x_it.o(.text.HardFault_Handler)
    I2C0_EV_IRQHandler                       0x080009c1   Thumb Code     2  gd32e23x_it.o(.text.I2C0_EV_IRQHandler)
    I2C1_EV_IRQHandler                       0x080009c3   Thumb Code     2  gd32e23x_it.o(.text.I2C1_EV_IRQHandler)
    NMI_Handler                              0x080009c5   Thumb Code     2  gd32e23x_it.o(.text.NMI_Handler)
    PendSV_Handler                           0x080009c7   Thumb Code     2  gd32e23x_it.o(.text.PendSV_Handler)
    SPI0_IRQHandler                          0x080009c9   Thumb Code     2  gd32e23x_it.o(.text.SPI0_IRQHandler)
    SPI1_IRQHandler                          0x080009cb   Thumb Code     2  gd32e23x_it.o(.text.SPI1_IRQHandler)
    SVC_Handler                              0x080009cd   Thumb Code     2  gd32e23x_it.o(.text.SVC_Handler)
    SystemInit                               0x080009d1   Thumb Code   136  system_gd32e23x.o(.text.SystemInit)
    TIMER0_Channel_IRQHandler                0x08000a7d   Thumb Code     2  gd32e23x_it.o(.text.TIMER0_Channel_IRQHandler)
    TIMER13_IRQHandler                       0x08000a7f   Thumb Code     2  gd32e23x_it.o(.text.TIMER13_IRQHandler)
    TIMER14_IRQHandler                       0x08000a81   Thumb Code     2  gd32e23x_it.o(.text.TIMER14_IRQHandler)
    TIMER15_IRQHandler                       0x08000a83   Thumb Code     2  gd32e23x_it.o(.text.TIMER15_IRQHandler)
    TIMER16_IRQHandler                       0x08000a85   Thumb Code     2  gd32e23x_it.o(.text.TIMER16_IRQHandler)
    TIMER2_IRQHandler                        0x08000a87   Thumb Code     2  gd32e23x_it.o(.text.TIMER2_IRQHandler)
    TIMER5_IRQHandler                        0x08000a89   Thumb Code    20  gd32e23x_it.o(.text.TIMER5_IRQHandler)
    USART0_IRQHandler                        0x08000aa5   Thumb Code     2  gd32e23x_it.o(.text.USART0_IRQHandler)
    USART1_IRQHandler                        0x08000aa7   Thumb Code     2  gd32e23x_it.o(.text.USART1_IRQHandler)
    abs                                      0x08000b65   Thumb Code    32  main.o(.text.abs)
    adc_calibration_enable                   0x08000b85   Thumb Code    56  gd32e23x_adc.o(.text.adc_calibration_enable)
    adc_channel_init                         0x08000bbd   Thumb Code    16  car_adc.o(.text.adc_channel_init)
    adc_convert                              0x08000bcd   Thumb Code    52  hf_adc.o(.text.adc_convert)
    adc_data_alignment_config                0x08000c01   Thumb Code    44  gd32e23x_adc.o(.text.adc_data_alignment_config)
    adc_deinit                               0x08000c2d   Thumb Code    24  gd32e23x_adc.o(.text.adc_deinit)
    adc_enable                               0x08000c49   Thumb Code    24  gd32e23x_adc.o(.text.adc_enable)
    adc_external_trigger_config              0x08000c61   Thumb Code   124  gd32e23x_adc.o(.text.adc_external_trigger_config)
    adc_external_trigger_source_config       0x08000cdd   Thumb Code    80  gd32e23x_adc.o(.text.adc_external_trigger_source_config)
    adc_flag_clear                           0x08000d31   Thumb Code    20  gd32e23x_adc.o(.text.adc_flag_clear)
    adc_flag_get                             0x08000d45   Thumb Code    40  gd32e23x_adc.o(.text.adc_flag_get)
    adc_init                                 0x08000d71   Thumb Code   368  hf_adc.o(.text.adc_init)
    adc_mean_filter                          0x08000ef1   Thumb Code   186  hf_adc.o(.text.adc_mean_filter)
    adc_regular_channel_config               0x08000fad   Thumb Code   328  gd32e23x_adc.o(.text.adc_regular_channel_config)
    adc_regular_data_read                    0x08001109   Thumb Code     8  gd32e23x_adc.o(.text.adc_regular_data_read)
    adc_software_trigger_enable              0x08001115   Thumb Code    60  gd32e23x_adc.o(.text.adc_software_trigger_enable)
    adc_special_function_config              0x08001151   Thumb Code   172  gd32e23x_adc.o(.text.adc_special_function_config)
    buzzer_init                              0x08001205   Thumb Code    36  car_buzzer.o(.text.buzzer_init)
    car_both_rgb_flash                       0x08001231   Thumb Code   640  car_light.o(.text.car_both_rgb_flash)
    car_both_rgb_off                         0x080014b1   Thumb Code    28  car_light.o(.text.car_both_rgb_off)
    car_both_rgb_on                          0x080014d1   Thumb Code   272  car_light.o(.text.car_both_rgb_on)
    car_init                                 0x08001601   Thumb Code   120  car_init.o(.text.car_init)
    car_left_rgb_flash                       0x0800167d   Thumb Code   624  car_light.o(.text.car_left_rgb_flash)
    car_right_rgb_flash                      0x08001911   Thumb Code   624  car_light.o(.text.car_right_rgb_flash)
    car_stop                                 0x08001ba5   Thumb Code    26  car_motion.o(.text.car_stop)
    car_turnleft1                            0x08001bc1   Thumb Code    28  car_motion.o(.text.car_turnleft1)
    car_turnright1                           0x08001bdd   Thumb Code    28  car_motion.o(.text.car_turnright1)
    delay_1ms                                0x08001bfd   Thumb Code   112  hf_systick.o(.text.delay_1ms)
    delay_1us                                0x08001c71   Thumb Code   112  hf_systick.o(.text.delay_1us)
    exti_init                                0x08001cf1   Thumb Code   208  gd32e23x_exti.o(.text.exti_init)
    exti_interrupt_enable                    0x08001dcd   Thumb Code    20  gd32e23x_exti.o(.text.exti_interrupt_enable)
    exti_interrupt_flag_clear                0x08001de1   Thumb Code    16  gd32e23x_exti.o(.text.exti_interrupt_flag_clear)
    exti_interrupt_flag_get                  0x08001df1   Thumb Code    60  gd32e23x_exti.o(.text.exti_interrupt_flag_get)
    gpio_af_set                              0x08001e35   Thumb Code   192  gd32e23x_gpio.o(.text.gpio_af_set)
    gpio_bit_output                          0x08001ef5   Thumb Code    42  hf_gpio.o(.text.gpio_bit_output)
    gpio_bit_reset                           0x08001f1f   Thumb Code    16  gd32e23x_gpio.o(.text.gpio_bit_reset)
    gpio_bit_set                             0x08001f2f   Thumb Code    16  gd32e23x_gpio.o(.text.gpio_bit_set)
    gpio_get_input                           0x08001f3f   Thumb Code    44  hf_gpio.o(.text.gpio_get_input)
    gpio_init                                0x08001f6d   Thumb Code  1098  hf_gpio.o(.text.gpio_init)
    gpio_input_bit_get                       0x080023b7   Thumb Code    42  gd32e23x_gpio.o(.text.gpio_input_bit_get)
    gpio_mode_set                            0x080023e1   Thumb Code   142  gd32e23x_gpio.o(.text.gpio_mode_set)
    gpio_output_options_set                  0x0800246f   Thumb Code   138  gd32e23x_gpio.o(.text.gpio_output_options_set)
    int_init                                 0x080024f9   Thumb Code     2  car_init.o(.text.int_init)
    key_init                                 0x080024fd   Thumb Code   108  car_4keys.o(.text.key_init)
    l9110s_backward                          0x08002569   Thumb Code    88  hf_l9110s_2.o(.text.l9110s_backward)
    l9110s_forward                           0x080025c1   Thumb Code    88  hf_l9110s_2.o(.text.l9110s_forward)
    l9110s_init                              0x08002619   Thumb Code   156  hf_l9110s_2.o(.text.l9110s_init)
    main                                     0x080026cd   Thumb Code   824  main.o(.text.main)
    nvic_irq_enable                          0x08002a55   Thumb Code    42  gd32e23x_misc.o(.text.nvic_irq_enable)
    nvic_vector_table_set                    0x08002a81   Thumb Code    24  gd32e23x_misc.o(.text.nvic_vector_table_set)
    pwm_duty                                 0x08002aa1   Thumb Code   172  hf_pwm.o(.text.pwm_duty)
    pwm_init                                 0x08002b51   Thumb Code   336  hf_pwm.o(.text.pwm_init)
    pwm_jt                                   0x08002cd1   Thumb Code    28  main.o(.text.pwm_jt)
    pwm_jt1                                  0x08002ced   Thumb Code    28  main.o(.text.pwm_jt1)
    rcu_adc_clock_config                     0x08002d0d   Thumb Code   384  gd32e23x_rcu.o(.text.rcu_adc_clock_config)
    rcu_clock_freq_get                       0x08002e99   Thumb Code   724  gd32e23x_rcu.o(.text.rcu_clock_freq_get)
    rcu_periph_clock_enable                  0x08003191   Thumb Code    36  gd32e23x_rcu.o(.text.rcu_periph_clock_enable)
    rcu_periph_reset_disable                 0x080031b5   Thumb Code    36  gd32e23x_rcu.o(.text.rcu_periph_reset_disable)
    rcu_periph_reset_enable                  0x080031d9   Thumb Code    36  gd32e23x_rcu.o(.text.rcu_periph_reset_enable)
    reed_check                               0x080031fd   Thumb Code    36  car_reed.o(.text.reed_check)
    reed_init                                0x08003225   Thumb Code    18  car_reed.o(.text.reed_init)
    ren1                                     0x08003237   Thumb Code    32  main.o(.text.ren1)
    ren3                                     0x08003257   Thumb Code    38  main.o(.text.ren3)
    ren5                                     0x0800327d   Thumb Code    38  main.o(.text.ren5)
    syscfg_exti_line_config                  0x080032a5   Thumb Code   164  gd32e23x_syscfg.o(.text.syscfg_exti_line_config)
    systick_clksource_set                    0x08003445   Thumb Code    40  gd32e23x_misc.o(.text.systick_clksource_set)
    systick_config                           0x08003471   Thumb Code    44  hf_systick.o(.text.systick_config)
    timer_auto_reload_shadow_enable          0x080034b1   Thumb Code    18  gd32e23x_timer.o(.text.timer_auto_reload_shadow_enable)
    timer_channel_output_config              0x080034c5   Thumb Code   740  gd32e23x_timer.o(.text.timer_channel_output_config)
    timer_channel_output_mode_config         0x080037b9   Thumb Code   158  gd32e23x_timer.o(.text.timer_channel_output_mode_config)
    timer_channel_output_pulse_value_config  0x08003859   Thumb Code    82  gd32e23x_timer.o(.text.timer_channel_output_pulse_value_config)
    timer_channel_output_shadow_config       0x080038ad   Thumb Code   158  gd32e23x_timer.o(.text.timer_channel_output_shadow_config)
    timer_counter_read                       0x0800394b   Thumb Code    20  gd32e23x_timer.o(.text.timer_counter_read)
    timer_counter_value_config               0x0800395f   Thumb Code    18  gd32e23x_timer.o(.text.timer_counter_value_config)
    timer_deinit                             0x08003971   Thumb Code   200  gd32e23x_timer.o(.text.timer_deinit)
    timer_disable                            0x08003a59   Thumb Code    18  gd32e23x_timer.o(.text.timer_disable)
    timer_enable                             0x08003a6b   Thumb Code    18  gd32e23x_timer.o(.text.timer_enable)
    timer_flag_clear                         0x08003a7d   Thumb Code    18  gd32e23x_timer.o(.text.timer_flag_clear)
    timer_flag_get                           0x08003a8f   Thumb Code    42  gd32e23x_timer.o(.text.timer_flag_get)
    timer_init                               0x08003ab9   Thumb Code   228  gd32e23x_timer.o(.text.timer_init)
    timer_interrupt_enable                   0x08003bb5   Thumb Code    20  gd32e23x_timer.o(.text.timer_interrupt_enable)
    timer_interrupt_flag_clear               0x08003bc9   Thumb Code    18  gd32e23x_timer.o(.text.timer_interrupt_flag_clear)
    timer_primary_output_config              0x08003bdb   Thumb Code    48  gd32e23x_timer.o(.text.timer_primary_output_config)
    tm1637_init                              0x08003c0d   Thumb Code    32  hf_tm1637.o(.text.tm1637_init)
    uart0_init                               0x08003c2d   Thumb Code    38  car_uart.o(.text.uart0_init)
    uart_init                                0x08003c55   Thumb Code   436  hf_uart.o(.text.uart_init)
    ultra_get_distance                       0x08003e29   Thumb Code   188  hf_hc-sr04.o(.text.ultra_get_distance)
    ultra_init                               0x08003efd   Thumb Code   180  hf_hc-sr04.o(.text.ultra_init)
    usart_baudrate_set                       0x08003fcd   Thumb Code   172  gd32e23x_usart.o(.text.usart_baudrate_set)
    usart_deinit                             0x0800407d   Thumb Code    68  gd32e23x_usart.o(.text.usart_deinit)
    usart_enable                             0x080040d1   Thumb Code    18  gd32e23x_usart.o(.text.usart_enable)
    usart_receive_config                     0x080040e3   Thumb Code    30  gd32e23x_usart.o(.text.usart_receive_config)
    usart_transmit_config                    0x08004101   Thumb Code    30  gd32e23x_usart.o(.text.usart_transmit_config)
    ws2812b_init                             0x08004121   Thumb Code    32  hf_ws2812b.o(.text.ws2812b_init)
    ws2812b_write                            0x08004145   Thumb Code   160  hf_ws2812b.o(.text.ws2812b_write)
    __ARM_clz                                0x080041ed   Thumb Code    46  depilogue.o(i.__ARM_clz)
    __scatterload_copy                       0x0800421b   Thumb Code    14  handlers.o(i.__scatterload_copy)
    __scatterload_null                       0x08004229   Thumb Code     2  handlers.o(i.__scatterload_null)
    __scatterload_zeroinit                   0x0800422b   Thumb Code    14  handlers.o(i.__scatterload_zeroinit)
    Region$$Table$$Base                      0x08004238   Number         0  anon$$obj.o(Region$$Table)
    Region$$Table$$Limit                     0x08004258   Number         0  anon$$obj.o(Region$$Table)
    SystemCoreClock                          0x20000000   Data           4  system_gd32e23x.o(.data.SystemCoreClock)
    g_current_time_value                     0x2000002c   Data           4  hf_hc-sr04.o(.bss.g_current_time_value)
    g_flag_unhandler                         0x20000030   Data           1  hf_hc-sr04.o(.bss.g_flag_unhandler)
    g_overflow_times                         0x20000034   Data           4  hf_hc-sr04.o(.bss.g_overflow_times)
    g_reed_flag                              0x20000038   Data           1  car_reed.o(.bss.g_reed_flag)
    period                                   0x2000003a   Data          12  hf_pwm.o(.bss.period)
    __initial_sp                             0x20000450   Data           0  startup_gd32e23x.o(STACK)



==============================================================================

Memory Map of the image

  Image Entry point : 0x080000cd

  Load Region LR_IROM1 (Base: 0x08000000, Size: 0x00004278, Max: 0x00010000, ABSOLUTE)

    Execution Region ER_IROM1 (Exec base: 0x08000000, Load base: 0x08000000, Size: 0x00004258, Max: 0x00010000, ABSOLUTE)

    Exec Addr    Load Addr    Size         Type   Attr      Idx    E Section Name        Object

    0x08000000   0x08000000   0x000000cc   Data   RO          242    RESET               startup_gd32e23x.o
    0x080000cc   0x080000cc   0x00000000   Code   RO         1619  * .ARM.Collect$$$$00000000  mc_p.l(entry.o)
    0x080000cc   0x080000cc   0x00000004   Code   RO         1654    .ARM.Collect$$$$00000001  mc_p.l(entry2.o)
    0x080000d0   0x080000d0   0x00000004   Code   RO         1657    .ARM.Collect$$$$00000004  mc_p.l(entry5.o)
    0x080000d4   0x080000d4   0x00000000   Code   RO         1659    .ARM.Collect$$$$00000008  mc_p.l(entry7b.o)
    0x080000d4   0x080000d4   0x00000000   Code   RO         1661    .ARM.Collect$$$$0000000A  mc_p.l(entry8b.o)
    0x080000d4   0x080000d4   0x00000008   Code   RO         1662    .ARM.Collect$$$$0000000B  mc_p.l(entry9a.o)
    0x080000dc   0x080000dc   0x00000000   Code   RO         1664    .ARM.Collect$$$$0000000D  mc_p.l(entry10a.o)
    0x080000dc   0x080000dc   0x00000000   Code   RO         1666    .ARM.Collect$$$$0000000F  mc_p.l(entry11a.o)
    0x080000dc   0x080000dc   0x00000004   Code   RO         1655    .ARM.Collect$$$$00002712  mc_p.l(entry2.o)
    0x080000e0   0x080000e0   0x0000001c   Code   RO          243    .text               startup_gd32e23x.o
    0x080000fc   0x080000fc   0x000000b2   Code   RO         1622    .text               mf_p.l(fadd.o)
    0x080001ae   0x080001ae   0x0000007a   Code   RO         1624    .text               mf_p.l(fmul.o)
    0x08000228   0x08000228   0x0000007c   Code   RO         1626    .text               mf_p.l(fdiv.o)
    0x080002a4   0x080002a4   0x00000164   Code   RO         1628    .text               mf_p.l(dadd.o)
    0x08000408   0x08000408   0x000000d0   Code   RO         1630    .text               mf_p.l(dmul.o)
    0x080004d8   0x080004d8   0x000000f0   Code   RO         1632    .text               mf_p.l(ddiv.o)
    0x080005c8   0x080005c8   0x00000016   Code   RO         1634    .text               mf_p.l(fflti.o)
    0x080005de   0x080005de   0x0000000e   Code   RO         1636    .text               mf_p.l(ffltui.o)
    0x080005ec   0x080005ec   0x00000028   Code   RO         1638    .text               mf_p.l(dflti.o)
    0x08000614   0x08000614   0x00000032   Code   RO         1642    .text               mf_p.l(ffixi.o)
    0x08000646   0x08000646   0x00000028   Code   RO         1644    .text               mf_p.l(ffixui.o)
    0x0800066e   0x0800066e   0x00000002   PAD
    0x08000670   0x08000670   0x00000048   Code   RO         1646    .text               mf_p.l(dfixi.o)
    0x080006b8   0x080006b8   0x0000003c   Code   RO         1648    .text               mf_p.l(dfixui.o)
    0x080006f4   0x080006f4   0x00000028   Code   RO         1650    .text               mf_p.l(f2d.o)
    0x0800071c   0x0800071c   0x00000038   Code   RO         1652    .text               mf_p.l(d2f.o)
    0x08000754   0x08000754   0x00000020   Code   RO         1668    .text               mc_p.l(llshl.o)
    0x08000774   0x08000774   0x00000022   Code   RO         1670    .text               mc_p.l(llushr.o)
    0x08000796   0x08000796   0x00000026   Code   RO         1672    .text               mc_p.l(llsshr.o)
    0x080007bc   0x080007bc   0x00000000   Code   RO         1674    .text               mc_p.l(iusefp.o)
    0x080007bc   0x080007bc   0x00000082   Code   RO         1675    .text               mf_p.l(fepilogue.o)
    0x0800083e   0x0800083e   0x000000be   Code   RO         1677    .text               mf_p.l(depilogue.o)
    0x080008fc   0x080008fc   0x00000024   Code   RO         1681    .text               mc_p.l(init.o)
    0x08000920   0x08000920   0x00000002   Code   RO           10    .text.EXTI0_1_IRQHandler  gd32e23x_it.o
    0x08000922   0x08000922   0x00000002   Code   RO           12    .text.EXTI2_3_IRQHandler  gd32e23x_it.o
    0x08000924   0x08000924   0x00000098   Code   RO           14    .text.EXTI4_15_IRQHandler  gd32e23x_it.o
    0x080009bc   0x080009bc   0x00000004   Code   RO            4    .text.HardFault_Handler  gd32e23x_it.o
    0x080009c0   0x080009c0   0x00000002   Code   RO           30    .text.I2C0_EV_IRQHandler  gd32e23x_it.o
    0x080009c2   0x080009c2   0x00000002   Code   RO           32    .text.I2C1_EV_IRQHandler  gd32e23x_it.o
    0x080009c4   0x080009c4   0x00000002   Code   RO            2    .text.NMI_Handler   gd32e23x_it.o
    0x080009c6   0x080009c6   0x00000002   Code   RO            8    .text.PendSV_Handler  gd32e23x_it.o
    0x080009c8   0x080009c8   0x00000002   Code   RO           34    .text.SPI0_IRQHandler  gd32e23x_it.o
    0x080009ca   0x080009ca   0x00000002   Code   RO           36    .text.SPI1_IRQHandler  gd32e23x_it.o
    0x080009cc   0x080009cc   0x00000002   Code   RO            6    .text.SVC_Handler   gd32e23x_it.o
    0x080009ce   0x080009ce   0x00000002   PAD
    0x080009d0   0x080009d0   0x000000ac   Code   RO          224    .text.SystemInit    system_gd32e23x.o
    0x08000a7c   0x08000a7c   0x00000002   Code   RO           16    .text.TIMER0_Channel_IRQHandler  gd32e23x_it.o
    0x08000a7e   0x08000a7e   0x00000002   Code   RO           22    .text.TIMER13_IRQHandler  gd32e23x_it.o
    0x08000a80   0x08000a80   0x00000002   Code   RO           24    .text.TIMER14_IRQHandler  gd32e23x_it.o
    0x08000a82   0x08000a82   0x00000002   Code   RO           26    .text.TIMER15_IRQHandler  gd32e23x_it.o
    0x08000a84   0x08000a84   0x00000002   Code   RO           28    .text.TIMER16_IRQHandler  gd32e23x_it.o
    0x08000a86   0x08000a86   0x00000002   Code   RO           18    .text.TIMER2_IRQHandler  gd32e23x_it.o
    0x08000a88   0x08000a88   0x0000001c   Code   RO           20    .text.TIMER5_IRQHandler  gd32e23x_it.o
    0x08000aa4   0x08000aa4   0x00000002   Code   RO           38    .text.USART0_IRQHandler  gd32e23x_it.o
    0x08000aa6   0x08000aa6   0x00000002   Code   RO           40    .text.USART1_IRQHandler  gd32e23x_it.o
    0x08000aa8   0x08000aa8   0x00000034   Code   RO          955    .text.__NVIC_EnableIRQ  gd32e23x_misc.o
    0x08000adc   0x08000adc   0x00000088   Code   RO          953    .text.__NVIC_SetPriority  gd32e23x_misc.o
    0x08000b64   0x08000b64   0x00000020   Code   RO           50    .text.abs           main.o
    0x08000b84   0x08000b84   0x00000038   Code   RO          507    .text.adc_calibration_enable  gd32e23x_adc.o
    0x08000bbc   0x08000bbc   0x00000010   Code   RO          188    .text.adc_channel_init  car_adc.o
    0x08000bcc   0x08000bcc   0x00000034   Code   RO          252    .text.adc_convert   hf_adc.o
    0x08000c00   0x08000c00   0x0000002c   Code   RO          521    .text.adc_data_alignment_config  gd32e23x_adc.o
    0x08000c2c   0x08000c2c   0x0000001c   Code   RO          501    .text.adc_deinit    gd32e23x_adc.o
    0x08000c48   0x08000c48   0x00000018   Code   RO          503    .text.adc_enable    gd32e23x_adc.o
    0x08000c60   0x08000c60   0x0000007c   Code   RO          531    .text.adc_external_trigger_config  gd32e23x_adc.o
    0x08000cdc   0x08000cdc   0x00000054   Code   RO          533    .text.adc_external_trigger_source_config  gd32e23x_adc.o
    0x08000d30   0x08000d30   0x00000014   Code   RO          543    .text.adc_flag_clear  gd32e23x_adc.o
    0x08000d44   0x08000d44   0x0000002c   Code   RO          541    .text.adc_flag_get  gd32e23x_adc.o
    0x08000d70   0x08000d70   0x00000180   Code   RO          250    .text.adc_init      hf_adc.o
    0x08000ef0   0x08000ef0   0x000000ba   Code   RO          254    .text.adc_mean_filter  hf_adc.o
    0x08000faa   0x08000faa   0x00000002   PAD
    0x08000fac   0x08000fac   0x0000015c   Code   RO          525    .text.adc_regular_channel_config  gd32e23x_adc.o
    0x08001108   0x08001108   0x0000000c   Code   RO          537    .text.adc_regular_data_read  gd32e23x_adc.o
    0x08001114   0x08001114   0x0000003c   Code   RO          535    .text.adc_software_trigger_enable  gd32e23x_adc.o
    0x08001150   0x08001150   0x000000b4   Code   RO          519    .text.adc_special_function_config  gd32e23x_adc.o
    0x08001204   0x08001204   0x0000002c   Code   RO          164    .text.buzzer_init   car_buzzer.o
    0x08001230   0x08001230   0x00000280   Code   RO          131    .text.car_both_rgb_flash  car_light.o
    0x080014b0   0x080014b0   0x00000020   Code   RO          127    .text.car_both_rgb_off  car_light.o
    0x080014d0   0x080014d0   0x00000130   Code   RO          123    .text.car_both_rgb_on  car_light.o
    0x08001600   0x08001600   0x0000007c   Code   RO           91    .text.car_init      car_init.o
    0x0800167c   0x0800167c   0x00000294   Code   RO          125    .text.car_left_rgb_flash  car_light.o
    0x08001910   0x08001910   0x00000294   Code   RO          129    .text.car_right_rgb_flash  car_light.o
    0x08001ba4   0x08001ba4   0x0000001a   Code   RO          106    .text.car_stop      car_motion.o
    0x08001bbe   0x08001bbe   0x00000002   PAD
    0x08001bc0   0x08001bc0   0x0000001c   Code   RO          114    .text.car_turnleft1  car_motion.o
    0x08001bdc   0x08001bdc   0x00000020   Code   RO          112    .text.car_turnright1  car_motion.o
    0x08001bfc   0x08001bfc   0x00000074   Code   RO          407    .text.delay_1ms     hf_systick.o
    0x08001c70   0x08001c70   0x00000080   Code   RO          405    .text.delay_1us     hf_systick.o
    0x08001cf0   0x08001cf0   0x000000dc   Code   RO          716    .text.exti_init     gd32e23x_exti.o
    0x08001dcc   0x08001dcc   0x00000014   Code   RO          718    .text.exti_interrupt_enable  gd32e23x_exti.o
    0x08001de0   0x08001de0   0x00000010   Code   RO          736    .text.exti_interrupt_flag_clear  gd32e23x_exti.o
    0x08001df0   0x08001df0   0x00000044   Code   RO          734    .text.exti_interrupt_flag_get  gd32e23x_exti.o
    0x08001e34   0x08001e34   0x000000c0   Code   RO          859    .text.gpio_af_set   gd32e23x_gpio.o
    0x08001ef4   0x08001ef4   0x0000002a   Code   RO          289    .text.gpio_bit_output  hf_gpio.o
    0x08001f1e   0x08001f1e   0x00000010   Code   RO          845    .text.gpio_bit_reset  gd32e23x_gpio.o
    0x08001f2e   0x08001f2e   0x00000010   Code   RO          843    .text.gpio_bit_set  gd32e23x_gpio.o
    0x08001f3e   0x08001f3e   0x0000002c   Code   RO          293    .text.gpio_get_input  hf_gpio.o
    0x08001f6a   0x08001f6a   0x00000002   PAD
    0x08001f6c   0x08001f6c   0x0000044a   Code   RO          287    .text.gpio_init     hf_gpio.o
    0x080023b6   0x080023b6   0x0000002a   Code   RO          851    .text.gpio_input_bit_get  gd32e23x_gpio.o
    0x080023e0   0x080023e0   0x0000008e   Code   RO          839    .text.gpio_mode_set  gd32e23x_gpio.o
    0x0800246e   0x0800246e   0x0000008a   Code   RO          841    .text.gpio_output_options_set  gd32e23x_gpio.o
    0x080024f8   0x080024f8   0x00000002   Code   RO           93    .text.int_init      car_init.o
    0x080024fa   0x080024fa   0x00000002   PAD
    0x080024fc   0x080024fc   0x0000006c   Code   RO          177    .text.key_init      car_4keys.o
    0x08002568   0x08002568   0x00000058   Code   RO          445    .text.l9110s_backward  hf_l9110s_2.o
    0x080025c0   0x080025c0   0x00000058   Code   RO          443    .text.l9110s_forward  hf_l9110s_2.o
    0x08002618   0x08002618   0x000000b4   Code   RO          441    .text.l9110s_init   hf_l9110s_2.o
    0x080026cc   0x080026cc   0x00000388   Code   RO           66    .text.main          main.o
    0x08002a54   0x08002a54   0x0000002a   Code   RO          951    .text.nvic_irq_enable  gd32e23x_misc.o
    0x08002a7e   0x08002a7e   0x00000002   PAD
    0x08002a80   0x08002a80   0x00000020   Code   RO          965    .text.nvic_vector_table_set  gd32e23x_misc.o
    0x08002aa0   0x08002aa0   0x000000b0   Code   RO          369    .text.pwm_duty      hf_pwm.o
    0x08002b50   0x08002b50   0x00000180   Code   RO          365    .text.pwm_init      hf_pwm.o
    0x08002cd0   0x08002cd0   0x0000001c   Code   RO           52    .text.pwm_jt        main.o
    0x08002cec   0x08002cec   0x00000020   Code   RO           54    .text.pwm_jt1       main.o
    0x08002d0c   0x08002d0c   0x0000018c   Code   RO         1041    .text.rcu_adc_clock_config  gd32e23x_rcu.o
    0x08002e98   0x08002e98   0x000002f8   Code   RO         1089    .text.rcu_clock_freq_get  gd32e23x_rcu.o
    0x08003190   0x08003190   0x00000024   Code   RO         1015    .text.rcu_periph_clock_enable  gd32e23x_rcu.o
    0x080031b4   0x080031b4   0x00000024   Code   RO         1025    .text.rcu_periph_reset_disable  gd32e23x_rcu.o
    0x080031d8   0x080031d8   0x00000024   Code   RO         1023    .text.rcu_periph_reset_enable  gd32e23x_rcu.o
    0x080031fc   0x080031fc   0x00000028   Code   RO          203    .text.reed_check    car_reed.o
    0x08003224   0x08003224   0x00000012   Code   RO          201    .text.reed_init     car_reed.o
    0x08003236   0x08003236   0x00000020   Code   RO           56    .text.ren1          main.o
    0x08003256   0x08003256   0x00000026   Code   RO           58    .text.ren3          main.o
    0x0800327c   0x0800327c   0x00000026   Code   RO           62    .text.ren5          main.o
    0x080032a2   0x080032a2   0x00000002   PAD
    0x080032a4   0x080032a4   0x000000b4   Code   RO         1274    .text.syscfg_exti_line_config  gd32e23x_syscfg.o
    0x08003358   0x08003358   0x000000e4   Code   RO          230    .text.system_clock_72m_hxtal  system_gd32e23x.o
    0x0800343c   0x0800343c   0x00000008   Code   RO          226    .text.system_clock_config  system_gd32e23x.o
    0x08003444   0x08003444   0x0000002c   Code   RO          971    .text.systick_clksource_set  gd32e23x_misc.o
    0x08003470   0x08003470   0x00000040   Code   RO          403    .text.systick_config  hf_systick.o
    0x080034b0   0x080034b0   0x00000012   Code   RO         1301    .text.timer_auto_reload_shadow_enable  gd32e23x_timer.o
    0x080034c2   0x080034c2   0x00000002   PAD
    0x080034c4   0x080034c4   0x000002f4   Code   RO         1375    .text.timer_channel_output_config  gd32e23x_timer.o
    0x080037b8   0x080037b8   0x0000009e   Code   RO         1377    .text.timer_channel_output_mode_config  gd32e23x_timer.o
    0x08003856   0x08003856   0x00000002   PAD
    0x08003858   0x08003858   0x00000052   Code   RO         1379    .text.timer_channel_output_pulse_value_config  gd32e23x_timer.o
    0x080038aa   0x080038aa   0x00000002   PAD
    0x080038ac   0x080038ac   0x0000009e   Code   RO         1381    .text.timer_channel_output_shadow_config  gd32e23x_timer.o
    0x0800394a   0x0800394a   0x00000014   Code   RO         1323    .text.timer_counter_read  gd32e23x_timer.o
    0x0800395e   0x0800395e   0x00000012   Code   RO         1321    .text.timer_counter_value_config  gd32e23x_timer.o
    0x08003970   0x08003970   0x000000e8   Code   RO         1291    .text.timer_deinit  gd32e23x_timer.o
    0x08003a58   0x08003a58   0x00000012   Code   RO         1299    .text.timer_disable  gd32e23x_timer.o
    0x08003a6a   0x08003a6a   0x00000012   Code   RO         1297    .text.timer_enable  gd32e23x_timer.o
    0x08003a7c   0x08003a7c   0x00000012   Code   RO         1343    .text.timer_flag_clear  gd32e23x_timer.o
    0x08003a8e   0x08003a8e   0x0000002a   Code   RO         1341    .text.timer_flag_get  gd32e23x_timer.o
    0x08003ab8   0x08003ab8   0x000000fc   Code   RO         1295    .text.timer_init    gd32e23x_timer.o
    0x08003bb4   0x08003bb4   0x00000014   Code   RO         1333    .text.timer_interrupt_enable  gd32e23x_timer.o
    0x08003bc8   0x08003bc8   0x00000012   Code   RO         1339    .text.timer_interrupt_flag_clear  gd32e23x_timer.o
    0x08003bda   0x08003bda   0x00000030   Code   RO         1367    .text.timer_primary_output_config  gd32e23x_timer.o
    0x08003c0a   0x08003c0a   0x00000002   PAD
    0x08003c0c   0x08003c0c   0x00000020   Code   RO          479    .text.tm1637_init   hf_tm1637.o
    0x08003c2c   0x08003c2c   0x00000026   Code   RO          149    .text.uart0_init    car_uart.o
    0x08003c52   0x08003c52   0x00000002   PAD
    0x08003c54   0x08003c54   0x000001d4   Code   RO          418    .text.uart_init     hf_uart.o
    0x08003e28   0x08003e28   0x000000d4   Code   RO          467    .text.ultra_get_distance  hf_hc-sr04.o
    0x08003efc   0x08003efc   0x000000d0   Code   RO          465    .text.ultra_init    hf_hc-sr04.o
    0x08003fcc   0x08003fcc   0x000000b0   Code   RO         1446    .text.usart_baudrate_set  gd32e23x_usart.o
    0x0800407c   0x0800407c   0x00000054   Code   RO         1444    .text.usart_deinit  gd32e23x_usart.o
    0x080040d0   0x080040d0   0x00000012   Code   RO         1454    .text.usart_enable  gd32e23x_usart.o
    0x080040e2   0x080040e2   0x0000001e   Code   RO         1460    .text.usart_receive_config  gd32e23x_usart.o
    0x08004100   0x08004100   0x0000001e   Code   RO         1458    .text.usart_transmit_config  gd32e23x_usart.o
    0x0800411e   0x0800411e   0x00000002   PAD
    0x08004120   0x08004120   0x00000024   Code   RO          454    .text.ws2812b_init  hf_ws2812b.o
    0x08004144   0x08004144   0x000000a8   Code   RO          456    .text.ws2812b_write  hf_ws2812b.o
    0x080041ec   0x080041ec   0x0000002e   Code   RO         1679    i.__ARM_clz         mf_p.l(depilogue.o)
    0x0800421a   0x0800421a   0x0000000e   Code   RO         1685    i.__scatterload_copy  mc_p.l(handlers.o)
    0x08004228   0x08004228   0x00000002   Code   RO         1686    i.__scatterload_null  mc_p.l(handlers.o)
    0x0800422a   0x0800422a   0x0000000e   Code   RO         1687    i.__scatterload_zeroinit  mc_p.l(handlers.o)
    0x08004238   0x08004238   0x00000020   Data   RO         1684    Region$$Table       anon$$obj.o


    Execution Region RW_IRAM1 (Exec base: 0x20000000, Load base: 0x08004258, Size: 0x00000450, Max: 0x00002000, ABSOLUTE)

    Exec Addr    Load Addr    Size         Type   Attr      Idx    E Section Name        Object

    0x20000000   0x08004258   0x00000004   Data   RW          232    .data.SystemCoreClock  system_gd32e23x.o
    0x20000004   0x0800425c   0x00000003   Data   RW          136    .data.rgb_blue      car_light.o
    0x20000007   0x0800425f   0x00000003   Data   RW          138    .data.rgb_cyan      car_light.o
    0x2000000a   0x08004262   0x00000003   Data   RW          137    .data.rgb_green     car_light.o
    0x2000000d   0x08004265   0x00000003   Data   RW          139    .data.rgb_purple    car_light.o
    0x20000010   0x08004268   0x00000003   Data   RW          133    .data.rgb_red       car_light.o
    0x20000013   0x0800426b   0x00000003   Data   RW          140    .data.rgb_user_define  car_light.o
    0x20000016   0x0800426e   0x00000003   Data   RW          135    .data.rgb_white     car_light.o
    0x20000019   0x08004271   0x00000003   Data   RW          134    .data.rgb_yellow    car_light.o
    0x2000001c   0x08004274   0x00000004   PAD
    0x20000020        -       0x00000001   Zero   RW           42    .bss.EXTI4_15_IRQHandler.status  gd32e23x_it.o
    0x20000021   0x08004274   0x00000003   PAD
    0x20000024        -       0x00000004   Zero   RW          410    .bss.count_1ms      hf_systick.o
    0x20000028        -       0x00000004   Zero   RW          409    .bss.count_1us      hf_systick.o
    0x2000002c        -       0x00000004   Zero   RW          470    .bss.g_current_time_value  hf_hc-sr04.o
    0x20000030        -       0x00000001   Zero   RW          471    .bss.g_flag_unhandler  hf_hc-sr04.o
    0x20000031   0x08004274   0x00000003   PAD
    0x20000034        -       0x00000004   Zero   RW          469    .bss.g_overflow_times  hf_hc-sr04.o
    0x20000038        -       0x00000001   Zero   RW          205    .bss.g_reed_flag    car_reed.o
    0x20000039   0x08004274   0x00000001   PAD
    0x2000003a        -       0x0000000c   Zero   RW          373    .bss.period         hf_pwm.o
    0x20000046        -       0x00000003   Zero   RW          141    .bss.rgb_off        car_light.o
    0x20000049   0x08004274   0x00000007   PAD
    0x20000050        -       0x00000400   Zero   RW          240    STACK               startup_gd32e23x.o


==============================================================================

Image component sizes


      Code (inc. data)   RO Data    RW Data    ZI Data      Debug   Object Name

       108          0          0          0          0       1437   car_4keys.o
        16          0          0          0          0       1142   car_adc.o
        44          8          0          0          0       1287   car_buzzer.o
       126          4          0          0          0        729   car_init.o
      2296        108          0         24          3       3697   car_light.o
        86          4          0          0          0       1078   car_motion.o
        58          4          0          0          1       1183   car_reed.o
        38          0          0          0          0        973   car_uart.o
      1024         44          0          0          0       7670   gd32e23x_adc.o
       324         20          0          0          0       3212   gd32e23x_exti.o
       546          0          0          0          0       4205   gd32e23x_gpio.o
       218         24          0          0          1       2825   gd32e23x_it.o
       306         24          0          0          0       3882   gd32e23x_misc.o
      1264         48          0          0          0      11303   gd32e23x_rcu.o
       180         16          0          0          0       2733   gd32e23x_syscfg.o
      1876         72          0          0          0      16870   gd32e23x_timer.o
       338         20          0          0          0      14073   gd32e23x_usart.o
       622         16          0          0          0       2377   hf_adc.o
      1184         28          0          0          0       3469   hf_gpio.o
       420         52          0          0          9       3684   hf_hc-sr04.o
       356         24          0          0          0       1609   hf_l9110s_2.o
       560         52          0          0         12       2937   hf_pwm.o
       308         40          0          0          8       1349   hf_systick.o
        32          0          0          0          0       2061   hf_tm1637.o
       468         32          0          0          0       4003   hf_uart.o
       204         12          0          0          0       1519   hf_ws2812b.o
      1104         84          0          0          0       2640   main.o
        28          8        204          0       1024        704   startup_gd32e23x.o
       408         56          0          4          0       1819   system_gd32e23x.o

    ----------------------------------------------------------------------
     14568        800        236         28       1076     106470   Object Totals
         0          0         32          0          0          0   (incl. Generated)
        26          0          0          0         18          0   (incl. Padding)

    ----------------------------------------------------------------------

      Code (inc. data)   RO Data    RW Data    ZI Data      Debug   Library Member Name

         0          0          0          0          0          0   entry.o
         0          0          0          0          0          0   entry10a.o
         0          0          0          0          0          0   entry11a.o
         8          4          0          0          0          0   entry2.o
         4          0          0          0          0          0   entry5.o
         0          0          0          0          0          0   entry7b.o
         0          0          0          0          0          0   entry8b.o
         8          4          0          0          0          0   entry9a.o
        30          0          0          0          0          0   handlers.o
        36          8          0          0          0         68   init.o
         0          0          0          0          0          0   iusefp.o
        32          0          0          0          0         68   llshl.o
        38          0          0          0          0         68   llsshr.o
        34          0          0          0          0         68   llushr.o
        56          0          0          0          0         68   d2f.o
       356          4          0          0          0        140   dadd.o
       240          6          0          0          0         84   ddiv.o
       236          0          0          0          0        216   depilogue.o
        72         10          0          0          0         72   dfixi.o
        60         10          0          0          0         68   dfixui.o
        40          6          0          0          0         68   dflti.o
       208          6          0          0          0         88   dmul.o
        40          0          0          0          0         60   f2d.o
       178          0          0          0          0        108   fadd.o
       124          0          0          0          0         72   fdiv.o
       130          0          0          0          0        144   fepilogue.o
        50          0          0          0          0         60   ffixi.o
        40          0          0          0          0         60   ffixui.o
        22          0          0          0          0         68   fflti.o
        14          0          0          0          0         68   ffltui.o
       122          0          0          0          0         72   fmul.o

    ----------------------------------------------------------------------
      2180         58          0          0          0       1788   Library Totals
         2          0          0          0          0          0   (incl. Padding)

    ----------------------------------------------------------------------

      Code (inc. data)   RO Data    RW Data    ZI Data      Debug   Library Name

       190         16          0          0          0        272   mc_p.l
      1988         42          0          0          0       1516   mf_p.l

    ----------------------------------------------------------------------
      2180         58          0          0          0       1788   Library Totals

    ----------------------------------------------------------------------

==============================================================================


      Code (inc. data)   RO Data    RW Data    ZI Data      Debug   

     16748        858        236         28       1076     107034   Grand Totals
     16748        858        236         28       1076     107034   ELF Image Totals
     16748        858        236         28          0          0   ROM Totals

==============================================================================

    Total RO  Size (Code + RO Data)                16984 (  16.59kB)
    Total RW  Size (RW Data + ZI Data)              1104 (   1.08kB)
    Total ROM Size (Code + RO Data + RW Data)      17012 (  16.61kB)

==============================================================================

