Component: ARM Compiler 6.16 Tool: armlink [5dfeaa00]

==============================================================================

Section Cross References

    gd32e23x_it.o(.ARM.exidx.text.NMI_Handler) refers to gd32e23x_it.o(.text.NMI_Handler) for [Anonymous Symbol]
    gd32e23x_it.o(.ARM.exidx.text.HardFault_Handler) refers to gd32e23x_it.o(.text.HardFault_Handler) for [Anonymous Symbol]
    gd32e23x_it.o(.ARM.exidx.text.SVC_Handler) refers to gd32e23x_it.o(.text.SVC_Handler) for [Anonymous Symbol]
    gd32e23x_it.o(.ARM.exidx.text.PendSV_Handler) refers to gd32e23x_it.o(.text.PendSV_Handler) for [Anonymous Symbol]
    gd32e23x_it.o(.ARM.exidx.text.EXTI0_1_IRQHandler) refers to gd32e23x_it.o(.text.EXTI0_1_IRQHandler) for [Anonymous Symbol]
    gd32e23x_it.o(.ARM.exidx.text.EXTI2_3_IRQHandler) refers to gd32e23x_it.o(.text.EXTI2_3_IRQHandler) for [Anonymous Symbol]
    gd32e23x_it.o(.text.EXTI4_15_IRQHandler) refers to gd32e23x_exti.o(.text.exti_interrupt_flag_get) for exti_interrupt_flag_get
    gd32e23x_it.o(.text.EXTI4_15_IRQHandler) refers to hf_gpio.o(.text.gpio_bit_output) for gpio_bit_output
    gd32e23x_it.o(.text.EXTI4_15_IRQHandler) refers to gd32e23x_timer.o(.text.timer_counter_value_config) for timer_counter_value_config
    gd32e23x_it.o(.text.EXTI4_15_IRQHandler) refers to gd32e23x_timer.o(.text.timer_enable) for timer_enable
    gd32e23x_it.o(.text.EXTI4_15_IRQHandler) refers to gd32e23x_timer.o(.text.timer_disable) for timer_disable
    gd32e23x_it.o(.text.EXTI4_15_IRQHandler) refers to gd32e23x_timer.o(.text.timer_counter_read) for timer_counter_read
    gd32e23x_it.o(.text.EXTI4_15_IRQHandler) refers to gd32e23x_exti.o(.text.exti_interrupt_flag_clear) for exti_interrupt_flag_clear
    gd32e23x_it.o(.text.EXTI4_15_IRQHandler) refers to gd32e23x_it.o(.bss.EXTI4_15_IRQHandler.status) for [Anonymous Symbol]
    gd32e23x_it.o(.text.EXTI4_15_IRQHandler) refers to hf_hc-sr04.o(.bss.g_overflow_times) for g_overflow_times
    gd32e23x_it.o(.text.EXTI4_15_IRQHandler) refers to hf_hc-sr04.o(.bss.g_current_time_value) for g_current_time_value
    gd32e23x_it.o(.text.EXTI4_15_IRQHandler) refers to hf_hc-sr04.o(.bss.g_flag_unhandler) for g_flag_unhandler
    gd32e23x_it.o(.ARM.exidx.text.EXTI4_15_IRQHandler) refers to gd32e23x_it.o(.text.EXTI4_15_IRQHandler) for [Anonymous Symbol]
    gd32e23x_it.o(.ARM.exidx.text.TIMER0_Channel_IRQHandler) refers to gd32e23x_it.o(.text.TIMER0_Channel_IRQHandler) for [Anonymous Symbol]
    gd32e23x_it.o(.ARM.exidx.text.TIMER2_IRQHandler) refers to gd32e23x_it.o(.text.TIMER2_IRQHandler) for [Anonymous Symbol]
    gd32e23x_it.o(.text.TIMER5_IRQHandler) refers to gd32e23x_timer.o(.text.timer_interrupt_flag_clear) for timer_interrupt_flag_clear
    gd32e23x_it.o(.text.TIMER5_IRQHandler) refers to hf_hc-sr04.o(.bss.g_overflow_times) for g_overflow_times
    gd32e23x_it.o(.ARM.exidx.text.TIMER5_IRQHandler) refers to gd32e23x_it.o(.text.TIMER5_IRQHandler) for [Anonymous Symbol]
    gd32e23x_it.o(.ARM.exidx.text.TIMER13_IRQHandler) refers to gd32e23x_it.o(.text.TIMER13_IRQHandler) for [Anonymous Symbol]
    gd32e23x_it.o(.ARM.exidx.text.TIMER14_IRQHandler) refers to gd32e23x_it.o(.text.TIMER14_IRQHandler) for [Anonymous Symbol]
    gd32e23x_it.o(.ARM.exidx.text.TIMER15_IRQHandler) refers to gd32e23x_it.o(.text.TIMER15_IRQHandler) for [Anonymous Symbol]
    gd32e23x_it.o(.ARM.exidx.text.TIMER16_IRQHandler) refers to gd32e23x_it.o(.text.TIMER16_IRQHandler) for [Anonymous Symbol]
    gd32e23x_it.o(.ARM.exidx.text.I2C0_EV_IRQHandler) refers to gd32e23x_it.o(.text.I2C0_EV_IRQHandler) for [Anonymous Symbol]
    gd32e23x_it.o(.ARM.exidx.text.I2C1_EV_IRQHandler) refers to gd32e23x_it.o(.text.I2C1_EV_IRQHandler) for [Anonymous Symbol]
    gd32e23x_it.o(.ARM.exidx.text.SPI0_IRQHandler) refers to gd32e23x_it.o(.text.SPI0_IRQHandler) for [Anonymous Symbol]
    gd32e23x_it.o(.ARM.exidx.text.SPI1_IRQHandler) refers to gd32e23x_it.o(.text.SPI1_IRQHandler) for [Anonymous Symbol]
    gd32e23x_it.o(.ARM.exidx.text.USART0_IRQHandler) refers to gd32e23x_it.o(.text.USART0_IRQHandler) for [Anonymous Symbol]
    gd32e23x_it.o(.ARM.exidx.text.USART1_IRQHandler) refers to gd32e23x_it.o(.text.USART1_IRQHandler) for [Anonymous Symbol]
    main.o(.ARM.exidx.text.abs) refers to main.o(.text.abs) for [Anonymous Symbol]
    main.o(.text.pwm_jt) refers to hf_l9110s_2.o(.text.l9110s_backward) for l9110s_backward
    main.o(.text.pwm_jt) refers to hf_l9110s_2.o(.text.l9110s_forward) for l9110s_forward
    main.o(.ARM.exidx.text.pwm_jt) refers to main.o(.text.pwm_jt) for [Anonymous Symbol]
    main.o(.text.pwm_jt1) refers to hf_l9110s_2.o(.text.l9110s_backward) for l9110s_backward
    main.o(.text.pwm_jt1) refers to hf_l9110s_2.o(.text.l9110s_forward) for l9110s_forward
    main.o(.ARM.exidx.text.pwm_jt1) refers to main.o(.text.pwm_jt1) for [Anonymous Symbol]
    main.o(.text.ren1) refers to car_motion.o(.text.car_stop) for car_stop
[...]
    Removing gd32e23x_usart.o(.ARM.exidx.text.usart_hardware_flow_cts_config), (8 bytes).
    Removing gd32e23x_usart.o(.text.usart_hardware_flow_coherence_config), (34 bytes).
    Removing gd32e23x_usart.o(.ARM.exidx.text.usart_hardware_flow_coherence_config), (8 bytes).
    Removing gd32e23x_usart.o(.text.usart_rs485_driver_enable), (30 bytes).
    Removing gd32e23x_usart.o(.ARM.exidx.text.usart_rs485_driver_enable), (8 bytes).
    Removing gd32e23x_usart.o(.text.usart_rs485_driver_disable), (30 bytes).
    Removing gd32e23x_usart.o(.ARM.exidx.text.usart_rs485_driver_disable), (8 bytes).
    Removing gd32e23x_usart.o(.text.usart_driver_assertime_config), (46 bytes).
    Removing gd32e23x_usart.o(.ARM.exidx.text.usart_driver_assertime_config), (8 bytes).
    Removing gd32e23x_usart.o(.text.usart_driver_deassertime_config), (46 bytes).
    Removing gd32e23x_usart.o(.ARM.exidx.text.usart_driver_deassertime_config), (8 bytes).
    Removing gd32e23x_usart.o(.text.usart_depolarity_config), (44 bytes).
    Removing gd32e23x_usart.o(.ARM.exidx.text.usart_depolarity_config), (8 bytes).
    Removing gd32e23x_usart.o(.text.usart_dma_receive_config), (30 bytes).
    Removing gd32e23x_usart.o(.ARM.exidx.text.usart_dma_receive_config), (8 bytes).
    Removing gd32e23x_usart.o(.text.usart_dma_transmit_config), (30 bytes).
    Removing gd32e23x_usart.o(.ARM.exidx.text.usart_dma_transmit_config), (8 bytes).
    Removing gd32e23x_usart.o(.text.usart_reception_error_dma_disable), (30 bytes).
    Removing gd32e23x_usart.o(.ARM.exidx.text.usart_reception_error_dma_disable), (8 bytes).
    Removing gd32e23x_usart.o(.text.usart_reception_error_dma_enable), (30 bytes).
    Removing gd32e23x_usart.o(.ARM.exidx.text.usart_reception_error_dma_enable), (8 bytes).
    Removing gd32e23x_usart.o(.text.usart_wakeup_enable), (18 bytes).
    Removing gd32e23x_usart.o(.ARM.exidx.text.usart_wakeup_enable), (8 bytes).
    Removing gd32e23x_usart.o(.text.usart_wakeup_disable), (18 bytes).
    Removing gd32e23x_usart.o(.ARM.exidx.text.usart_wakeup_disable), (8 bytes).
    Removing gd32e23x_usart.o(.text.usart_wakeup_mode_config), (44 bytes).
    Removing gd32e23x_usart.o(.ARM.exidx.text.usart_wakeup_mode_config), (8 bytes).
    Removing gd32e23x_usart.o(.text.usart_receive_fifo_enable), (22 bytes).
    Removing gd32e23x_usart.o(.ARM.exidx.text.usart_receive_fifo_enable), (8 bytes).
    Removing gd32e23x_usart.o(.text.usart_receive_fifo_disable), (22 bytes).
    Removing gd32e23x_usart.o(.ARM.exidx.text.usart_receive_fifo_disable), (8 bytes).
    Removing gd32e23x_usart.o(.text.usart_receive_fifo_counter_number), (22 bytes).
    Removing gd32e23x_usart.o(.ARM.exidx.text.usart_receive_fifo_counter_number), (8 bytes).
    Removing gd32e23x_usart.o(.text.usart_flag_get), (60 bytes).
    Removing gd32e23x_usart.o(.ARM.exidx.text.usart_flag_get), (8 bytes).
    Removing gd32e23x_usart.o(.text.usart_flag_clear), (30 bytes).
    Removing gd32e23x_usart.o(.ARM.exidx.text.usart_flag_clear), (8 bytes).
    Removing gd32e23x_usart.o(.text.usart_interrupt_enable), (34 bytes).
    Removing gd32e23x_usart.o(.ARM.exidx.text.usart_interrupt_enable), (8 bytes).
    Removing gd32e23x_usart.o(.text.usart_interrupt_disable), (34 bytes).
    Removing gd32e23x_usart.o(.ARM.exidx.text.usart_interrupt_disable), (8 bytes).
    Removing gd32e23x_usart.o(.text.usart_command_enable), (20 bytes).
    Removing gd32e23x_usart.o(.ARM.exidx.text.usart_command_enable), (8 bytes).
    Removing gd32e23x_usart.o(.text.usart_interrupt_flag_get), (98 bytes).
    Removing gd32e23x_usart.o(.ARM.exidx.text.usart_interrupt_flag_get), (8 bytes).
    Removing gd32e23x_usart.o(.text.usart_interrupt_flag_clear), (64 bytes).
    Removing gd32e23x_usart.o(.ARM.exidx.text.usart_interrupt_flag_clear), (8 bytes).
    Removing gd32e23x_wwdgt.o(.text), (0 bytes).
    Removing gd32e23x_wwdgt.o(.text.wwdgt_deinit), (28 bytes).
    Removing gd32e23x_wwdgt.o(.ARM.exidx.text.wwdgt_deinit), (8 bytes).
    Removing gd32e23x_wwdgt.o(.text.wwdgt_enable), (16 bytes).
    Removing gd32e23x_wwdgt.o(.ARM.exidx.text.wwdgt_enable), (8 bytes).
    Removing gd32e23x_wwdgt.o(.text.wwdgt_counter_update), (44 bytes).
    Removing gd32e23x_wwdgt.o(.ARM.exidx.text.wwdgt_counter_update), (8 bytes).
    Removing gd32e23x_wwdgt.o(.text.wwdgt_config), (92 bytes).
    Removing gd32e23x_wwdgt.o(.ARM.exidx.text.wwdgt_config), (8 bytes).
    Removing gd32e23x_wwdgt.o(.text.wwdgt_interrupt_enable), (20 bytes).
    Removing gd32e23x_wwdgt.o(.ARM.exidx.text.wwdgt_interrupt_enable), (8 bytes).
    Removing gd32e23x_wwdgt.o(.text.wwdgt_flag_get), (40 bytes).
    Removing gd32e23x_wwdgt.o(.ARM.exidx.text.wwdgt_flag_get), (8 bytes).
    Removing gd32e23x_wwdgt.o(.text.wwdgt_flag_clear), (16 bytes).
    Removing gd32e23x_wwdgt.o(.ARM.exidx.text.wwdgt_flag_clear), (8 bytes).
    Removing fadd.o(.text), (178 bytes).
    Removing dfltui.o(.text), (28 bytes).
    Removing dfixui.o(.text), (60 bytes).

1204 unused section(s) (total 40586 bytes) removed from the image.

==============================================================================

Image Symbol Table

    Local Symbols

    Symbol Name                              Value     Ov Type        Size  Object(Section)

    ../clib/microlib/init/entry.s            0x00000000   Number         0  entry.o ABSOLUTE
    ../clib/microlib/init/entry.s            0x00000000   Number         0  entry2.o ABSOLUTE
    ../clib/microlib/init/entry.s            0x00000000   Number         0  entry5.o ABSOLUTE
    ../clib/microlib/init/entry.s            0x00000000   Number         0  entry7a.o ABSOLUTE
    ../clib/microlib/init/entry.s            0x00000000   Number         0  entry7b.o ABSOLUTE
    ../clib/microlib/init/entry.s            0x00000000   Number         0  entry8a.o ABSOLUTE
    ../clib/microlib/init/entry.s            0x00000000   Number         0  entry8b.o ABSOLUTE
    ../clib/microlib/init/entry.s            0x00000000   Number         0  entry9a.o ABSOLUTE
    ../clib/microlib/init/entry.s            0x00000000   Number         0  entry9b.o ABSOLUTE
    ../clib/microlib/init/entry.s            0x00000000   Number         0  entry10a.o ABSOLUTE
    ../clib/microlib/init/entry.s            0x00000000   Number         0  entry10b.o ABSOLUTE
    ../clib/microlib/init/entry.s            0x00000000   Number         0  entry11a.o ABSOLUTE
    ../clib/microlib/init/entry.s            0x00000000   Number         0  entry11b.o ABSOLUTE
    ../clib/microlib/longlong.c              0x00000000   Number         0  llshl.o ABSOLUTE
    ../clib/microlib/longlong.c              0x00000000   Number         0  llushr.o ABSOLUTE
    ../clib/microlib/longlong.c              0x00000000   Number         0  llsshr.o ABSOLUTE
    ../clib/microlib/stubs.s                 0x00000000   Number         0  iusefp.o ABSOLUTE
    ../fplib/microlib/d2f.c                  0x00000000   Number         0  d2f.o ABSOLUTE
    ../fplib/microlib/f2d.c                  0x00000000   Number         0  f2d.o ABSOLUTE
    ../fplib/microlib/fpadd.c                0x00000000   Number         0  fadd.o ABSOLUTE
    ../fplib/microlib/fpadd.c                0x00000000   Number         0  dadd.o ABSOLUTE
    ../fplib/microlib/fpdiv.c                0x00000000   Number         0  fdiv.o ABSOLUTE
    ../fplib/microlib/fpdiv.c                0x00000000   Number         0  ddiv.o ABSOLUTE
    ../fplib/microlib/fpepilogue.c           0x00000000   Number         0  fepilogue.o ABSOLUTE
    ../fplib/microlib/fpepilogue.c           0x00000000   Number         0  depilogue.o ABSOLUTE
    ../fplib/microlib/fpfix.c                0x00000000   Number         0  ffixi.o ABSOLUTE
    ../fplib/microlib/fpfix.c                0x00000000   Number         0  ffixui.o ABSOLUTE
    ../fplib/microlib/fpfix.c                0x00000000   Number         0  dfixi.o ABSOLUTE
    ../fplib/microlib/fpfix.c                0x00000000   Number         0  dfixui.o ABSOLUTE
    ../fplib/microlib/fpflt.c                0x00000000   Number         0  fflti.o ABSOLUTE
    ../fplib/microlib/fpflt.c                0x00000000   Number         0  ffltui.o ABSOLUTE
    ../fplib/microlib/fpflt.c                0x00000000   Number         0  dflti.o ABSOLUTE
    ../fplib/microlib/fpflt.c                0x00000000   Number         0  dfltui.o ABSOLUTE
    ../fplib/microlib/fpmul.c                0x00000000   Number         0  fmul.o ABSOLUTE
    ../fplib/microlib/fpmul.c                0x00000000   Number         0  dmul.o ABSOLUTE
    ..\..\Libraries\Device\GD32E23x_p\Source\KEIL_StartAsm\startup_gd32e23x.s 0x00000000   Number         0  startup_gd32e23x.o ABSOLUTE
    HF_HC-SR04.c                             0x00000000   Number         0  hf_hc-sr04.o ABSOLUTE
    HF_L9110S_2.c                            0x00000000   Number         0  hf_l9110s_2.o ABSOLUTE
    HF_TM1637.c                              0x00000000   Number         0  hf_tm1637.o ABSOLUTE
    HF_WS2812b.c                             0x00000000   Number         0  hf_ws2812b.o ABSOLUTE
    board.c                                  0x00000000   Number         0  board.o ABSOLUTE
    car_4keys.c                              0x00000000   Number         0  car_4keys.o ABSOLUTE
    car_adc.c                                0x00000000   Number         0  car_adc.o ABSOLUTE
    car_buzzer.c                             0x00000000   Number         0  car_buzzer.o ABSOLUTE
    car_init.c                               0x00000000   Number         0  car_init.o ABSOLUTE
    car_light.c                              0x00000000   Number         0  car_light.o ABSOLUTE
    car_motion.c                             0x00000000   Number         0  car_motion.o ABSOLUTE
    car_reed.c                               0x00000000   Number         0  car_reed.o ABSOLUTE
    car_uart.c                               0x00000000   Number         0  car_uart.o ABSOLUTE
    car_value_process.c                      0x00000000   Number         0  car_value_process.o ABSOLUTE
    dc.s                                     0x00000000   Number         0  dc.o ABSOLUTE
    gd32e23x_adc.c                           0x00000000   Number         0  gd32e23x_adc.o ABSOLUTE
    gd32e23x_cmp.c                           0x00000000   Number         0  gd32e23x_cmp.o ABSOLUTE
    gd32e23x_crc.c                           0x00000000   Number         0  gd32e23x_crc.o ABSOLUTE
    gd32e23x_dbg.c                           0x00000000   Number         0  gd32e23x_dbg.o ABSOLUTE
    gd32e23x_dma.c                           0x00000000   Number         0  gd32e23x_dma.o ABSOLUTE
    gd32e23x_exti.c                          0x00000000   Number         0  gd32e23x_exti.o ABSOLUTE
    gd32e23x_fmc.c                           0x00000000   Number         0  gd32e23x_fmc.o ABSOLUTE
    gd32e23x_fwdgt.c                         0x00000000   Number         0  gd32e23x_fwdgt.o ABSOLUTE
    gd32e23x_gpio.c                          0x00000000   Number         0  gd32e23x_gpio.o ABSOLUTE
    gd32e23x_i2c.c                           0x00000000   Number         0  gd32e23x_i2c.o ABSOLUTE
    gd32e23x_it.c                            0x00000000   Number         0  gd32e23x_it.o ABSOLUTE
    gd32e23x_misc.c                          0x00000000   Number         0  gd32e23x_misc.o ABSOLUTE
    gd32e23x_pmu.c                           0x00000000   Number         0  gd32e23x_pmu.o ABSOLUTE
    gd32e23x_rcu.c                           0x00000000   Number         0  gd32e23x_rcu.o ABSOLUTE
    gd32e23x_rtc.c                           0x00000000   Number         0  gd32e23x_rtc.o ABSOLUTE
    gd32e23x_spi.c                           0x00000000   Number         0  gd32e23x_spi.o ABSOLUTE
    gd32e23x_syscfg.c                        0x00000000   Number         0  gd32e23x_syscfg.o ABSOLUTE
    gd32e23x_timer.c                         0x00000000   Number         0  gd32e23x_timer.o ABSOLUTE
    gd32e23x_usart.c                         0x00000000   Number         0  gd32e23x_usart.o ABSOLUTE
    gd32e23x_wwdgt.c                         0x00000000   Number         0  gd32e23x_wwdgt.o ABSOLUTE
    handlers.s                               0x00000000   Number         0  handlers.o ABSOLUTE
    hf_adc.c                                 0x00000000   Number         0  hf_adc.o ABSOLUTE
    hf_exti.c                                0x00000000   Number         0  hf_exti.o ABSOLUTE
    hf_flash.c                               0x00000000   Number         0  hf_flash.o ABSOLUTE
    hf_gpio.c                                0x00000000   Number         0  hf_gpio.o ABSOLUTE
    hf_i2c_hardware.c                        0x00000000   Number         0  hf_i2c_hardware.o ABSOLUTE
    hf_i2c_software.c                        0x00000000   Number         0  hf_i2c_software.o ABSOLUTE
    hf_pit.c                                 0x00000000   Number         0  hf_pit.o ABSOLUTE
    hf_pwm.c                                 0x00000000   Number         0  hf_pwm.o ABSOLUTE
    hf_qtimer.c                              0x00000000   Number         0  hf_qtimer.o ABSOLUTE
    hf_spi.c                                 0x00000000   Number         0  hf_spi.o ABSOLUTE
    hf_systick.c                             0x00000000   Number         0  hf_systick.o ABSOLUTE
    hf_uart.c                                0x00000000   Number         0  hf_uart.o ABSOLUTE
    init.s                                   0x00000000   Number         0  init.o ABSOLUTE
    main.c                                   0x00000000   Number         0  main.o ABSOLUTE
    system_gd32e23x.c                        0x00000000   Number         0  system_gd32e23x.o ABSOLUTE
    RESET                                    0x08000000   Section      204  startup_gd32e23x.o(RESET)
    .ARM.Collect$$$$00000000                 0x080000cc   Section        0  entry.o(.ARM.Collect$$$$00000000)
    .ARM.Collect$$$$00000001                 0x080000cc   Section        4  entry2.o(.ARM.Collect$$$$00000001)
    .ARM.Collect$$$$00000004                 0x080000d0   Section        4  entry5.o(.ARM.Collect$$$$00000004)
    .ARM.Collect$$$$00000008                 0x080000d4   Section        0  entry7b.o(.ARM.Collect$$$$00000008)
    .ARM.Collect$$$$0000000A                 0x080000d4   Section        0  entry8b.o(.ARM.Collect$$$$0000000A)
    .ARM.Collect$$$$0000000B                 0x080000d4   Section        8  entry9a.o(.ARM.Collect$$$$0000000B)
    __lit__00000000                          0x080000dc   Data           4  entry2.o(.ARM.Collect$$$$00002712)
    .ARM.Collect$$$$0000000D                 0x080000dc   Section        0  entry10a.o(.ARM.Collect$$$$0000000D)
    .ARM.Collect$$$$0000000F                 0x080000dc   Section        0  entry11a.o(.ARM.Collect$$$$0000000F)
    .ARM.Collect$$$$00002712                 0x080000dc   Section        4  entry2.o(.ARM.Collect$$$$00002712)
    .text                                    0x080000e0   Section       28  startup_gd32e23x.o(.text)
    .text                                    0x080000fc   Section        0  fmul.o(.text)
    .text                                    0x08000176   Section        0  fdiv.o(.text)
    .text                                    0x080001f4   Section        0  dadd.o(.text)
    .text                                    0x08000358   Section        0  dmul.o(.text)
    .text                                    0x08000428   Section        0  ddiv.o(.text)
    .text                                    0x08000518   Section        0  fflti.o(.text)
    .text                                    0x0800052e   Section        0  ffltui.o(.text)
    .text                                    0x0800053c   Section        0  dflti.o(.text)
    .text                                    0x08000564   Section        0  ffixi.o(.text)
    .text                                    0x08000596   Section        0  ffixui.o(.text)
    .text                                    0x080005c0   Section        0  dfixi.o(.text)
    .text                                    0x08000608   Section        0  f2d.o(.text)
    .text                                    0x08000630   Section        0  d2f.o(.text)
    .text                                    0x08000668   Section        0  llshl.o(.text)
    .text                                    0x08000688   Section        0  llushr.o(.text)
    .text                                    0x080006aa   Section        0  llsshr.o(.text)
    .text                                    0x080006d0   Section        0  iusefp.o(.text)
    .text                                    0x080006d0   Section        0  fepilogue.o(.text)
    .text                                    0x08000752   Section        0  depilogue.o(.text)
    .text                                    0x08000810   Section       36  init.o(.text)
    [Anonymous Symbol]                       0x08000834   Section        0  gd32e23x_it.o(.text.EXTI0_1_IRQHandler)
    [Anonymous Symbol]                       0x08000836   Section        0  gd32e23x_it.o(.text.EXTI2_3_IRQHandler)
    [Anonymous Symbol]                       0x08000838   Section        0  gd32e23x_it.o(.text.EXTI4_15_IRQHandler)
    __arm_cp.6_0                             0x080008c0   Number         4  gd32e23x_it.o(.text.EXTI4_15_IRQHandler)
    __arm_cp.6_1                             0x080008c4   Number         4  gd32e23x_it.o(.text.EXTI4_15_IRQHandler)
    __arm_cp.6_4                             0x080008c8   Number         4  gd32e23x_it.o(.text.EXTI4_15_IRQHandler)
    __arm_cp.6_5                             0x080008cc   Number         4  gd32e23x_it.o(.text.EXTI4_15_IRQHandler)
    [Anonymous Symbol]                       0x080008d0   Section        0  gd32e23x_it.o(.text.HardFault_Handler)
    [Anonymous Symbol]                       0x080008d4   Section        0  gd32e23x_it.o(.text.I2C0_EV_IRQHandler)
    [Anonymous Symbol]                       0x080008d6   Section        0  gd32e23x_it.o(.text.I2C1_EV_IRQHandler)
    [Anonymous Symbol]                       0x080008d8   Section        0  gd32e23x_it.o(.text.NMI_Handler)
    [Anonymous Symbol]                       0x080008da   Section        0  gd32e23x_it.o(.text.PendSV_Handler)
    [Anonymous Symbol]                       0x080008dc   Section        0  gd32e23x_it.o(.text.SPI0_IRQHandler)
    [Anonymous Symbol]                       0x080008de   Section        0  gd32e23x_it.o(.text.SPI1_IRQHandler)
    [Anonymous Symbol]                       0x080008e0   Section        0  gd32e23x_it.o(.text.SVC_Handler)
    [Anonymous Symbol]                       0x080008e4   Section        0  system_gd32e23x.o(.text.SystemInit)
    __arm_cp.0_0                             0x0800096c   Number         4  system_gd32e23x.o(.text.SystemInit)
    __arm_cp.0_1                             0x08000970   Number         4  system_gd32e23x.o(.text.SystemInit)
    __arm_cp.0_2                             0x08000974   Number         4  system_gd32e23x.o(.text.SystemInit)
    __arm_cp.0_3                             0x08000978   Number         4  system_gd32e23x.o(.text.SystemInit)
    __arm_cp.0_4                             0x0800097c   Number         4  system_gd32e23x.o(.text.SystemInit)
    __arm_cp.0_5                             0x08000980   Number         4  system_gd32e23x.o(.text.SystemInit)
    __arm_cp.0_6                             0x08000984   Number         4  system_gd32e23x.o(.text.SystemInit)
    __arm_cp.0_7                             0x08000988   Number         4  system_gd32e23x.o(.text.SystemInit)
    __arm_cp.0_8                             0x0800098c   Number         4  system_gd32e23x.o(.text.SystemInit)
    [Anonymous Symbol]                       0x08000990   Section        0  gd32e23x_it.o(.text.TIMER0_Channel_IRQHandler)
    [Anonymous Symbol]                       0x08000992   Section        0  gd32e23x_it.o(.text.TIMER13_IRQHandler)
    [Anonymous Symbol]                       0x08000994   Section        0  gd32e23x_it.o(.text.TIMER14_IRQHandler)
    [Anonymous Symbol]                       0x08000996   Section        0  gd32e23x_it.o(.text.TIMER15_IRQHandler)
    [Anonymous Symbol]                       0x08000998   Section        0  gd32e23x_it.o(.text.TIMER16_IRQHandler)
    [Anonymous Symbol]                       0x0800099a   Section        0  gd32e23x_it.o(.text.TIMER2_IRQHandler)
    [Anonymous Symbol]                       0x0800099c   Section        0  gd32e23x_it.o(.text.TIMER5_IRQHandler)
    __arm_cp.9_0                             0x080009b0   Number         4  gd32e23x_it.o(.text.TIMER5_IRQHandler)
    __arm_cp.9_1                             0x080009b4   Number         4  gd32e23x_it.o(.text.TIMER5_IRQHandler)
    [Anonymous Symbol]                       0x080009b8   Section        0  gd32e23x_it.o(.text.USART0_IRQHandler)
    [Anonymous Symbol]                       0x080009ba   Section        0  gd32e23x_it.o(.text.USART1_IRQHandler)
    __NVIC_EnableIRQ                         0x080009bd   Thumb Code    48  gd32e23x_misc.o(.text.__NVIC_EnableIRQ)
    [Anonymous Symbol]                       0x080009bc   Section        0  gd32e23x_misc.o(.text.__NVIC_EnableIRQ)
    __arm_cp.2_0                             0x080009ec   Number         4  gd32e23x_misc.o(.text.__NVIC_EnableIRQ)
    __NVIC_SetPriority                       0x080009f1   Thumb Code   128  gd32e23x_misc.o(.text.__NVIC_SetPriority)
    [Anonymous Symbol]                       0x080009f0   Section        0  gd32e23x_misc.o(.text.__NVIC_SetPriority)
    __arm_cp.1_0                             0x08000a70   Number         4  gd32e23x_misc.o(.text.__NVIC_SetPriority)
    __arm_cp.1_1                             0x08000a74   Number         4  gd32e23x_misc.o(.text.__NVIC_SetPriority)
    [Anonymous Symbol]                       0x08000a78   Section        0  main.o(.text.abs)
    [Anonymous Symbol]                       0x08000a98   Section        0  gd32e23x_adc.o(.text.adc_calibration_enable)
    [Anonymous Symbol]                       0x08000ad0   Section        0  car_adc.o(.text.adc_channel_init)
    [Anonymous Symbol]                       0x08000ae0   Section        0  hf_adc.o(.text.adc_convert)
    [Anonymous Symbol]                       0x08000b14   Section        0  gd32e23x_adc.o(.text.adc_data_alignment_config)
    [Anonymous Symbol]                       0x08000b40   Section        0  gd32e23x_adc.o(.text.adc_deinit)
    __arm_cp.0_0                             0x08000b58   Number         4  gd32e23x_adc.o(.text.adc_deinit)
    [Anonymous Symbol]                       0x08000b5c   Section        0  gd32e23x_adc.o(.text.adc_enable)
    [Anonymous Symbol]                       0x08000b74   Section        0  gd32e23x_adc.o(.text.adc_external_trigger_config)
    [Anonymous Symbol]                       0x08000bf0   Section        0  gd32e23x_adc.o(.text.adc_external_trigger_source_config)
    __arm_cp.16_0                            0x08000c40   Number         4  gd32e23x_adc.o(.text.adc_external_trigger_source_config)
    [Anonymous Symbol]                       0x08000c44   Section        0  gd32e23x_adc.o(.text.adc_flag_clear)
    [Anonymous Symbol]                       0x08000c58   Section        0  gd32e23x_adc.o(.text.adc_flag_get)
    __arm_cp.20_0                            0x08000c80   Number         4  gd32e23x_adc.o(.text.adc_flag_get)
    [Anonymous Symbol]                       0x08000c84   Section        0  hf_adc.o(.text.adc_init)
    __arm_cp.0_0                             0x08000df4   Number         4  hf_adc.o(.text.adc_init)
    __arm_cp.0_1                             0x08000df8   Number         4  hf_adc.o(.text.adc_init)
    __arm_cp.0_2                             0x08000dfc   Number         4  hf_adc.o(.text.adc_init)
    __arm_cp.0_3                             0x08000e00   Number         4  hf_adc.o(.text.adc_init)
    [Anonymous Symbol]                       0x08000e04   Section        0  hf_adc.o(.text.adc_mean_filter)
    [Anonymous Symbol]                       0x08000ec0   Section        0  gd32e23x_adc.o(.text.adc_regular_channel_config)
    __arm_cp.12_0                            0x08001008   Number         4  gd32e23x_adc.o(.text.adc_regular_channel_config)
    __arm_cp.12_1                            0x0800100c   Number         4  gd32e23x_adc.o(.text.adc_regular_channel_config)
    __arm_cp.12_2                            0x08001010   Number         4  gd32e23x_adc.o(.text.adc_regular_channel_config)
    __arm_cp.12_3                            0x08001014   Number         4  gd32e23x_adc.o(.text.adc_regular_channel_config)
    __arm_cp.12_4                            0x08001018   Number         4  gd32e23x_adc.o(.text.adc_regular_channel_config)
    [Anonymous Symbol]                       0x0800101c   Section        0  gd32e23x_adc.o(.text.adc_regular_data_read)
    __arm_cp.18_0                            0x08001024   Number         4  gd32e23x_adc.o(.text.adc_regular_data_read)
    [Anonymous Symbol]                       0x08001028   Section        0  gd32e23x_adc.o(.text.adc_software_trigger_enable)
    [Anonymous Symbol]                       0x08001064   Section        0  gd32e23x_adc.o(.text.adc_special_function_config)
    __arm_cp.9_0                             0x08001110   Number         4  gd32e23x_adc.o(.text.adc_special_function_config)
    __arm_cp.9_1                             0x08001114   Number         4  gd32e23x_adc.o(.text.adc_special_function_config)
    [Anonymous Symbol]                       0x08001118   Section        0  car_buzzer.o(.text.buzzer_init)
    __arm_cp.0_0                             0x0800113c   Number         4  car_buzzer.o(.text.buzzer_init)
    __arm_cp.0_1                             0x08001140   Number         4  car_buzzer.o(.text.buzzer_init)
    [Anonymous Symbol]                       0x08001144   Section        0  car_light.o(.text.car_both_rgb_flash)
    __arm_cp.4_0                             0x080013c4   Number         4  car_light.o(.text.car_both_rgb_flash)
    __arm_cp.4_2                             0x080013c8   Number         4  car_light.o(.text.car_both_rgb_flash)
    __arm_cp.4_3                             0x080013cc   Number         4  car_light.o(.text.car_both_rgb_flash)
    __arm_cp.4_4                             0x080013d0   Number         4  car_light.o(.text.car_both_rgb_flash)
    __arm_cp.4_5                             0x080013d4   Number         4  car_light.o(.text.car_both_rgb_flash)
    __arm_cp.4_6                             0x080013d8   Number         4  car_light.o(.text.car_both_rgb_flash)
    __arm_cp.4_7                             0x080013dc   Number         4  car_light.o(.text.car_both_rgb_flash)
    __arm_cp.4_8                             0x080013e0   Number         4  car_light.o(.text.car_both_rgb_flash)
    [Anonymous Symbol]                       0x080013e4   Section        0  car_light.o(.text.car_both_rgb_off)
    __arm_cp.2_0                             0x08001400   Number         4  car_light.o(.text.car_both_rgb_off)
    [Anonymous Symbol]                       0x08001404   Section        0  car_init.o(.text.car_init)
    __arm_cp.0_0                             0x0800147c   Number         4  car_init.o(.text.car_init)
    [Anonymous Symbol]                       0x08001480   Section        0  hf_systick.o(.text.delay_1ms)
    __arm_cp.2_0                             0x080014f0   Number         4  hf_systick.o(.text.delay_1ms)
    __arm_cp.2_1                             0x080014f4   Number         4  hf_systick.o(.text.delay_1ms)
    __arm_cp.2_2                             0x080014f8   Number         4  hf_systick.o(.text.delay_1ms)
    __arm_cp.2_3                             0x080014fc   Number         4  hf_systick.o(.text.delay_1ms)
    [Anonymous Symbol]                       0x08001500   Section        0  gd32e23x_exti.o(.text.exti_init)
    __arm_cp.1_1                             0x080015d0   Number         4  gd32e23x_exti.o(.text.exti_init)
    __arm_cp.1_2                             0x080015d4   Number         4  gd32e23x_exti.o(.text.exti_init)
    __arm_cp.1_3                             0x080015d8   Number         4  gd32e23x_exti.o(.text.exti_init)
    [Anonymous Symbol]                       0x080015dc   Section        0  gd32e23x_exti.o(.text.exti_interrupt_enable)
    [Anonymous Symbol]                       0x080015f0   Section        0  gd32e23x_exti.o(.text.exti_interrupt_flag_clear)
    [Anonymous Symbol]                       0x08001600   Section        0  gd32e23x_exti.o(.text.exti_interrupt_flag_get)
    __arm_cp.10_0                            0x0800163c   Number         4  gd32e23x_exti.o(.text.exti_interrupt_flag_get)
    __arm_cp.10_1                            0x08001640   Number         4  gd32e23x_exti.o(.text.exti_interrupt_flag_get)
    [Anonymous Symbol]                       0x08001644   Section        0  gd32e23x_gpio.o(.text.gpio_af_set)
    [Anonymous Symbol]                       0x08001704   Section        0  hf_gpio.o(.text.gpio_bit_output)
    [Anonymous Symbol]                       0x0800172e   Section        0  gd32e23x_gpio.o(.text.gpio_bit_reset)
    [Anonymous Symbol]                       0x0800173e   Section        0  gd32e23x_gpio.o(.text.gpio_bit_set)
    [Anonymous Symbol]                       0x08001750   Section        0  hf_gpio.o(.text.gpio_init)
    __arm_cp.0_7                             0x08001b2c   Number         4  hf_gpio.o(.text.gpio_init)
    __arm_cp.0_8                             0x08001b30   Number         4  hf_gpio.o(.text.gpio_init)
    __arm_cp.0_9                             0x08001b34   Number         4  hf_gpio.o(.text.gpio_init)
    __arm_cp.0_10                            0x08001b38   Number         4  hf_gpio.o(.text.gpio_init)
    __arm_cp.0_11                            0x08001b3c   Number         4  hf_gpio.o(.text.gpio_init)
    __arm_cp.0_12                            0x08001b40   Number         4  hf_gpio.o(.text.gpio_init)
    __arm_cp.0_13                            0x08001b44   Number         4  hf_gpio.o(.text.gpio_init)
    [Anonymous Symbol]                       0x08001b9a   Section        0  gd32e23x_gpio.o(.text.gpio_mode_set)
    [Anonymous Symbol]                       0x08001c28   Section        0  gd32e23x_gpio.o(.text.gpio_output_options_set)
    [Anonymous Symbol]                       0x08001cb2   Section        0  car_init.o(.text.int_init)
    [Anonymous Symbol]                       0x08001cb4   Section        0  car_4keys.o(.text.key_init)
    [Anonymous Symbol]                       0x08001d20   Section        0  hf_l9110s_2.o(.text.l9110s_forward)
    [Anonymous Symbol]                       0x08001d78   Section        0  hf_l9110s_2.o(.text.l9110s_init)
    __arm_cp.0_0                             0x08001e14   Number         4  hf_l9110s_2.o(.text.l9110s_init)
    __arm_cp.0_1                             0x08001e18   Number         4  hf_l9110s_2.o(.text.l9110s_init)
    __arm_cp.0_2                             0x08001e1c   Number         4  hf_l9110s_2.o(.text.l9110s_init)
    __arm_cp.0_3                             0x08001e20   Number         4  hf_l9110s_2.o(.text.l9110s_init)
    __arm_cp.0_4                             0x08001e24   Number         4  hf_l9110s_2.o(.text.l9110s_init)
    __arm_cp.0_5                             0x08001e28   Number         4  hf_l9110s_2.o(.text.l9110s_init)
    [Anonymous Symbol]                       0x08001e2c   Section        0  main.o(.text.main)
    __arm_cp.8_0                             0x08002080   Number         4  main.o(.text.main)
    __arm_cp.8_1                             0x08002084   Number         4  main.o(.text.main)
    __arm_cp.8_2                             0x08002088   Number         4  main.o(.text.main)
    __arm_cp.8_3                             0x0800208c   Number         4  main.o(.text.main)
    __arm_cp.8_4                             0x08002090   Number         4  main.o(.text.main)
    __arm_cp.8_5                             0x08002094   Number         4  main.o(.text.main)
    __arm_cp.8_6                             0x08002098   Number         4  main.o(.text.main)
    __arm_cp.8_7                             0x0800209c   Number         4  main.o(.text.main)
    __arm_cp.8_8                             0x080020a0   Number         4  main.o(.text.main)
    __arm_cp.8_9                             0x080020a4   Number         4  main.o(.text.main)
    __arm_cp.8_10                            0x080020a8   Number         4  main.o(.text.main)
    __arm_cp.8_11                            0x080020ac   Number         4  main.o(.text.main)
    __arm_cp.8_12                            0x080020b0   Number         4  main.o(.text.main)
    __arm_cp.8_13                            0x080020b4   Number         4  main.o(.text.main)
    __arm_cp.8_14                            0x080020b8   Number         4  main.o(.text.main)
    __arm_cp.8_15                            0x080020bc   Number         4  main.o(.text.main)
    __arm_cp.8_16                            0x080020c0   Number         4  main.o(.text.main)
    [Anonymous Symbol]                       0x080020c4   Section        0  gd32e23x_misc.o(.text.nvic_irq_enable)
    [Anonymous Symbol]                       0x080020f0   Section        0  gd32e23x_misc.o(.text.nvic_vector_table_set)
    __arm_cp.7_0                             0x08002108   Number         4  gd32e23x_misc.o(.text.nvic_vector_table_set)
    __arm_cp.7_1                             0x0800210c   Number         4  gd32e23x_misc.o(.text.nvic_vector_table_set)
    [Anonymous Symbol]                       0x08002110   Section        0  hf_pwm.o(.text.pwm_duty)
    __arm_cp.2_4                             0x080021bc   Number         4  hf_pwm.o(.text.pwm_duty)
    __arm_cp.2_5                             0x080021c0   Number         4  hf_pwm.o(.text.pwm_duty)
    [Anonymous Symbol]                       0x080021c4   Section        0  hf_pwm.o(.text.pwm_init)
    __arm_cp.0_0                             0x08002314   Number         4  hf_pwm.o(.text.pwm_init)
    __arm_cp.0_1                             0x08002318   Number         4  hf_pwm.o(.text.pwm_init)
    __arm_cp.0_2                             0x0800231c   Number         4  hf_pwm.o(.text.pwm_init)
    __arm_cp.0_3                             0x08002320   Number         4  hf_pwm.o(.text.pwm_init)
    __arm_cp.0_4                             0x08002324   Number         4  hf_pwm.o(.text.pwm_init)
    __arm_cp.0_5                             0x08002328   Number         4  hf_pwm.o(.text.pwm_init)
    __arm_cp.0_6                             0x0800232c   Number         4  hf_pwm.o(.text.pwm_init)
    __arm_cp.0_7                             0x08002330   Number         4  hf_pwm.o(.text.pwm_init)
    __arm_cp.0_8                             0x08002334   Number         4  hf_pwm.o(.text.pwm_init)
    __arm_cp.0_9                             0x08002338   Number         4  hf_pwm.o(.text.pwm_init)
    __arm_cp.0_10                            0x0800233c   Number         4  hf_pwm.o(.text.pwm_init)
    __arm_cp.0_11                            0x08002340   Number         4  hf_pwm.o(.text.pwm_init)
    [Anonymous Symbol]                       0x08002344   Section        0  gd32e23x_rcu.o(.text.rcu_adc_clock_config)
    __arm_cp.14_0                            0x080024c4   Number         4  gd32e23x_rcu.o(.text.rcu_adc_clock_config)
    __arm_cp.14_1                            0x080024c8   Number         4  gd32e23x_rcu.o(.text.rcu_adc_clock_config)
    __arm_cp.14_2                            0x080024cc   Number         4  gd32e23x_rcu.o(.text.rcu_adc_clock_config)
    [Anonymous Symbol]                       0x080024d0   Section        0  gd32e23x_rcu.o(.text.rcu_clock_freq_get)
    __arm_cp.38_0                            0x080027a4   Number         4  gd32e23x_rcu.o(.text.rcu_clock_freq_get)
    __arm_cp.38_1                            0x080027a8   Number         4  gd32e23x_rcu.o(.text.rcu_clock_freq_get)
    __arm_cp.38_2                            0x080027ac   Number         4  gd32e23x_rcu.o(.text.rcu_clock_freq_get)
    __arm_cp.38_3                            0x080027b0   Number         4  gd32e23x_rcu.o(.text.rcu_clock_freq_get)
    __arm_cp.38_4                            0x080027b4   Number         4  gd32e23x_rcu.o(.text.rcu_clock_freq_get)
    __arm_cp.38_5                            0x080027b8   Number         4  gd32e23x_rcu.o(.text.rcu_clock_freq_get)
    __arm_cp.38_6                            0x080027bc   Number         4  gd32e23x_rcu.o(.text.rcu_clock_freq_get)
    __arm_cp.38_7                            0x080027c0   Number         4  gd32e23x_rcu.o(.text.rcu_clock_freq_get)
    __arm_cp.38_8                            0x080027c4   Number         4  gd32e23x_rcu.o(.text.rcu_clock_freq_get)
    [Anonymous Symbol]                       0x080027c8   Section        0  gd32e23x_rcu.o(.text.rcu_periph_clock_enable)
    [Anonymous Symbol]                       0x080027ec   Section        0  gd32e23x_rcu.o(.text.rcu_periph_reset_disable)
    [Anonymous Symbol]                       0x08002810   Section        0  gd32e23x_rcu.o(.text.rcu_periph_reset_enable)
    [Anonymous Symbol]                       0x08002834   Section        0  car_reed.o(.text.reed_init)
    [Anonymous Symbol]                       0x08002848   Section        0  gd32e23x_syscfg.o(.text.syscfg_exti_line_config)
    __arm_cp.5_0                             0x080028ec   Number         4  gd32e23x_syscfg.o(.text.syscfg_exti_line_config)
    __arm_cp.5_1                             0x080028f0   Number         4  gd32e23x_syscfg.o(.text.syscfg_exti_line_config)
    __arm_cp.5_2                             0x080028f4   Number         4  gd32e23x_syscfg.o(.text.syscfg_exti_line_config)
    __arm_cp.5_3                             0x080028f8   Number         4  gd32e23x_syscfg.o(.text.syscfg_exti_line_config)
    system_clock_72m_hxtal                   0x080028fd   Thumb Code   208  system_gd32e23x.o(.text.system_clock_72m_hxtal)
    [Anonymous Symbol]                       0x080028fc   Section        0  system_gd32e23x.o(.text.system_clock_72m_hxtal)
    __arm_cp.3_0                             0x080029cc   Number         4  system_gd32e23x.o(.text.system_clock_72m_hxtal)
    __arm_cp.3_1                             0x080029d0   Number         4  system_gd32e23x.o(.text.system_clock_72m_hxtal)
    __arm_cp.3_2                             0x080029d4   Number         4  system_gd32e23x.o(.text.system_clock_72m_hxtal)
    __arm_cp.3_3                             0x080029d8   Number         4  system_gd32e23x.o(.text.system_clock_72m_hxtal)
    __arm_cp.3_4                             0x080029dc   Number         4  system_gd32e23x.o(.text.system_clock_72m_hxtal)
    system_clock_config                      0x080029e1   Thumb Code     8  system_gd32e23x.o(.text.system_clock_config)
    [Anonymous Symbol]                       0x080029e0   Section        0  system_gd32e23x.o(.text.system_clock_config)
    [Anonymous Symbol]                       0x080029e8   Section        0  gd32e23x_misc.o(.text.systick_clksource_set)
    __arm_cp.10_0                            0x08002a10   Number         4  gd32e23x_misc.o(.text.systick_clksource_set)
    [Anonymous Symbol]                       0x08002a14   Section        0  hf_systick.o(.text.systick_config)
    __arm_cp.0_0                             0x08002a40   Number         4  hf_systick.o(.text.systick_config)
    __arm_cp.0_1                             0x08002a44   Number         4  hf_systick.o(.text.systick_config)
    __arm_cp.0_2                             0x08002a48   Number         4  hf_systick.o(.text.systick_config)
    __arm_cp.0_3                             0x08002a4c   Number         4  hf_systick.o(.text.systick_config)
    __arm_cp.0_4                             0x08002a50   Number         4  hf_systick.o(.text.systick_config)
    [Anonymous Symbol]                       0x08002a54   Section        0  gd32e23x_timer.o(.text.timer_auto_reload_shadow_enable)
    [Anonymous Symbol]                       0x08002a68   Section        0  gd32e23x_timer.o(.text.timer_channel_output_config)
    __arm_cp.42_0                            0x08002d4c   Number         4  gd32e23x_timer.o(.text.timer_channel_output_config)
    __arm_cp.42_1                            0x08002d50   Number         4  gd32e23x_timer.o(.text.timer_channel_output_config)
    __arm_cp.42_2                            0x08002d54   Number         4  gd32e23x_timer.o(.text.timer_channel_output_config)
    __arm_cp.42_3                            0x08002d58   Number         4  gd32e23x_timer.o(.text.timer_channel_output_config)
    [Anonymous Symbol]                       0x08002d5c   Section        0  gd32e23x_timer.o(.text.timer_channel_output_mode_config)
    [Anonymous Symbol]                       0x08002dfc   Section        0  gd32e23x_timer.o(.text.timer_channel_output_pulse_value_config)
    [Anonymous Symbol]                       0x08002e50   Section        0  gd32e23x_timer.o(.text.timer_channel_output_shadow_config)
    [Anonymous Symbol]                       0x08002eee   Section        0  gd32e23x_timer.o(.text.timer_counter_read)
    [Anonymous Symbol]                       0x08002f02   Section        0  gd32e23x_timer.o(.text.timer_counter_value_config)
    [Anonymous Symbol]                       0x08002f14   Section        0  gd32e23x_timer.o(.text.timer_deinit)
    __arm_cp.0_1                             0x08002fdc   Number         4  gd32e23x_timer.o(.text.timer_deinit)
    __arm_cp.0_3                             0x08002fe0   Number         4  gd32e23x_timer.o(.text.timer_deinit)
    __arm_cp.0_4                             0x08002fe4   Number         4  gd32e23x_timer.o(.text.timer_deinit)
    __arm_cp.0_7                             0x08002fe8   Number         4  gd32e23x_timer.o(.text.timer_deinit)
    __arm_cp.0_8                             0x08002fec   Number         4  gd32e23x_timer.o(.text.timer_deinit)
    __arm_cp.0_9                             0x08002ff0   Number         4  gd32e23x_timer.o(.text.timer_deinit)
    __arm_cp.0_10                            0x08002ff4   Number         4  gd32e23x_timer.o(.text.timer_deinit)
    __arm_cp.0_11                            0x08002ff8   Number         4  gd32e23x_timer.o(.text.timer_deinit)
    [Anonymous Symbol]                       0x08002ffc   Section        0  gd32e23x_timer.o(.text.timer_disable)
    [Anonymous Symbol]                       0x0800300e   Section        0  gd32e23x_timer.o(.text.timer_enable)
    [Anonymous Symbol]                       0x08003020   Section        0  gd32e23x_timer.o(.text.timer_flag_clear)
    [Anonymous Symbol]                       0x08003032   Section        0  gd32e23x_timer.o(.text.timer_flag_get)
    [Anonymous Symbol]                       0x0800305c   Section        0  gd32e23x_timer.o(.text.timer_init)
    __arm_cp.2_0                             0x08003140   Number         4  gd32e23x_timer.o(.text.timer_init)
    __arm_cp.2_1                             0x08003144   Number         4  gd32e23x_timer.o(.text.timer_init)
    __arm_cp.2_2                             0x08003148   Number         4  gd32e23x_timer.o(.text.timer_init)
    __arm_cp.2_3                             0x0800314c   Number         4  gd32e23x_timer.o(.text.timer_init)
    __arm_cp.2_4                             0x08003150   Number         4  gd32e23x_timer.o(.text.timer_init)
    __arm_cp.2_5                             0x08003154   Number         4  gd32e23x_timer.o(.text.timer_init)
    [Anonymous Symbol]                       0x08003158   Section        0  gd32e23x_timer.o(.text.timer_interrupt_enable)
    [Anonymous Symbol]                       0x0800316c   Section        0  gd32e23x_timer.o(.text.timer_interrupt_flag_clear)
    [Anonymous Symbol]                       0x0800317e   Section        0  gd32e23x_timer.o(.text.timer_primary_output_config)
    [Anonymous Symbol]                       0x080031b0   Section        0  hf_tm1637.o(.text.tm1637_init)
    [Anonymous Symbol]                       0x080031d0   Section        0  car_uart.o(.text.uart0_init)
    [Anonymous Symbol]                       0x080031f8   Section        0  hf_uart.o(.text.uart_init)
    __arm_cp.0_1                             0x080033ac   Number         4  hf_uart.o(.text.uart_init)
    __arm_cp.0_2                             0x080033b0   Number         4  hf_uart.o(.text.uart_init)
    __arm_cp.0_3                             0x080033b4   Number         4  hf_uart.o(.text.uart_init)
    __arm_cp.0_4                             0x080033b8   Number         4  hf_uart.o(.text.uart_init)
    __arm_cp.0_5                             0x080033bc   Number         4  hf_uart.o(.text.uart_init)
    __arm_cp.0_6                             0x080033c0   Number         4  hf_uart.o(.text.uart_init)
    __arm_cp.0_9                             0x080033c4   Number         4  hf_uart.o(.text.uart_init)
    __arm_cp.0_10                            0x080033c8   Number         4  hf_uart.o(.text.uart_init)
    [Anonymous Symbol]                       0x080033cc   Section        0  hf_hc-sr04.o(.text.ultra_init)
    __arm_cp.0_0                             0x08003480   Number         4  hf_hc-sr04.o(.text.ultra_init)
    __arm_cp.0_1                             0x08003484   Number         4  hf_hc-sr04.o(.text.ultra_init)
    __arm_cp.0_2                             0x08003488   Number         4  hf_hc-sr04.o(.text.ultra_init)
    __arm_cp.0_3                             0x0800348c   Number         4  hf_hc-sr04.o(.text.ultra_init)
    __arm_cp.0_4                             0x08003490   Number         4  hf_hc-sr04.o(.text.ultra_init)
    __arm_cp.0_5                             0x08003494   Number         4  hf_hc-sr04.o(.text.ultra_init)
    __arm_cp.0_6                             0x08003498   Number         4  hf_hc-sr04.o(.text.ultra_init)
    [Anonymous Symbol]                       0x0800349c   Section        0  gd32e23x_usart.o(.text.usart_baudrate_set)
    __arm_cp.1_2                             0x08003548   Number         4  gd32e23x_usart.o(.text.usart_baudrate_set)
    [Anonymous Symbol]                       0x0800354c   Section        0  gd32e23x_usart.o(.text.usart_deinit)
    __arm_cp.0_0                             0x08003590   Number         4  gd32e23x_usart.o(.text.usart_deinit)
    __arm_cp.0_1                             0x08003594   Number         4  gd32e23x_usart.o(.text.usart_deinit)
    __arm_cp.0_2                             0x08003598   Number         4  gd32e23x_usart.o(.text.usart_deinit)
    __arm_cp.0_3                             0x0800359c   Number         4  gd32e23x_usart.o(.text.usart_deinit)
    [Anonymous Symbol]                       0x080035a0   Section        0  gd32e23x_usart.o(.text.usart_enable)
    [Anonymous Symbol]                       0x080035b2   Section        0  gd32e23x_usart.o(.text.usart_receive_config)
    [Anonymous Symbol]                       0x080035d0   Section        0  gd32e23x_usart.o(.text.usart_transmit_config)
    [Anonymous Symbol]                       0x080035f0   Section        0  hf_ws2812b.o(.text.ws2812b_init)
    __arm_cp.0_0                             0x08003610   Number         4  hf_ws2812b.o(.text.ws2812b_init)
    [Anonymous Symbol]                       0x08003614   Section        0  hf_ws2812b.o(.text.ws2812b_write)
    __arm_cp.1_0                             0x080036b4   Number         4  hf_ws2812b.o(.text.ws2812b_write)
    __arm_cp.1_1                             0x080036b8   Number         4  hf_ws2812b.o(.text.ws2812b_write)
    i.__ARM_clz                              0x080036bc   Section        0  depilogue.o(i.__ARM_clz)
    i.__scatterload_copy                     0x080036ea   Section       14  handlers.o(i.__scatterload_copy)
    i.__scatterload_null                     0x080036f8   Section        2  handlers.o(i.__scatterload_null)
    i.__scatterload_zeroinit                 0x080036fa   Section       14  handlers.o(i.__scatterload_zeroinit)
    rgb_blue                                 0x20000004   Data           3  car_light.o(.data.rgb_blue)
    [Anonymous Symbol]                       0x20000004   Section        0  car_light.o(.data.rgb_blue)
    rgb_cyan                                 0x20000007   Data           3  car_light.o(.data.rgb_cyan)
    [Anonymous Symbol]                       0x20000007   Section        0  car_light.o(.data.rgb_cyan)
    rgb_green                                0x2000000a   Data           3  car_light.o(.data.rgb_green)
    [Anonymous Symbol]                       0x2000000a   Section        0  car_light.o(.data.rgb_green)
    rgb_purple                               0x2000000d   Data           3  car_light.o(.data.rgb_purple)
    [Anonymous Symbol]                       0x2000000d   Section        0  car_light.o(.data.rgb_purple)
    rgb_red                                  0x20000010   Data           3  car_light.o(.data.rgb_red)
    [Anonymous Symbol]                       0x20000010   Section        0  car_light.o(.data.rgb_red)
    rgb_user_define                          0x20000013   Data           3  car_light.o(.data.rgb_user_define)
    [Anonymous Symbol]                       0x20000013   Section        0  car_light.o(.data.rgb_user_define)
    rgb_white                                0x20000016   Data           3  car_light.o(.data.rgb_white)
    [Anonymous Symbol]                       0x20000016   Section        0  car_light.o(.data.rgb_white)
    rgb_yellow                               0x20000019   Data           3  car_light.o(.data.rgb_yellow)
    [Anonymous Symbol]                       0x20000019   Section        0  car_light.o(.data.rgb_yellow)
    EXTI4_15_IRQHandler.status               0x20000020   Data           1  gd32e23x_it.o(.bss.EXTI4_15_IRQHandler.status)
    [Anonymous Symbol]                       0x20000020   Section        0  gd32e23x_it.o(.bss.EXTI4_15_IRQHandler.status)
    count_1ms                                0x20000024   Data           4  hf_systick.o(.bss.count_1ms)
    [Anonymous Symbol]                       0x20000024   Section        0  hf_systick.o(.bss.count_1ms)
    count_1us                                0x20000028   Data           4  hf_systick.o(.bss.count_1us)
    [Anonymous Symbol]                       0x20000028   Section        0  hf_systick.o(.bss.count_1us)
    rgb_off                                  0x20000046   Data           3  car_light.o(.bss.rgb_off)
    [Anonymous Symbol]                       0x20000046   Section        0  car_light.o(.bss.rgb_off)
    STACK                                    0x20000050   Section     1024  startup_gd32e23x.o(STACK)

    Global Symbols

    Symbol Name                              Value     Ov Type        Size  Object(Section)

    BuildAttributes$$THM_ISAv3M$S$8M$PE$A:L22$X:L11$S22$IEEE1$IW$~IW$USESV6$~STKCKD$USESV7$~SHL$OTIME$ROPI$EBA8$MICROLIB$REQ8$PRES8$EABIv2 0x00000000   Number         0  anon$$obj.o ABSOLUTE
    __cpp_initialize__aeabi_                  - Undefined Weak Reference
    __cxa_finalize                            - Undefined Weak Reference
    __decompress                              - Undefined Weak Reference
    _clock_init                               - Undefined Weak Reference
    _microlib_exit                            - Undefined Weak Reference
    __Vectors_Size                           0x000000cc   Number         0  startup_gd32e23x.o ABSOLUTE
    __Vectors                                0x08000000   Data           4  startup_gd32e23x.o(RESET)
    __Vectors_End                            0x080000cc   Data           0  startup_gd32e23x.o(RESET)
    __main                                   0x080000cd   Thumb Code     0  entry.o(.ARM.Collect$$$$00000000)
    _main_stk                                0x080000cd   Thumb Code     0  entry2.o(.ARM.Collect$$$$00000001)
    _main_scatterload                        0x080000d1   Thumb Code     0  entry5.o(.ARM.Collect$$$$00000004)
    __main_after_scatterload                 0x080000d5   Thumb Code     0  entry5.o(.ARM.Collect$$$$00000004)
    _main_clock                              0x080000d5   Thumb Code     0  entry7b.o(.ARM.Collect$$$$00000008)
    _main_cpp_init                           0x080000d5   Thumb Code     0  entry8b.o(.ARM.Collect$$$$0000000A)
    _main_init                               0x080000d5   Thumb Code     0  entry9a.o(.ARM.Collect$$$$0000000B)
    __rt_final_cpp                           0x080000dd   Thumb Code     0  entry10a.o(.ARM.Collect$$$$0000000D)
    __rt_final_exit                          0x080000dd   Thumb Code     0  entry11a.o(.ARM.Collect$$$$0000000F)
    Reset_Handler                            0x080000e1   Thumb Code     8  startup_gd32e23x.o(.text)
    SysTick_Handler                          0x080000f1   Thumb Code     2  startup_gd32e23x.o(.text)
    ADC_CMP_IRQHandler                       0x080000f3   Thumb Code     0  startup_gd32e23x.o(.text)
    DMA_Channel0_IRQHandler                  0x080000f3   Thumb Code     0  startup_gd32e23x.o(.text)
    DMA_Channel1_2_IRQHandler                0x080000f3   Thumb Code     0  startup_gd32e23x.o(.text)
    DMA_Channel3_4_IRQHandler                0x080000f3   Thumb Code     0  startup_gd32e23x.o(.text)
    FMC_IRQHandler                           0x080000f3   Thumb Code     0  startup_gd32e23x.o(.text)
    I2C0_ER_IRQHandler                       0x080000f3   Thumb Code     0  startup_gd32e23x.o(.text)
    I2C1_ER_IRQHandler                       0x080000f3   Thumb Code     0  startup_gd32e23x.o(.text)
    LVD_IRQHandler                           0x080000f3   Thumb Code     0  startup_gd32e23x.o(.text)
    RCU_IRQHandler                           0x080000f3   Thumb Code     0  startup_gd32e23x.o(.text)
    RTC_IRQHandler                           0x080000f3   Thumb Code     0  startup_gd32e23x.o(.text)
    TIMER0_BRK_UP_TRG_COM_IRQHandler         0x080000f3   Thumb Code     0  startup_gd32e23x.o(.text)
    WWDGT_IRQHandler                         0x080000f3   Thumb Code     0  startup_gd32e23x.o(.text)
    __aeabi_fmul                             0x080000fd   Thumb Code   122  fmul.o(.text)
    __aeabi_fdiv                             0x08000177   Thumb Code   124  fdiv.o(.text)
    __aeabi_dadd                             0x080001f5   Thumb Code   328  dadd.o(.text)
    __aeabi_dsub                             0x0800033d   Thumb Code    12  dadd.o(.text)
    __aeabi_drsub                            0x08000349   Thumb Code    12  dadd.o(.text)
    __aeabi_dmul                             0x08000359   Thumb Code   202  dmul.o(.text)
    __aeabi_ddiv                             0x08000429   Thumb Code   234  ddiv.o(.text)
    __aeabi_i2f                              0x08000519   Thumb Code    22  fflti.o(.text)
    __aeabi_ui2f                             0x0800052f   Thumb Code    14  ffltui.o(.text)
    __aeabi_i2d                              0x0800053d   Thumb Code    34  dflti.o(.text)
    __aeabi_f2iz                             0x08000565   Thumb Code    50  ffixi.o(.text)
    __aeabi_f2uiz                            0x08000597   Thumb Code    40  ffixui.o(.text)
    __aeabi_d2iz                             0x080005c1   Thumb Code    62  dfixi.o(.text)
    __aeabi_f2d                              0x08000609   Thumb Code    40  f2d.o(.text)
    __aeabi_d2f                              0x08000631   Thumb Code    56  d2f.o(.text)
    __aeabi_llsl                             0x08000669   Thumb Code    32  llshl.o(.text)
    _ll_shift_l                              0x08000669   Thumb Code     0  llshl.o(.text)
    __aeabi_llsr                             0x08000689   Thumb Code    34  llushr.o(.text)
    _ll_ushift_r                             0x08000689   Thumb Code     0  llushr.o(.text)
    __aeabi_lasr                             0x080006ab   Thumb Code    38  llsshr.o(.text)
    _ll_sshift_r                             0x080006ab   Thumb Code     0  llsshr.o(.text)
    __I$use$fp                               0x080006d1   Thumb Code     0  iusefp.o(.text)
    _float_round                             0x080006d1   Thumb Code    16  fepilogue.o(.text)
    _float_epilogue                          0x080006e1   Thumb Code   114  fepilogue.o(.text)
    _double_round                            0x08000753   Thumb Code    26  depilogue.o(.text)
    _double_epilogue                         0x0800076d   Thumb Code   164  depilogue.o(.text)
    __scatterload                            0x08000811   Thumb Code    28  init.o(.text)
    __scatterload_rt2                        0x08000811   Thumb Code     0  init.o(.text)
    EXTI0_1_IRQHandler                       0x08000835   Thumb Code     2  gd32e23x_it.o(.text.EXTI0_1_IRQHandler)
    EXTI2_3_IRQHandler                       0x08000837   Thumb Code     2  gd32e23x_it.o(.text.EXTI2_3_IRQHandler)
    EXTI4_15_IRQHandler                      0x08000839   Thumb Code   136  gd32e23x_it.o(.text.EXTI4_15_IRQHandler)
    HardFault_Handler                        0x080008d1   Thumb Code     4  gd32e23x_it.o(.text.HardFault_Handler)
    I2C0_EV_IRQHandler                       0x080008d5   Thumb Code     2  gd32e23x_it.o(.text.I2C0_EV_IRQHandler)
    I2C1_EV_IRQHandler                       0x080008d7   Thumb Code     2  gd32e23x_it.o(.text.I2C1_EV_IRQHandler)
    NMI_Handler                              0x080008d9   Thumb Code     2  gd32e23x_it.o(.text.NMI_Handler)
    PendSV_Handler                           0x080008db   Thumb Code     2  gd32e23x_it.o(.text.PendSV_Handler)
    SPI0_IRQHandler                          0x080008dd   Thumb Code     2  gd32e23x_it.o(.text.SPI0_IRQHandler)
    SPI1_IRQHandler                          0x080008df   Thumb Code     2  gd32e23x_it.o(.text.SPI1_IRQHandler)
    SVC_Handler                              0x080008e1   Thumb Code     2  gd32e23x_it.o(.text.SVC_Handler)
    SystemInit                               0x080008e5   Thumb Code   136  system_gd32e23x.o(.text.SystemInit)
    TIMER0_Channel_IRQHandler                0x08000991   Thumb Code     2  gd32e23x_it.o(.text.TIMER0_Channel_IRQHandler)
    TIMER13_IRQHandler                       0x08000993   Thumb Code     2  gd32e23x_it.o(.text.TIMER13_IRQHandler)
    TIMER14_IRQHandler                       0x08000995   Thumb Code     2  gd32e23x_it.o(.text.TIMER14_IRQHandler)
    TIMER15_IRQHandler                       0x08000997   Thumb Code     2  gd32e23x_it.o(.text.TIMER15_IRQHandler)
    TIMER16_IRQHandler                       0x08000999   Thumb Code     2  gd32e23x_it.o(.text.TIMER16_IRQHandler)
    TIMER2_IRQHandler                        0x0800099b   Thumb Code     2  gd32e23x_it.o(.text.TIMER2_IRQHandler)
    TIMER5_IRQHandler                        0x0800099d   Thumb Code    20  gd32e23x_it.o(.text.TIMER5_IRQHandler)
    USART0_IRQHandler                        0x080009b9   Thumb Code     2  gd32e23x_it.o(.text.USART0_IRQHandler)
    USART1_IRQHandler                        0x080009bb   Thumb Code     2  gd32e23x_it.o(.text.USART1_IRQHandler)
    abs                                      0x08000a79   Thumb Code    32  main.o(.text.abs)
    adc_calibration_enable                   0x08000a99   Thumb Code    56  gd32e23x_adc.o(.text.adc_calibration_enable)
    adc_channel_init                         0x08000ad1   Thumb Code    16  car_adc.o(.text.adc_channel_init)
    adc_convert                              0x08000ae1   Thumb Code    52  hf_adc.o(.text.adc_convert)
    adc_data_alignment_config                0x08000b15   Thumb Code    44  gd32e23x_adc.o(.text.adc_data_alignment_config)
    adc_deinit                               0x08000b41   Thumb Code    24  gd32e23x_adc.o(.text.adc_deinit)
    adc_enable                               0x08000b5d   Thumb Code    24  gd32e23x_adc.o(.text.adc_enable)
    adc_external_trigger_config              0x08000b75   Thumb Code   124  gd32e23x_adc.o(.text.adc_external_trigger_config)
    adc_external_trigger_source_config       0x08000bf1   Thumb Code    80  gd32e23x_adc.o(.text.adc_external_trigger_source_config)
    adc_flag_clear                           0x08000c45   Thumb Code    20  gd32e23x_adc.o(.text.adc_flag_clear)
    adc_flag_get                             0x08000c59   Thumb Code    40  gd32e23x_adc.o(.text.adc_flag_get)
    adc_init                                 0x08000c85   Thumb Code   368  hf_adc.o(.text.adc_init)
    adc_mean_filter                          0x08000e05   Thumb Code   186  hf_adc.o(.text.adc_mean_filter)
    adc_regular_channel_config               0x08000ec1   Thumb Code   328  gd32e23x_adc.o(.text.adc_regular_channel_config)
    adc_regular_data_read                    0x0800101d   Thumb Code     8  gd32e23x_adc.o(.text.adc_regular_data_read)
    adc_software_trigger_enable              0x08001029   Thumb Code    60  gd32e23x_adc.o(.text.adc_software_trigger_enable)
    adc_special_function_config              0x08001065   Thumb Code   172  gd32e23x_adc.o(.text.adc_special_function_config)
    buzzer_init                              0x08001119   Thumb Code    36  car_buzzer.o(.text.buzzer_init)
    car_both_rgb_flash                       0x08001145   Thumb Code   640  car_light.o(.text.car_both_rgb_flash)
    car_both_rgb_off                         0x080013e5   Thumb Code    28  car_light.o(.text.car_both_rgb_off)
    car_init                                 0x08001405   Thumb Code   120  car_init.o(.text.car_init)
    delay_1ms                                0x08001481   Thumb Code   112  hf_systick.o(.text.delay_1ms)
    exti_init                                0x08001501   Thumb Code   208  gd32e23x_exti.o(.text.exti_init)
    exti_interrupt_enable                    0x080015dd   Thumb Code    20  gd32e23x_exti.o(.text.exti_interrupt_enable)
    exti_interrupt_flag_clear                0x080015f1   Thumb Code    16  gd32e23x_exti.o(.text.exti_interrupt_flag_clear)
    exti_interrupt_flag_get                  0x08001601   Thumb Code    60  gd32e23x_exti.o(.text.exti_interrupt_flag_get)
    gpio_af_set                              0x08001645   Thumb Code   192  gd32e23x_gpio.o(.text.gpio_af_set)
    gpio_bit_output                          0x08001705   Thumb Code    42  hf_gpio.o(.text.gpio_bit_output)
    gpio_bit_reset                           0x0800172f   Thumb Code    16  gd32e23x_gpio.o(.text.gpio_bit_reset)
    gpio_bit_set                             0x0800173f   Thumb Code    16  gd32e23x_gpio.o(.text.gpio_bit_set)
    gpio_init                                0x08001751   Thumb Code  1098  hf_gpio.o(.text.gpio_init)
    gpio_mode_set                            0x08001b9b   Thumb Code   142  gd32e23x_gpio.o(.text.gpio_mode_set)
    gpio_output_options_set                  0x08001c29   Thumb Code   138  gd32e23x_gpio.o(.text.gpio_output_options_set)
    int_init                                 0x08001cb3   Thumb Code     2  car_init.o(.text.int_init)
    key_init                                 0x08001cb5   Thumb Code   108  car_4keys.o(.text.key_init)
    l9110s_forward                           0x08001d21   Thumb Code    88  hf_l9110s_2.o(.text.l9110s_forward)
    l9110s_init                              0x08001d79   Thumb Code   156  hf_l9110s_2.o(.text.l9110s_init)
    main                                     0x08001e2d   Thumb Code   596  main.o(.text.main)
    nvic_irq_enable                          0x080020c5   Thumb Code    42  gd32e23x_misc.o(.text.nvic_irq_enable)
    nvic_vector_table_set                    0x080020f1   Thumb Code    24  gd32e23x_misc.o(.text.nvic_vector_table_set)
    pwm_duty                                 0x08002111   Thumb Code   172  hf_pwm.o(.text.pwm_duty)
    pwm_init                                 0x080021c5   Thumb Code   336  hf_pwm.o(.text.pwm_init)
    rcu_adc_clock_config                     0x08002345   Thumb Code   384  gd32e23x_rcu.o(.text.rcu_adc_clock_config)
    rcu_clock_freq_get                       0x080024d1   Thumb Code   724  gd32e23x_rcu.o(.text.rcu_clock_freq_get)
    rcu_periph_clock_enable                  0x080027c9   Thumb Code    36  gd32e23x_rcu.o(.text.rcu_periph_clock_enable)
    rcu_periph_reset_disable                 0x080027ed   Thumb Code    36  gd32e23x_rcu.o(.text.rcu_periph_reset_disable)
    rcu_periph_reset_enable                  0x08002811   Thumb Code    36  gd32e23x_rcu.o(.text.rcu_periph_reset_enable)
    reed_init                                0x08002835   Thumb Code    18  car_reed.o(.text.reed_init)
    syscfg_exti_line_config                  0x08002849   Thumb Code   164  gd32e23x_syscfg.o(.text.syscfg_exti_line_config)
    systick_clksource_set                    0x080029e9   Thumb Code    40  gd32e23x_misc.o(.text.systick_clksource_set)
    systick_config                           0x08002a15   Thumb Code    44  hf_systick.o(.text.systick_config)
    timer_auto_reload_shadow_enable          0x08002a55   Thumb Code    18  gd32e23x_timer.o(.text.timer_auto_reload_shadow_enable)
    timer_channel_output_config              0x08002a69   Thumb Code   740  gd32e23x_timer.o(.text.timer_channel_output_config)
    timer_channel_output_mode_config         0x08002d5d   Thumb Code   158  gd32e23x_timer.o(.text.timer_channel_output_mode_config)
    timer_channel_output_pulse_value_config  0x08002dfd   Thumb Code    82  gd32e23x_timer.o(.text.timer_channel_output_pulse_value_config)
    timer_channel_output_shadow_config       0x08002e51   Thumb Code   158  gd32e23x_timer.o(.text.timer_channel_output_shadow_config)
    timer_counter_read                       0x08002eef   Thumb Code    20  gd32e23x_timer.o(.text.timer_counter_read)
    timer_counter_value_config               0x08002f03   Thumb Code    18  gd32e23x_timer.o(.text.timer_counter_value_config)
    timer_deinit                             0x08002f15   Thumb Code   200  gd32e23x_timer.o(.text.timer_deinit)
    timer_disable                            0x08002ffd   Thumb Code    18  gd32e23x_timer.o(.text.timer_disable)
    timer_enable                             0x0800300f   Thumb Code    18  gd32e23x_timer.o(.text.timer_enable)
    timer_flag_clear                         0x08003021   Thumb Code    18  gd32e23x_timer.o(.text.timer_flag_clear)
    timer_flag_get                           0x08003033   Thumb Code    42  gd32e23x_timer.o(.text.timer_flag_get)
    timer_init                               0x0800305d   Thumb Code   228  gd32e23x_timer.o(.text.timer_init)
    timer_interrupt_enable                   0x08003159   Thumb Code    20  gd32e23x_timer.o(.text.timer_interrupt_enable)
    timer_interrupt_flag_clear               0x0800316d   Thumb Code    18  gd32e23x_timer.o(.text.timer_interrupt_flag_clear)
    timer_primary_output_config              0x0800317f   Thumb Code    48  gd32e23x_timer.o(.text.timer_primary_output_config)
    tm1637_init                              0x080031b1   Thumb Code    32  hf_tm1637.o(.text.tm1637_init)
    uart0_init                               0x080031d1   Thumb Code    38  car_uart.o(.text.uart0_init)
    uart_init                                0x080031f9   Thumb Code   436  hf_uart.o(.text.uart_init)
    ultra_init                               0x080033cd   Thumb Code   180  hf_hc-sr04.o(.text.ultra_init)
    usart_baudrate_set                       0x0800349d   Thumb Code   172  gd32e23x_usart.o(.text.usart_baudrate_set)
    usart_deinit                             0x0800354d   Thumb Code    68  gd32e23x_usart.o(.text.usart_deinit)
    usart_enable                             0x080035a1   Thumb Code    18  gd32e23x_usart.o(.text.usart_enable)
    usart_receive_config                     0x080035b3   Thumb Code    30  gd32e23x_usart.o(.text.usart_receive_config)
    usart_transmit_config                    0x080035d1   Thumb Code    30  gd32e23x_usart.o(.text.usart_transmit_config)
    ws2812b_init                             0x080035f1   Thumb Code    32  hf_ws2812b.o(.text.ws2812b_init)
    ws2812b_write                            0x08003615   Thumb Code   160  hf_ws2812b.o(.text.ws2812b_write)
    __ARM_clz                                0x080036bd   Thumb Code    46  depilogue.o(i.__ARM_clz)
    __scatterload_copy                       0x080036eb   Thumb Code    14  handlers.o(i.__scatterload_copy)
    __scatterload_null                       0x080036f9   Thumb Code     2  handlers.o(i.__scatterload_null)
    __scatterload_zeroinit                   0x080036fb   Thumb Code    14  handlers.o(i.__scatterload_zeroinit)
    Region$$Table$$Base                      0x08003708   Number         0  anon$$obj.o(Region$$Table)
    Region$$Table$$Limit                     0x08003728   Number         0  anon$$obj.o(Region$$Table)
    SystemCoreClock                          0x20000000   Data           4  system_gd32e23x.o(.data.SystemCoreClock)
    g_current_time_value                     0x2000002c   Data           4  hf_hc-sr04.o(.bss.g_current_time_value)
    g_flag_unhandler                         0x20000030   Data           1  hf_hc-sr04.o(.bss.g_flag_unhandler)
    g_overflow_times                         0x20000034   Data           4  hf_hc-sr04.o(.bss.g_overflow_times)
    g_reed_flag                              0x20000038   Data           1  car_reed.o(.bss.g_reed_flag)
    period                                   0x2000003a   Data          12  hf_pwm.o(.bss.period)
    __initial_sp                             0x20000450   Data           0  startup_gd32e23x.o(STACK)



==============================================================================

Memory Map of the image

  Image Entry point : 0x080000cd

  Load Region LR_IROM1 (Base: 0x08000000, Size: 0x00003748, Max: 0x00010000, ABSOLUTE)

    Execution Region ER_IROM1 (Exec base: 0x08000000, Load base: 0x08000000, Size: 0x00003728, Max: 0x00010000, ABSOLUTE)

    Exec Addr    Load Addr    Size         Type   Attr      Idx    E Section Name        Object

    0x08000000   0x08000000   0x000000cc   Data   RO          242    RESET               startup_gd32e23x.o
    0x080000cc   0x080000cc   0x00000000   Code   RO         1619  * .ARM.Collect$$$$00000000  mc_p.l(entry.o)
    0x080000cc   0x080000cc   0x00000004   Code   RO         1654    .ARM.Collect$$$$00000001  mc_p.l(entry2.o)
    0x080000d0   0x080000d0   0x00000004   Code   RO         1657    .ARM.Collect$$$$00000004  mc_p.l(entry5.o)
    0x080000d4   0x080000d4   0x00000000   Code   RO         1659    .ARM.Collect$$$$00000008  mc_p.l(entry7b.o)
    0x080000d4   0x080000d4   0x00000000   Code   RO         1661    .ARM.Collect$$$$0000000A  mc_p.l(entry8b.o)
    0x080000d4   0x080000d4   0x00000008   Code   RO         1662    .ARM.Collect$$$$0000000B  mc_p.l(entry9a.o)
    0x080000dc   0x080000dc   0x00000000   Code   RO         1664    .ARM.Collect$$$$0000000D  mc_p.l(entry10a.o)
    0x080000dc   0x080000dc   0x00000000   Code   RO         1666    .ARM.Collect$$$$0000000F  mc_p.l(entry11a.o)
    0x080000dc   0x080000dc   0x00000004   Code   RO         1655    .ARM.Collect$$$$00002712  mc_p.l(entry2.o)
    0x080000e0   0x080000e0   0x0000001c   Code   RO          243    .text               startup_gd32e23x.o
    0x080000fc   0x080000fc   0x0000007a   Code   RO         1624    .text               mf_p.l(fmul.o)
    0x08000176   0x08000176   0x0000007c   Code   RO         1626    .text               mf_p.l(fdiv.o)
    0x080001f2   0x080001f2   0x00000002   PAD
    0x080001f4   0x080001f4   0x00000164   Code   RO         1628    .text               mf_p.l(dadd.o)
    0x08000358   0x08000358   0x000000d0   Code   RO         1630    .text               mf_p.l(dmul.o)
    0x08000428   0x08000428   0x000000f0   Code   RO         1632    .text               mf_p.l(ddiv.o)
    0x08000518   0x08000518   0x00000016   Code   RO         1634    .text               mf_p.l(fflti.o)
    0x0800052e   0x0800052e   0x0000000e   Code   RO         1636    .text               mf_p.l(ffltui.o)
    0x0800053c   0x0800053c   0x00000028   Code   RO         1638    .text               mf_p.l(dflti.o)
    0x08000564   0x08000564   0x00000032   Code   RO         1642    .text               mf_p.l(ffixi.o)
    0x08000596   0x08000596   0x00000028   Code   RO         1644    .text               mf_p.l(ffixui.o)
    0x080005be   0x080005be   0x00000002   PAD
    0x080005c0   0x080005c0   0x00000048   Code   RO         1646    .text               mf_p.l(dfixi.o)
    0x08000608   0x08000608   0x00000028   Code   RO         1650    .text               mf_p.l(f2d.o)
    0x08000630   0x08000630   0x00000038   Code   RO         1652    .text               mf_p.l(d2f.o)
    0x08000668   0x08000668   0x00000020   Code   RO         1668    .text               mc_p.l(llshl.o)
    0x08000688   0x08000688   0x00000022   Code   RO         1670    .text               mc_p.l(llushr.o)
    0x080006aa   0x080006aa   0x00000026   Code   RO         1672    .text               mc_p.l(llsshr.o)
    0x080006d0   0x080006d0   0x00000000   Code   RO         1674    .text               mc_p.l(iusefp.o)
    0x080006d0   0x080006d0   0x00000082   Code   RO         1675    .text               mf_p.l(fepilogue.o)
    0x08000752   0x08000752   0x000000be   Code   RO         1677    .text               mf_p.l(depilogue.o)
    0x08000810   0x08000810   0x00000024   Code   RO         1681    .text               mc_p.l(init.o)
    0x08000834   0x08000834   0x00000002   Code   RO           10    .text.EXTI0_1_IRQHandler  gd32e23x_it.o
    0x08000836   0x08000836   0x00000002   Code   RO           12    .text.EXTI2_3_IRQHandler  gd32e23x_it.o
    0x08000838   0x08000838   0x00000098   Code   RO           14    .text.EXTI4_15_IRQHandler  gd32e23x_it.o
    0x080008d0   0x080008d0   0x00000004   Code   RO            4    .text.HardFault_Handler  gd32e23x_it.o
    0x080008d4   0x080008d4   0x00000002   Code   RO           30    .text.I2C0_EV_IRQHandler  gd32e23x_it.o
    0x080008d6   0x080008d6   0x00000002   Code   RO           32    .text.I2C1_EV_IRQHandler  gd32e23x_it.o
    0x080008d8   0x080008d8   0x00000002   Code   RO            2    .text.NMI_Handler   gd32e23x_it.o
    0x080008da   0x080008da   0x00000002   Code   RO            8    .text.PendSV_Handler  gd32e23x_it.o
    0x080008dc   0x080008dc   0x00000002   Code   RO           34    .text.SPI0_IRQHandler  gd32e23x_it.o
    0x080008de   0x080008de   0x00000002   Code   RO           36    .text.SPI1_IRQHandler  gd32e23x_it.o
    0x080008e0   0x080008e0   0x00000002   Code   RO            6    .text.SVC_Handler   gd32e23x_it.o
    0x080008e2   0x080008e2   0x00000002   PAD
    0x080008e4   0x080008e4   0x000000ac   Code   RO          224    .text.SystemInit    system_gd32e23x.o
    0x08000990   0x08000990   0x00000002   Code   RO           16    .text.TIMER0_Channel_IRQHandler  gd32e23x_it.o
    0x08000992   0x08000992   0x00000002   Code   RO           22    .text.TIMER13_IRQHandler  gd32e23x_it.o
    0x08000994   0x08000994   0x00000002   Code   RO           24    .text.TIMER14_IRQHandler  gd32e23x_it.o
    0x08000996   0x08000996   0x00000002   Code   RO           26    .text.TIMER15_IRQHandler  gd32e23x_it.o
    0x08000998   0x08000998   0x00000002   Code   RO           28    .text.TIMER16_IRQHandler  gd32e23x_it.o
    0x0800099a   0x0800099a   0x00000002   Code   RO           18    .text.TIMER2_IRQHandler  gd32e23x_it.o
    0x0800099c   0x0800099c   0x0000001c   Code   RO           20    .text.TIMER5_IRQHandler  gd32e23x_it.o
    0x080009b8   0x080009b8   0x00000002   Code   RO           38    .text.USART0_IRQHandler  gd32e23x_it.o
    0x080009ba   0x080009ba   0x00000002   Code   RO           40    .text.USART1_IRQHandler  gd32e23x_it.o
    0x080009bc   0x080009bc   0x00000034   Code   RO          955    .text.__NVIC_EnableIRQ  gd32e23x_misc.o
    0x080009f0   0x080009f0   0x00000088   Code   RO          953    .text.__NVIC_SetPriority  gd32e23x_misc.o
    0x08000a78   0x08000a78   0x00000020   Code   RO           50    .text.abs           main.o
    0x08000a98   0x08000a98   0x00000038   Code   RO          507    .text.adc_calibration_enable  gd32e23x_adc.o
    0x08000ad0   0x08000ad0   0x00000010   Code   RO          188    .text.adc_channel_init  car_adc.o
    0x08000ae0   0x08000ae0   0x00000034   Code   RO          252    .text.adc_convert   hf_adc.o
    0x08000b14   0x08000b14   0x0000002c   Code   RO          521    .text.adc_data_alignment_config  gd32e23x_adc.o
    0x08000b40   0x08000b40   0x0000001c   Code   RO          501    .text.adc_deinit    gd32e23x_adc.o
    0x08000b5c   0x08000b5c   0x00000018   Code   RO          503    .text.adc_enable    gd32e23x_adc.o
    0x08000b74   0x08000b74   0x0000007c   Code   RO          531    .text.adc_external_trigger_config  gd32e23x_adc.o
    0x08000bf0   0x08000bf0   0x00000054   Code   RO          533    .text.adc_external_trigger_source_config  gd32e23x_adc.o
    0x08000c44   0x08000c44   0x00000014   Code   RO          543    .text.adc_flag_clear  gd32e23x_adc.o
    0x08000c58   0x08000c58   0x0000002c   Code   RO          541    .text.adc_flag_get  gd32e23x_adc.o
    0x08000c84   0x08000c84   0x00000180   Code   RO          250    .text.adc_init      hf_adc.o
    0x08000e04   0x08000e04   0x000000ba   Code   RO          254    .text.adc_mean_filter  hf_adc.o
    0x08000ebe   0x08000ebe   0x00000002   PAD
    0x08000ec0   0x08000ec0   0x0000015c   Code   RO          525    .text.adc_regular_channel_config  gd32e23x_adc.o
    0x0800101c   0x0800101c   0x0000000c   Code   RO          537    .text.adc_regular_data_read  gd32e23x_adc.o
    0x08001028   0x08001028   0x0000003c   Code   RO          535    .text.adc_software_trigger_enable  gd32e23x_adc.o
    0x08001064   0x08001064   0x000000b4   Code   RO          519    .text.adc_special_function_config  gd32e23x_adc.o
    0x08001118   0x08001118   0x0000002c   Code   RO          164    .text.buzzer_init   car_buzzer.o
    0x08001144   0x08001144   0x000002a0   Code   RO          131    .text.car_both_rgb_flash  car_light.o
    0x080013e4   0x080013e4   0x00000020   Code   RO          127    .text.car_both_rgb_off  car_light.o
    0x08001404   0x08001404   0x0000007c   Code   RO           91    .text.car_init      car_init.o
    0x08001480   0x08001480   0x00000080   Code   RO          407    .text.delay_1ms     hf_systick.o
    0x08001500   0x08001500   0x000000dc   Code   RO          716    .text.exti_init     gd32e23x_exti.o
    0x080015dc   0x080015dc   0x00000014   Code   RO          718    .text.exti_interrupt_enable  gd32e23x_exti.o
    0x080015f0   0x080015f0   0x00000010   Code   RO          736    .text.exti_interrupt_flag_clear  gd32e23x_exti.o
    0x08001600   0x08001600   0x00000044   Code   RO          734    .text.exti_interrupt_flag_get  gd32e23x_exti.o
    0x08001644   0x08001644   0x000000c0   Code   RO          859    .text.gpio_af_set   gd32e23x_gpio.o
    0x08001704   0x08001704   0x0000002a   Code   RO          289    .text.gpio_bit_output  hf_gpio.o
    0x0800172e   0x0800172e   0x00000010   Code   RO          845    .text.gpio_bit_reset  gd32e23x_gpio.o
    0x0800173e   0x0800173e   0x00000010   Code   RO          843    .text.gpio_bit_set  gd32e23x_gpio.o
    0x0800174e   0x0800174e   0x00000002   PAD
    0x08001750   0x08001750   0x0000044a   Code   RO          287    .text.gpio_init     hf_gpio.o
    0x08001b9a   0x08001b9a   0x0000008e   Code   RO          839    .text.gpio_mode_set  gd32e23x_gpio.o
    0x08001c28   0x08001c28   0x0000008a   Code   RO          841    .text.gpio_output_options_set  gd32e23x_gpio.o
    0x08001cb2   0x08001cb2   0x00000002   Code   RO           93    .text.int_init      car_init.o
    0x08001cb4   0x08001cb4   0x0000006c   Code   RO          177    .text.key_init      car_4keys.o
    0x08001d20   0x08001d20   0x00000058   Code   RO          443    .text.l9110s_forward  hf_l9110s_2.o
    0x08001d78   0x08001d78   0x000000b4   Code   RO          441    .text.l9110s_init   hf_l9110s_2.o
    0x08001e2c   0x08001e2c   0x00000298   Code   RO           66    .text.main          main.o
    0x080020c4   0x080020c4   0x0000002a   Code   RO          951    .text.nvic_irq_enable  gd32e23x_misc.o
    0x080020ee   0x080020ee   0x00000002   PAD
    0x080020f0   0x080020f0   0x00000020   Code   RO          965    .text.nvic_vector_table_set  gd32e23x_misc.o
    0x08002110   0x08002110   0x000000b4   Code   RO          369    .text.pwm_duty      hf_pwm.o
    0x080021c4   0x080021c4   0x00000180   Code   RO          365    .text.pwm_init      hf_pwm.o
    0x08002344   0x08002344   0x0000018c   Code   RO         1041    .text.rcu_adc_clock_config  gd32e23x_rcu.o
    0x080024d0   0x080024d0   0x000002f8   Code   RO         1089    .text.rcu_clock_freq_get  gd32e23x_rcu.o
    0x080027c8   0x080027c8   0x00000024   Code   RO         1015    .text.rcu_periph_clock_enable  gd32e23x_rcu.o
    0x080027ec   0x080027ec   0x00000024   Code   RO         1025    .text.rcu_periph_reset_disable  gd32e23x_rcu.o
    0x08002810   0x08002810   0x00000024   Code   RO         1023    .text.rcu_periph_reset_enable  gd32e23x_rcu.o
    0x08002834   0x08002834   0x00000012   Code   RO          201    .text.reed_init     car_reed.o
    0x08002846   0x08002846   0x00000002   PAD
    0x08002848   0x08002848   0x000000b4   Code   RO         1274    .text.syscfg_exti_line_config  gd32e23x_syscfg.o
    0x080028fc   0x080028fc   0x000000e4   Code   RO          230    .text.system_clock_72m_hxtal  system_gd32e23x.o
    0x080029e0   0x080029e0   0x00000008   Code   RO          226    .text.system_clock_config  system_gd32e23x.o
    0x080029e8   0x080029e8   0x0000002c   Code   RO          971    .text.systick_clksource_set  gd32e23x_misc.o
    0x08002a14   0x08002a14   0x00000040   Code   RO          403    .text.systick_config  hf_systick.o
    0x08002a54   0x08002a54   0x00000012   Code   RO         1301    .text.timer_auto_reload_shadow_enable  gd32e23x_timer.o
    0x08002a66   0x08002a66   0x00000002   PAD
    0x08002a68   0x08002a68   0x000002f4   Code   RO         1375    .text.timer_channel_output_config  gd32e23x_timer.o
    0x08002d5c   0x08002d5c   0x0000009e   Code   RO         1377    .text.timer_channel_output_mode_config  gd32e23x_timer.o
    0x08002dfa   0x08002dfa   0x00000002   PAD
    0x08002dfc   0x08002dfc   0x00000052   Code   RO         1379    .text.timer_channel_output_pulse_value_config  gd32e23x_timer.o
    0x08002e4e   0x08002e4e   0x00000002   PAD
    0x08002e50   0x08002e50   0x0000009e   Code   RO         1381    .text.timer_channel_output_shadow_config  gd32e23x_timer.o
    0x08002eee   0x08002eee   0x00000014   Code   RO         1323    .text.timer_counter_read  gd32e23x_timer.o
    0x08002f02   0x08002f02   0x00000012   Code   RO         1321    .text.timer_counter_value_config  gd32e23x_timer.o
    0x08002f14   0x08002f14   0x000000e8   Code   RO         1291    .text.timer_deinit  gd32e23x_timer.o
    0x08002ffc   0x08002ffc   0x00000012   Code   RO         1299    .text.timer_disable  gd32e23x_timer.o
    0x0800300e   0x0800300e   0x00000012   Code   RO         1297    .text.timer_enable  gd32e23x_timer.o
    0x08003020   0x08003020   0x00000012   Code   RO         1343    .text.timer_flag_clear  gd32e23x_timer.o
    0x08003032   0x08003032   0x0000002a   Code   RO         1341    .text.timer_flag_get  gd32e23x_timer.o
    0x0800305c   0x0800305c   0x000000fc   Code   RO         1295    .text.timer_init    gd32e23x_timer.o
    0x08003158   0x08003158   0x00000014   Code   RO         1333    .text.timer_interrupt_enable  gd32e23x_timer.o
    0x0800316c   0x0800316c   0x00000012   Code   RO         1339    .text.timer_interrupt_flag_clear  gd32e23x_timer.o
    0x0800317e   0x0800317e   0x00000030   Code   RO         1367    .text.timer_primary_output_config  gd32e23x_timer.o
    0x080031ae   0x080031ae   0x00000002   PAD
    0x080031b0   0x080031b0   0x00000020   Code   RO          479    .text.tm1637_init   hf_tm1637.o
    0x080031d0   0x080031d0   0x00000026   Code   RO          149    .text.uart0_init    car_uart.o
    0x080031f6   0x080031f6   0x00000002   PAD
    0x080031f8   0x080031f8   0x000001d4   Code   RO          418    .text.uart_init     hf_uart.o
    0x080033cc   0x080033cc   0x000000d0   Code   RO          465    .text.ultra_init    hf_hc-sr04.o
    0x0800349c   0x0800349c   0x000000b0   Code   RO         1446    .text.usart_baudrate_set  gd32e23x_usart.o
    0x0800354c   0x0800354c   0x00000054   Code   RO         1444    .text.usart_deinit  gd32e23x_usart.o
    0x080035a0   0x080035a0   0x00000012   Code   RO         1454    .text.usart_enable  gd32e23x_usart.o
    0x080035b2   0x080035b2   0x0000001e   Code   RO         1460    .text.usart_receive_config  gd32e23x_usart.o
    0x080035d0   0x080035d0   0x0000001e   Code   RO         1458    .text.usart_transmit_config  gd32e23x_usart.o
    0x080035ee   0x080035ee   0x00000002   PAD
    0x080035f0   0x080035f0   0x00000024   Code   RO          454    .text.ws2812b_init  hf_ws2812b.o
    0x08003614   0x08003614   0x000000a8   Code   RO          456    .text.ws2812b_write  hf_ws2812b.o
    0x080036bc   0x080036bc   0x0000002e   Code   RO         1679    i.__ARM_clz         mf_p.l(depilogue.o)
    0x080036ea   0x080036ea   0x0000000e   Code   RO         1685    i.__scatterload_copy  mc_p.l(handlers.o)
    0x080036f8   0x080036f8   0x00000002   Code   RO         1686    i.__scatterload_null  mc_p.l(handlers.o)
    0x080036fa   0x080036fa   0x0000000e   Code   RO         1687    i.__scatterload_zeroinit  mc_p.l(handlers.o)
    0x08003708   0x08003708   0x00000020   Data   RO         1684    Region$$Table       anon$$obj.o


    Execution Region RW_IRAM1 (Exec base: 0x20000000, Load base: 0x08003728, Size: 0x00000450, Max: 0x00002000, ABSOLUTE)

    Exec Addr    Load Addr    Size         Type   Attr      Idx    E Section Name        Object

    0x20000000   0x08003728   0x00000004   Data   RW          232    .data.SystemCoreClock  system_gd32e23x.o
    0x20000004   0x0800372c   0x00000003   Data   RW          136    .data.rgb_blue      car_light.o
    0x20000007   0x0800372f   0x00000003   Data   RW          138    .data.rgb_cyan      car_light.o
    0x2000000a   0x08003732   0x00000003   Data   RW          137    .data.rgb_green     car_light.o
    0x2000000d   0x08003735   0x00000003   Data   RW          139    .data.rgb_purple    car_light.o
    0x20000010   0x08003738   0x00000003   Data   RW          133    .data.rgb_red       car_light.o
    0x20000013   0x0800373b   0x00000003   Data   RW          140    .data.rgb_user_define  car_light.o
    0x20000016   0x0800373e   0x00000003   Data   RW          135    .data.rgb_white     car_light.o
    0x20000019   0x08003741   0x00000003   Data   RW          134    .data.rgb_yellow    car_light.o
    0x2000001c   0x08003744   0x00000004   PAD
    0x20000020        -       0x00000001   Zero   RW           42    .bss.EXTI4_15_IRQHandler.status  gd32e23x_it.o
    0x20000021   0x08003744   0x00000003   PAD
    0x20000024        -       0x00000004   Zero   RW          410    .bss.count_1ms      hf_systick.o
    0x20000028        -       0x00000004   Zero   RW          409    .bss.count_1us      hf_systick.o
    0x2000002c        -       0x00000004   Zero   RW          470    .bss.g_current_time_value  hf_hc-sr04.o
    0x20000030        -       0x00000001   Zero   RW          471    .bss.g_flag_unhandler  hf_hc-sr04.o
    0x20000031   0x08003744   0x00000003   PAD
    0x20000034        -       0x00000004   Zero   RW          469    .bss.g_overflow_times  hf_hc-sr04.o
    0x20000038        -       0x00000001   Zero   RW          205    .bss.g_reed_flag    car_reed.o
    0x20000039   0x08003744   0x00000001   PAD
    0x2000003a        -       0x0000000c   Zero   RW          373    .bss.period         hf_pwm.o
    0x20000046        -       0x00000003   Zero   RW          141    .bss.rgb_off        car_light.o
    0x20000049   0x08003744   0x00000007   PAD
    0x20000050        -       0x00000400   Zero   RW          240    STACK               startup_gd32e23x.o


==============================================================================

Image component sizes


      Code (inc. data)   RO Data    RW Data    ZI Data      Debug   Object Name

       108          0          0          0          0       1462   car_4keys.o
        16          0          0          0          0       1167   car_adc.o
        44          8          0          0          0       1312   car_buzzer.o
       126          4          0          0          0        754   car_init.o
       704         36          0         24          3       3722   car_light.o
        18          0          0          0          1       1208   car_reed.o
        38          0          0          0          0        998   car_uart.o
      1024         44          0          0          0       7695   gd32e23x_adc.o
       324         20          0          0          0       3237   gd32e23x_exti.o
       504          0          0          0          0       4230   gd32e23x_gpio.o
       218         24          0          0          1       2850   gd32e23x_it.o
       306         24          0          0          0       3907   gd32e23x_misc.o
      1264         48          0          0          0      11328   gd32e23x_rcu.o
       180         16          0          0          0       2758   gd32e23x_syscfg.o
      1876         72          0          0          0      16895   gd32e23x_timer.o
       338         20          0          0          0      14098   gd32e23x_usart.o
       622         16          0          0          0       2402   hf_adc.o
      1140         28          0          0          0       3494   hf_gpio.o
       208         28          0          0          9       3709   hf_hc-sr04.o
       268         24          0          0          0       1634   hf_l9110s_2.o
       564         56          0          0         12       2962   hf_pwm.o
       192         36          0          0          8       1374   hf_systick.o
        32          0          0          0          0       2086   hf_tm1637.o
       468         32          0          0          0       4028   hf_uart.o
       204         12          0          0          0       1544   hf_ws2812b.o
       696         68          0          0          0       2581   main.o
        28          8        204          0       1024        724   startup_gd32e23x.o
       408         56          0          4          0       1844   system_gd32e23x.o

    ----------------------------------------------------------------------
     11940        680        236         28       1076     106003   Object Totals
         0          0         32          0          0          0   (incl. Generated)
        22          0          0          0         18          0   (incl. Padding)

    ----------------------------------------------------------------------

      Code (inc. data)   RO Data    RW Data    ZI Data      Debug   Library Member Name

         0          0          0          0          0          0   entry.o
         0          0          0          0          0          0   entry10a.o
         0          0          0          0          0          0   entry11a.o
         8          4          0          0          0          0   entry2.o
         4          0          0          0          0          0   entry5.o
         0          0          0          0          0          0   entry7b.o
         0          0          0          0          0          0   entry8b.o
         8          4          0          0          0          0   entry9a.o
        30          0          0          0          0          0   handlers.o
        36          8          0          0          0         68   init.o
         0          0          0          0          0          0   iusefp.o
        32          0          0          0          0         68   llshl.o
        38          0          0          0          0         68   llsshr.o
        34          0          0          0          0         68   llushr.o
        56          0          0          0          0         68   d2f.o
       356          4          0          0          0        140   dadd.o
       240          6          0          0          0         84   ddiv.o
       236          0          0          0          0        216   depilogue.o
        72         10          0          0          0         72   dfixi.o
        40          6          0          0          0         68   dflti.o
       208          6          0          0          0         88   dmul.o
        40          0          0          0          0         60   f2d.o
       124          0          0          0          0         72   fdiv.o
       130          0          0          0          0        144   fepilogue.o
        50          0          0          0          0         60   ffixi.o
        40          0          0          0          0         60   ffixui.o
        22          0          0          0          0         68   fflti.o
        14          0          0          0          0         68   ffltui.o
       122          0          0          0          0         72   fmul.o

    ----------------------------------------------------------------------
      1944         48          0          0          0       1612   Library Totals
         4          0          0          0          0          0   (incl. Padding)

    ----------------------------------------------------------------------

      Code (inc. data)   RO Data    RW Data    ZI Data      Debug   Library Name

       190         16          0          0          0        272   mc_p.l
      1750         32          0          0          0       1340   mf_p.l

    ----------------------------------------------------------------------
      1944         48          0          0          0       1612   Library Totals

    ----------------------------------------------------------------------

==============================================================================


      Code (inc. data)   RO Data    RW Data    ZI Data      Debug   

     13884        728        236         28       1076     106499   Grand Totals
     13884        728        236         28       1076     106499   ELF Image Totals
     13884        728        236         28          0          0   ROM Totals

==============================================================================

    Total RO  Size (Code + RO Data)                14120 (  13.79kB)
    Total RW  Size (RW Data + ZI Data)              1104 (   1.08kB)
    Total ROM Size (Code + RO Data + RW Data)      14148 (  13.82kB)

==============================================================================

