<html>
<body>
<pre>
<h1>礦ision Build Log</h1>
<h2>Tool Versions:</h2>
IDE-Version: μVision V5.36.0.0
Copyright (C) 2021 ARM Ltd and ARM Germany GmbH. All rights reserved.
License Information: ll 3534394720@qq.com, ll, LIC=----
 
Tool Versions:
Toolchain:       MDK-Lite  Version: 5.36.0.0
Toolchain Path:  D:\keli2\ARM\ARMCLANG\Bin
C Compiler:      ArmClang.exe V6.16
Assembler:       Armasm.exe V6.16
Linker/Locator:  ArmLink.exe V6.16
Library Manager: ArmAr.exe V6.16
Hex Converter:   FromElf.exe V6.16
CPU DLL:         
Dialog DLL:      
Target DLL:      CMSIS_AGDI_V8M.DLL V1.7.0.0
Dialog DLL:      TCM.DLL V1.53.0.0
 
<h2>Project:</h2>
C:\Users\35343\Desktop\3.GD32E230小车资料\5.Demo\01-Car_motion\MDK\Project.uvprojx
Project File Date:  07/08/2022

<h2>Output:</h2>
*** Using Compiler 'V6.16', folder: 'D:\keli2\ARM\ARMCLANG\Bin'
Rebuild target 'GD32E23x'
compiling car_4keys.c...
compiling board.c...
compiling gd32e23x_it.c...
compiling main.c...
assembling startup_gd32e23x.s...
compiling car_init.c...
compiling car_value_process.c...
compiling car_adc.c...
compiling system_gd32e23x.c...
compiling hf_adc.c...
compiling car_buzzer.c...
compiling car_uart.c...
compiling car_reed.c...
compiling car_motion.c...
compiling car_light.c...
compiling hf_exti.c...
compiling hf_flash.c...
compiling hf_i2c_software.c...
compiling hf_gpio.c...
compiling hf_i2c_hardware.c...
compiling hf_pit.c...
compiling hf_pwm.c...
compiling hf_qtimer.c...
compiling hf_systick.c...
compiling hf_uart.c...
compiling hf_spi.c...
compiling HF_L9110S_2.c...
compiling HF_WS2812b.c...
compiling HF_HC-SR04.c...
compiling HF_TM1637.c...
compiling gd32e23x_dbg.c...
compiling gd32e23x_adc.c...
compiling gd32e23x_cmp.c...
compiling gd32e23x_crc.c...
compiling gd32e23x_dma.c...
compiling gd32e23x_fmc.c...
compiling gd32e23x_exti.c...
compiling gd32e23x_fwdgt.c...
compiling gd32e23x_gpio.c...
compiling gd32e23x_i2c.c...
compiling gd32e23x_misc.c...
compiling gd32e23x_pmu.c...
compiling gd32e23x_syscfg.c...
compiling gd32e23x_spi.c...
compiling gd32e23x_rcu.c...
compiling gd32e23x_rtc.c...
compiling gd32e23x_wwdgt.c...
compiling gd32e23x_usart.c...
compiling gd32e23x_timer.c...
linking...
Program Size: Code=13884 RO-data=236 RW-data=28 ZI-data=1076  
FromELF: creating hex file...
".\output\Project.axf" - 0 Error(s), 0 Warning(s).

<h2>Software Packages used:</h2>

Package Vendor: ARM
                http://www.keil.com/pack/ARM.CMSIS.5.8.0.pack
                ARM.CMSIS.5.8.0
                CMSIS (Common Microcontroller Software Interface Standard)
   * Component: CORE Version: 5.5.0

Package Vendor: GigaDevice
                http://gd32mcu.21ic.com/data/documents/yingyongruanjian/GigaDevice.GD32E23x_DFP.1.0.0.pack
                GigaDevice.GD32E23x_DFP.1.0.0
                GigaDevice GD32E23x Series Device Support and Examples

<h2>Collection of Component include folders:</h2>
  .\RTE\_GD32E23x
  D:\keli2\packs\ARM\CMSIS\5.8.0\CMSIS\Core\Include
  D:\keli2\packs\GigaDevice\GD32E23x_DFP\1.0.0\Device\Include

<h2>Collection of Component Files used:</h2>

   * Component: ARM::CMSIS:CORE:5.5.0
Build Time Elapsed:  00:00:03
</pre>
</body>
</html>
